问题4演练：等待接口开放（最长30秒）；请勿切换会话。
已确认演练，机器狗开始自动执行。
[strategy] Q1 v4 算法源 = inline: problem1_v4_inline.py
PRACTICE_ONLY 4 None FastP4_grid49
{"action": 1, "path": "/enter", "virtual_time_s": 0, "result": null}
{"action": 100, "path": "/measure", "virtual_time_s": 1153, "result": null}
{"action": 200, "path": "/measure", "virtual_time_s": 2453, "result": null}
{"action": 300, "path": "/measure", "virtual_time_s": 3893, "result": null}
{"action": 400, "path": "/measure", "virtual_time_s": 5193, "result": null}
{"action": 500, "path": "/measure", "virtual_time_s": 6633, "result": null}
{"action": 600, "path": "/measure", "virtual_time_s": 8213, "result": null}
{"action": 700, "path": "/measure", "virtual_time_s": 10073, "result": null}
{"action": 755, "path": "/clear", "virtual_time_s": 12053.896642, "result": "success"}
{"action": 756, "path": "/clear", "virtual_time_s": 12082.944355, "result": "success"}
{"action": 757, "path": "/clear", "virtual_time_s": 12122.854099, "result": "success"}
{"action": 772, "path": "/clear", "virtual_time_s": 14153.503374, "result": "success"}
{"action": 773, "path": "/clear", "virtual_time_s": 14469.409018, "result": "success"}
{"action": 774, "path": "/clear", "virtual_time_s": 14498.931051, "result": "success"}
{"action": 775, "path": "/clear", "virtual_time_s": 14672.737409, "result": "success"}
{"action": 776, "path": "/clear", "virtual_time_s": 15023.362435, "result": "success"}
{"action": 777, "path": "/clear", "virtual_time_s": 15193.277097, "result": "success"}
{"action": 778, "path": "/clear", "virtual_time_s": 15360.134203, "result": "success"}
{"action": 779, "path": "/clear", "virtual_time_s": 15536.837654, "result": "success"}
{
  "cleared": 11,
  "virtual_time_s": 15536.837654,
  "avg_time_per_cleared": 1412.4397867272728,
  "measure_count": 767,
  "clear_count": 11,
  "clear_fail_count": 0,
  "stop_reason": "all_channels_cleared_or_covered",
  "coverage_complete": true,
  "cleared_channels": [
    1,
    3,
    6,
    10,
    11,
    12,
    13,
    14,
    15,
    16,
    17
  ],
  "absent_channels": [
    2,
    4,
    5,
    7,
    8,
    9,
    18,
    19,
    20
  ],
  "runtime_s": 9.123183499999868,
  "time_breakdown": {
    "move_time_s": 10893.83765446217,
    "switch_time_s": 753.0,
    "measure_time_s": 3835.0,
    "clear_time_s": 55.0
  },
  "mode": "practice",
  "problem": 4,
  "case": "JAF7-HR3S-3P3G-9V8W",
  "strategy": "FastP4_grid49",
  "distance_m": 54469.18827231085,
  "simulator_summary": {
    "problem_no": 4,
    "case_code": "JAF7-HR3S-3P3G-9V8W",
    "end_reason": "user_exit",
    "cleared_jammer_count": 11,
    "jammer_count": 11,
    "measure_accepted_count": 767,
    "virtual_time_us": 15536837654,
    "clear_failure_count": 0
  },
  "actual_problem": 4
}
RUN_FOLDER C:\Users\LENOVO\Desktop\CUMCM2026Problems\解题库\演练调试\results\20260913_050507_986545_p4_FastP4_grid49

本局结束：清除11个；虚拟耗时15536.84秒。
模拟器确认：11/11。
完整结果：C:\Users\LENOVO\Desktop\CUMCM2026Problems\解题库\演练调试\results\20260913_050507_986545_p4_FastP4_grid49
