问题3演练：等待接口开放（最长30秒）；请勿切换会话。
已确认演练，机器狗开始自动执行。
[strategy] Q1 v4 算法源 = inline: problem1_v4_inline.py
PRACTICE_ONLY 3 None OpticalTaskP3
{"action": 1, "path": "/enter", "virtual_time_s": 0, "result": null}
{"action": 41, "path": "/clear", "virtual_time_s": 563.619835, "result": "no_target_in_range"}
{"action": 42, "path": "/clear", "virtual_time_s": 572.817787, "result": "no_target_in_range"}
{"action": 43, "path": "/clear", "virtual_time_s": 582.015739, "result": "no_target_in_range"}
{"action": 44, "path": "/clear", "virtual_time_s": 591.213691, "result": "no_target_in_range"}
{"action": 45, "path": "/clear", "virtual_time_s": 602.411643, "result": "success"}
{"action": 48, "path": "/clear", "virtual_time_s": 748.681799, "result": "success"}
{"action": 61, "path": "/clear", "virtual_time_s": 976.36684, "result": "success"}
{"action": 75, "path": "/clear", "virtual_time_s": 1212.134771, "result": "success"}
{"action": 78, "path": "/clear", "virtual_time_s": 1299.513387, "result": "success"}
{"action": 93, "path": "/clear", "virtual_time_s": 1487.143998, "result": "success"}
{"action": 95, "path": "/clear", "virtual_time_s": 1603.026336, "result": "no_target_in_range"}
{"action": 96, "path": "/clear", "virtual_time_s": 1613.446659, "result": "success"}
{"action": 100, "path": "/measure", "virtual_time_s": 1637.446659, "result": null}
{"action": 108, "path": "/clear", "virtual_time_s": 1900.577718, "result": "success"}
{"action": 110, "path": "/clear", "virtual_time_s": 2064.542518, "result": "no_target_in_range"}
{"action": 111, "path": "/clear", "virtual_time_s": 2074.452688, "result": "success"}
{"action": 124, "path": "/clear", "virtual_time_s": 2320.161098, "result": "no_target_in_range"}
{"action": 125, "path": "/clear", "virtual_time_s": 2331.304217, "result": "success"}
{"action": 127, "path": "/clear", "virtual_time_s": 2359.560137, "result": "success"}
{"action": 139, "path": "/clear", "virtual_time_s": 2769.433664, "result": "success"}
{"action": 150, "path": "/clear", "virtual_time_s": 3013.984144, "result": "no_target_in_range"}
{"action": 151, "path": "/clear", "virtual_time_s": 3023.046696, "result": "no_target_in_range"}
{"action": 152, "path": "/clear", "virtual_time_s": 3032.109248, "result": "no_target_in_range"}
{"action": 153, "path": "/clear", "virtual_time_s": 3043.1718, "result": "success"}
{
  "cleared": 13,
  "virtual_time_s": 3218.167086,
  "avg_time_per_cleared": 247.5513143076923,
  "measure_count": 143,
  "clear_count": 23,
  "clear_fail_count": 10,
  "stop_reason": "all_channels_cleared_or_covered",
  "coverage_complete": true,
  "cleared_channels": [
    1,
    2,
    4,
    5,
    6,
    7,
    8,
    10,
    11,
    12,
    14,
    16,
    20
  ],
  "absent_channels": [
    3,
    9,
    13,
    15,
    17,
    18,
    19
  ],
  "runtime_s": 3.151532399999269,
  "time_breakdown": {
    "move_time_s": 2269.1670845691356,
    "switch_time_s": 139.0,
    "measure_time_s": 715.0,
    "clear_time_s": 95.0
  },
  "mode": "practice",
  "problem": 3,
  "case": "SVSY-F55G-TB4D-63G5",
  "strategy": "OpticalTaskP3",
  "distance_m": 11345.835422845677,
  "policy_diagnostics": {
    "mask_cache_hits": 8350,
    "mask_cache_misses": 352,
    "coverage_certificate_method": "outer-target128 covered by union of inner-exclusion128, 0.01m margins",
    "coverage_certificates": {},
    "residual_updates": 33,
    "residual_method": "whole 60m cells disjoint from outward-guarded polygon difference",
    "residual_cache_hits": 37,
    "residual_certificates": {
      "3": [
        [
          0.0,
          0.0
        ],
        [
          -882.9123571722522,
          -390.5865764740912
        ],
        [
          -1161.3988748165089,
          -198.8609908305539
        ],
        [
          -813.2858782036396,
          -867.0427649253063
        ],
        [
          329.4455299976686,
          -1213.7520058843818
        ],
        [
          1050.8525911272113,
          -1364.2657652463347
        ],
        [
          1063.8049350685535,
          69.95880179031644
        ],
        [
          697.4425471372705,
          760.9449107822244
        ],
        [
          180.1493071037283,
          1601.105702763506
        ],
        [
          -597.3433937567855,
          1571.9191045073449
        ],
        [
          -936.3996671130622,
          1268.530915535534
        ]
      ],
      "9": [
        [
          0.0,
          0.0
        ],
        [
          -882.9123571722522,
          -390.5865764740912
        ],
        [
          -1161.3988748165089,
          -198.8609908305539
        ],
        [
          -813.2858782036396,
          -867.0427649253063
        ],
        [
          329.4455299976686,
          -1213.7520058843818
        ],
        [
          1050.8525911272113,
          -1364.2657652463347
        ],
        [
          1063.8049350685535,
          69.95880179031644
        ],
        [
          697.4425471372705,
          760.9449107822244
        ],
        [
          180.1493071037283,
          1601.105702763506
        ],
        [
          -597.3433937567855,
          1571.9191045073449
        ],
        [
          -936.3996671130622,
          1268.530915535534
        ]
      ],
      "13": [
        [
          0.0,
          0.0
        ],
        [
          -882.9123571722522,
          -390.5865764740912
        ],
        [
          -1161.3988748165089,
          -198.8609908305539
        ],
        [
          -813.2858782036396,
          -867.0427649253063
        ],
        [
          329.4455299976686,
          -1213.7520058843818
        ],
        [
          1050.8525911272113,
          -1364.2657652463347
        ],
        [
          1063.8049350685535,
          69.95880179031644
        ],
        [
          697.4425471372705,
          760.9449107822244
        ],
        [
          180.1493071037283,
          1601.105702763506
        ],
        [
          -597.3433937567855,
          1571.9191045073449
        ],
        [
          -936.3996671130622,
          1268.530915535534
        ]
      ],
      "15": [
        [
          0.0,
          0.0
        ],
        [
          -882.9123571722522,
          -390.5865764740912
        ],
        [
          -1161.3988748165089,
          -198.8609908305539
        ],
        [
          -813.2858782036396,
          -867.0427649253063
        ],
        [
          329.4455299976686,
          -1213.7520058843818
        ],
        [
          1050.8525911272113,
          -1364.2657652463347
        ],
        [
          1063.8049350685535,
          69.95880179031644
        ],
        [
          697.4425471372705,
          760.9449107822244
        ],
        [
          180.1493071037283,
          1601.105702763506
        ],
        [
          -597.3433937567855,
          1571.9191045073449
        ],
        [
          -936.3996671130622,
          1268.530915535534
        ]
      ],
      "17": [
        [
          0.0,
          0.0
        ],
        [
          -882.9123571722522,
          -390.5865764740912
        ],
        [
          -1161.3988748165089,
          -198.8609908305539
        ],
        [
          -813.2858782036396,
          -867.0427649253063
        ],
        [
          329.4455299976686,
          -1213.7520058843818
        ],
        [
          1050.8525911272113,
          -1364.2657652463347
        ],
        [
          1063.8049350685535,
          69.95880179031644
        ],
        [
          697.4425471372705,
          760.9449107822244
        ],
        [
          180.1493071037283,
          1601.105702763506
        ],
        [
          -597.3433937567855,
          1571.9191045073449
        ],
        [
          -936.3996671130622,
          1268.530915535534
        ]
      ],
      "18": [
        [
          0.0,
          0.0
        ],
        [
          -882.9123571722522,
          -390.5865764740912
        ],
        [
          -1161.3988748165089,
          -198.8609908305539
        ],
        [
          -813.2858782036396,
          -867.0427649253063
        ],
        [
          329.4455299976686,
          -1213.7520058843818
        ],
        [
          1050.8525911272113,
          -1364.2657652463347
        ],
        [
          1063.8049350685535,
          69.95880179031644
        ],
        [
          697.4425471372705,
          760.9449107822244
        ],
        [
          180.1493071037283,
          1601.105702763506
        ],
        [
          -597.3433937567855,
          1571.9191045073449
        ],
        [
          -936.3996671130622,
          1268.530915535534
        ]
      ],
      "19": [
        [
          0.0,
          0.0
        ],
        [
          -882.9123571722522,
          -390.5865764740912
        ],
        [
          -1161.3988748165089,
          -198.8609908305539
        ],
        [
          -813.2858782036396,
          -867.0427649253063
        ],
        [
          329.4455299976686,
          -1213.7520058843818
        ],
        [
          1050.8525911272113,
          -1364.2657652463347
        ],
        [
          1063.8049350685535,
          69.95880179031644
        ],
        [
          697.4425471372705,
          760.9449107822244
        ],
        [
          180.1493071037283,
          1601.105702763506
        ],
        [
          -597.3433937567855,
          1571.9191045073449
        ],
        [
          -936.3996671130622,
          1268.530915535534
        ]
      ]
    },
    "probe_plans": [
      {
        "ch": 11,
        "old": [
          -1325.4321750287636,
          -643.9168170776163
        ],
        "chosen": [
          -1211.5496323127768,
          -553.1379877895372
        ],
        "predicted_old_s": 143.16102650383604,
        "predicted_new_s": 128.80846269399697
      },
      {
        "ch": 7,
        "old": [
          1451.190032933133,
          401.5199363529341
        ],
        "chosen": [
          1345.4146133654838,
          347.7434141520251
        ],
        "predicted_old_s": 146.64492660961378,
        "predicted_new_s": 136.3693192959048
      },
      {
        "ch": 20,
        "old": [
          516.7882935481562,
          1237.7719660760279
        ],
        "chosen": [
          412.2276029409514,
          1027.9300311709476
        ],
        "predicted_old_s": 192.6604093272106,
        "predicted_new_s": 192.624862018917
      },
      {
        "ch": 10,
        "old": [
          -323.6683997107277,
          1679.6405249777497
        ],
        "chosen": [
          -294.99473284499015,
          1630.8216285605702
        ],
        "predicted_old_s": 168.28828238941662,
        "predicted_new_s": 164.87438425747678
      }
    ],
    "cardinality_certificates": [],
    "optical_plans": [
      {
        "ch": 11,
        "points": [
          [
            -1510.5031895497539,
            -618.471373003129
          ],
          [
            -1540.9475752040835,
            -624.2596781884941
          ],
          [
            -1571.3919608584133,
            -630.0479833738593
          ],
          [
            -1601.8363465127434,
            -635.8362885592245
          ],
          [
            -1632.2807321670732,
            -641.6245937445897
          ],
          [
            -1662.725117821403,
            -647.4128989299548
          ]
        ],
        "expected_s": 94.79336326858912,
        "half_width": 8.34470378342266,
        "half_length": 18.16496679784831,
        "axial_bounds": [
          -1772.5532500814977,
          -1581.2745269787117
        ],
        "radius_guard": 19.99,
        "previous_expected_s": 96.51939401254906,
        "feasible_polygon": [
          [
            -1682.129043101639,
            -642.6079240373023
          ],
          [
            -1675.6059423830802,
            -658.3560822607725
          ],
          [
            -1575.6401524554844,
            -635.6902770551502
          ],
          [
            -1494.2165323897511,
            -606.8806483255024
          ]
        ]
      },
      {
        "ch": 14,
        "points": [
          [
            -813.2858782036396,
            -867.0427649253063
          ],
          [
            -806.3613570516895,
            -878.3621626198387
          ]
        ],
        "expected_s": 155.68504128057333,
        "half_width": 12.75425343061329,
        "half_length": 15.392502052222994,
        "axial_bounds": [
          299.8272766712151,
          343.8817102038916
        ],
        "radius_guard": 19.99,
        "previous_expected_s": 156.9671383389572,
        "feasible_polygon": [
          [
            -821.0705880433387,
            -853.7607568347437
          ],
          [
            -816.801165618759,
            -885.7373037539608
          ],
          [
            -798.0812154795723,
            -891.3410956172686
          ],
          [
            -803.6770253889144,
            -858.309274466958
          ]
        ]
      },
      {
        "ch": 16,
        "points": [
          [
            -56.8160088056797,
            -761.1921318906551
          ],
          [
            -41.02263608797131,
            -767.9367225968999
          ]
        ],
        "expected_s": 157.76793116630245,
        "half_width": 16.387701824392536,
        "half_length": 11.447415818201131,
        "axial_bounds": [
          -275.3191987707613,
          -235.2511284882789
        ],
        "radius_guard": 19.99,
        "previous_expected_s": 159.20496520253562,
        "feasible_polygon": [
          [
            -36.93109781158637,
            -787.5035162671179
          ],
          [
            -35.29257184304866,
            -752.5642634915449
          ],
          [
            -60.9075470820647,
            -741.6253382204374
          ],
          [
            -63.64600145225844,
            -774.9694350654439
          ]
        ]
      },
      {
        "ch": 1,
        "points": [
          [
            1023.7604522301147,
            -1364.9822954410006
          ],
          [
            1050.8525911272113,
            -1364.2657652463347
          ],
          [
            1077.9447300243082,
            -1363.5492350516688
          ],
          [
            1105.036868921405,
            -1362.832704857003
          ],
          [
            1132.1290078185016,
            -1362.116174662337
          ],
          [
            1159.2211467155985,
            -1361.3996444676711
          ]
        ],
        "expected_s": 133.91151493587572,
        "half_width": 10.899998150686088,
        "half_length": 16.75679385547963,
        "axial_bounds": [
          970.5574938175514,
          1139.5791445302607
        ],
        "radius_guard": 19.99,
        "previous_expected_s": 137.93178920403062,
        "feasible_polygon": [
          [
            1110.3031915065521,
            -1351.7896119691393
          ],
          [
            1006.8174795958452,
            -1358.1643937272013
          ],
          [
            1082.637831628755,
            -1374.3289220792403
          ],
          [
            1165.3991448099478,
            -1372.140059100582
          ],
          [
            1176.036965231512,
            -1363.40982549996
          ]
        ]
      },
      {
        "ch": 2,
        "points": [
          [
            1196.537620794828,
            -162.65906647150945
          ],
          [
            1219.5224460157285,
            -154.0310827659083
          ],
          [
            1242.507271236629,
            -145.40309906030723
          ],
          [
            1265.4920964575297,
            -136.77511535470614
          ],
          [
            1288.4769216784305,
            -128.147131649105
          ],
          [
            1311.461746899331,
            -119.51914794350392
          ]
        ],
        "expected_s": 175.99834264840524,
        "half_width": 14.913624559508492,
        "half_length": 13.311044380439316,
        "axial_bounds": [
          1049.7391988267586,
          1199.115543446596
        ],
        "radius_guard": 19.99,
        "previous_expected_s": 184.26530461166044,
        "feasible_polygon": [
          [
            1329.164861762506,
            -128.8035339835843
          ],
          [
            1261.7064309841357,
            -122.26643348446382
          ],
          [
            1179.9262660287802,
            -156.28311371918898
          ],
          [
            1236.1286801966664,
            -163.7272130138465
          ]
        ]
      },
      {
        "ch": 7,
        "points": [
          [
            1425.6486010258384,
            514.6413270956748
          ],
          [
            1438.1735844606687,
            542.6872291333009
          ],
          [
            1450.6985678954989,
            570.7331311709268
          ],
          [
            1463.2235513303292,
            598.7790332085528
          ]
        ],
        "expected_s": 54.18492356614729,
        "half_width": 5.203902396459398,
        "half_length": 19.300764229639306,
        "axial_bounds": [
          -1162.6986969991171,
          -1031.950380856697
        ],
        "radius_guard": 19.99,
        "previous_expected_s": 58.03922511130763,
        "feasible_polygon": [
          [
            1475.845474421562,
            614.2802317905655
          ],
          [
            1448.0468436953015,
            577.5571694124643
          ],
          [
            1413.0266779346052,
            499.14012851366164
          ],
          [
            1429.2698004431772,
            519.1023588465898
          ]
        ]
      },
      {
        "ch": 10,
        "points": [
          [
            -688.252761836166,
            1569.6258834831358
          ],
          [
            -657.9496391430392,
            1570.3902904912054
          ],
          [
            -627.6465164499124,
            1571.1546974992752
          ],
          [
            -597.3433937567855,
            1571.9191045073449
          ],
          [
            -567.0402710636587,
            1572.6835115154147
          ]
        ],
        "expected_s": 30.14395577671671,
        "half_width": 9.571024740860594,
        "half_length": 17.549803002023538,
        "axial_bounds": [
          509.6512619701074,
          666.0019174890307
        ],
        "radius_guard": 19.99,
        "previous_expected_s": 32.75339742934058,
        "feasible_polygon": [
          [
            -705.5556281560109,
            1559.6153431821542
          ],
          [
            -549.7374047438136,
            1582.694051816396
          ],
          [
            -585.0820036004773,
            1581.8024717856167
          ]
        ]
      }
    ]
  },
  "simulator_summary": {
    "problem_no": 3,
    "case_code": "SVSY-F55G-TB4D-63G5",
    "end_reason": "user_exit",
    "cleared_jammer_count": 13,
    "jammer_count": 13,
    "measure_accepted_count": 143,
    "virtual_time_us": 3218167086,
    "clear_failure_count": 10
  },
  "actual_problem": 3
}
RUN_FOLDER C:\Users\LENOVO\Desktop\CUMCM2026Problems\解题库\演练调试\results\20260913_053012_858278_p3_OpticalTaskP3

本局结束：清除13个；虚拟耗时3218.17秒。
模拟器确认：13/13。
完整结果：C:\Users\LENOVO\Desktop\CUMCM2026Problems\解题库\演练调试\results\20260913_053012_858278_p3_OpticalTaskP3
