问题4演练：等待接口开放（最长30秒）；请勿切换会话。
已确认演练，机器狗开始自动执行。
[strategy] Q1 v4 算法源 = inline: problem1_v4_inline.py
PRACTICE_ONLY 4 None FastP4_grid49
{"action": 1, "path": "/enter", "virtual_time_s": 0, "result": null}
{"action": 100, "path": "/measure", "virtual_time_s": 1153, "result": null}
{"action": 200, "path": "/measure", "virtual_time_s": 2453, "result": null}
{"action": 300, "path": "/measure", "virtual_time_s": 3893, "result": null}
{"action": 400, "path": "/measure", "virtual_time_s": 5333, "result": null}
{"action": 500, "path": "/measure", "virtual_time_s": 6913, "result": null}
{"action": 600, "path": "/measure", "virtual_time_s": 8773, "result": null}
{"action": 684, "path": "/clear", "virtual_time_s": 11768.244549, "result": "success"}
{"action": 685, "path": "/clear", "virtual_time_s": 11880.897077, "result": "success"}
{"action": 686, "path": "/clear", "virtual_time_s": 12060.619673, "result": "success"}
{"action": 687, "path": "/clear", "virtual_time_s": 12076.172282, "result": "success"}
{"action": 688, "path": "/clear", "virtual_time_s": 12143.93334, "result": "success"}
{"action": 689, "path": "/clear", "virtual_time_s": 12248.509252, "result": "success"}
{"action": 690, "path": "/clear", "virtual_time_s": 12406.485922, "result": "success"}
{"action": 691, "path": "/clear", "virtual_time_s": 12604.911264, "result": "success"}
{"action": 692, "path": "/clear", "virtual_time_s": 12723.838435, "result": "success"}
{"action": 693, "path": "/clear", "virtual_time_s": 13153.593744, "result": "success"}
{"action": 694, "path": "/clear", "virtual_time_s": 13197.098505, "result": "success"}
{"action": 695, "path": "/clear", "virtual_time_s": 13352.369981, "result": "success"}
{"action": 696, "path": "/clear", "virtual_time_s": 13692.259122, "result": "success"}
{
  "cleared": 13,
  "virtual_time_s": 13692.259122,
  "avg_time_per_cleared": 1053.2507016923078,
  "measure_count": 682,
  "clear_count": 13,
  "clear_fail_count": 0,
  "stop_reason": "all_channels_cleared_or_covered",
  "coverage_complete": true,
  "cleared_channels": [
    1,
    2,
    3,
    5,
    6,
    7,
    9,
    12,
    13,
    14,
    15,
    18,
    19
  ],
  "absent_channels": [
    4,
    8,
    10,
    11,
    16,
    17,
    20
  ],
  "runtime_s": 8.943198699998902,
  "time_breakdown": {
    "move_time_s": 9536.259121610412,
    "switch_time_s": 681.0,
    "measure_time_s": 3410.0,
    "clear_time_s": 65.0
  },
  "mode": "practice",
  "problem": 4,
  "case": "MX36-ZWYF-UDHN-49EA",
  "strategy": "FastP4_grid49",
  "distance_m": 47681.29560805206,
  "simulator_summary": {
    "problem_no": 4,
    "case_code": "MX36-ZWYF-UDHN-49EA",
    "end_reason": "user_exit",
    "cleared_jammer_count": 13,
    "jammer_count": 13,
    "measure_accepted_count": 682,
    "virtual_time_us": 13692259122,
    "clear_failure_count": 0
  },
  "actual_problem": 4
}
RUN_FOLDER C:\Users\LENOVO\Desktop\CUMCM2026Problems\解题库\演练调试\results\20260913_050113_692271_p4_FastP4_grid49

本局结束：清除13个；虚拟耗时13692.26秒。
模拟器确认：13/13。
完整结果：C:\Users\LENOVO\Desktop\CUMCM2026Problems\解题库\演练调试\results\20260913_050113_692271_p4_FastP4_grid49
