问题3演练：等待接口开放（最长30秒）；请勿切换会话。
已确认演练，机器狗开始自动执行。
[strategy] Q1 v4 算法源 = inline: problem1_v4_inline.py
PRACTICE_ONLY 3 None OpticalTaskP3
{"action": 1, "path": "/enter", "virtual_time_s": 0, "result": null}
{"action": 49, "path": "/clear", "virtual_time_s": 667.698848, "result": "success"}
{"action": 62, "path": "/clear", "virtual_time_s": 931.629918, "result": "no_target_in_range"}
{"action": 63, "path": "/clear", "virtual_time_s": 941.004544, "result": "no_target_in_range"}
{"action": 64, "path": "/clear", "virtual_time_s": 952.37917, "result": "success"}
{"action": 78, "path": "/clear", "virtual_time_s": 1180.617576, "result": "success"}
{"action": 79, "path": "/clear", "virtual_time_s": 1344.250809, "result": "success"}
{"action": 94, "path": "/clear", "virtual_time_s": 1571.288329, "result": "success"}
{"action": 97, "path": "/clear", "virtual_time_s": 1705.484544, "result": "success"}
{"action": 100, "path": "/measure", "virtual_time_s": 1723.484544, "result": null}
{"action": 106, "path": "/clear", "virtual_time_s": 1918.655483, "result": "no_target_in_range"}
{"action": 107, "path": "/clear", "virtual_time_s": 1928.074824, "result": "success"}
{"action": 115, "path": "/clear", "virtual_time_s": 2154.267943, "result": "success"}
{"action": 118, "path": "/clear", "virtual_time_s": 2214.259379, "result": "success"}
{"action": 119, "path": "/clear", "virtual_time_s": 2273.737609, "result": "success"}
{"action": 127, "path": "/clear", "virtual_time_s": 2449.942707, "result": "no_target_in_range"}
{"action": 129, "path": "/clear", "virtual_time_s": 2461.295596, "result": "success"}
{"action": 130, "path": "/clear", "virtual_time_s": 2554.582685, "result": "no_target_in_range"}
{"action": 132, "path": "/clear", "virtual_time_s": 2567.580685, "result": "no_target_in_range"}
{"action": 133, "path": "/clear", "virtual_time_s": 2576.011529, "result": "success"}
{"action": 135, "path": "/clear", "virtual_time_s": 2617.700264, "result": "success"}
{"action": 149, "path": "/clear", "virtual_time_s": 3054.895984, "result": "success"}
{
  "cleared": 14,
  "virtual_time_s": 3090.895984,
  "avg_time_per_cleared": 220.7782845714286,
  "measure_count": 134,
  "clear_count": 20,
  "clear_fail_count": 6,
  "stop_reason": "all_channels_cleared_or_covered",
  "coverage_complete": true,
  "cleared_channels": [
    1,
    2,
    3,
    4,
    5,
    8,
    10,
    11,
    14,
    15,
    16,
    17,
    18,
    19
  ],
  "absent_channels": [
    6,
    7,
    9,
    12,
    13,
    20
  ],
  "runtime_s": 2.513508100000763,
  "time_breakdown": {
    "move_time_s": 2199.8959828692564,
    "switch_time_s": 133.0,
    "measure_time_s": 670.0,
    "clear_time_s": 88.0
  },
  "mode": "practice",
  "problem": 3,
  "case": "X76H-ECV6-TNDX-YVU7",
  "strategy": "OpticalTaskP3",
  "distance_m": 10999.479914346282,
  "policy_diagnostics": {
    "mask_cache_hits": 4180,
    "mask_cache_misses": 174,
    "coverage_certificate_method": "outer-target128 covered by union of inner-exclusion128, 0.01m margins",
    "coverage_certificates": {},
    "residual_updates": 32,
    "residual_method": "whole 60m cells disjoint from outward-guarded polygon difference",
    "residual_cache_hits": 33,
    "residual_certificates": {
      "6": [
        [
          0.0,
          0.0
        ],
        [
          -947.1307310900964,
          -159.67549945196345
        ],
        [
          -1091.362596067191,
          -225.57267497607734
        ],
        [
          -1365.743915099319,
          -790.5191082768226
        ],
        [
          -167.82864936990023,
          -1042.8237824812268
        ],
        [
          516.5721602161474,
          -759.1681061549501
        ],
        [
          1354.71780819911,
          -770.8905229673989
        ],
        [
          1331.987240020844,
          89.24040608942771
        ],
        [
          595.9001688276301,
          665.8287690911804
        ],
        [
          93.02626515784137,
          1249.477191950065
        ],
        [
          -327.2203621870996,
          1114.5863552302892
        ],
        [
          -1573.3922375381558,
          683.4778116670004
        ]
      ],
      "7": [
        [
          0.0,
          0.0
        ],
        [
          -947.1307310900964,
          -159.67549945196345
        ],
        [
          -1091.362596067191,
          -225.57267497607734
        ],
        [
          -1365.743915099319,
          -790.5191082768226
        ],
        [
          -167.82864936990023,
          -1042.8237824812268
        ],
        [
          516.5721602161474,
          -759.1681061549501
        ],
        [
          1354.71780819911,
          -770.8905229673989
        ],
        [
          1331.987240020844,
          89.24040608942771
        ],
        [
          595.9001688276301,
          665.8287690911804
        ],
        [
          93.02626515784137,
          1249.477191950065
        ],
        [
          -327.2203621870996,
          1114.5863552302892
        ],
        [
          -1573.3922375381558,
          683.4778116670004
        ]
      ],
      "9": [
        [
          0.0,
          0.0
        ],
        [
          -947.1307310900964,
          -159.67549945196345
        ],
        [
          -1091.362596067191,
          -225.57267497607734
        ],
        [
          -1365.743915099319,
          -790.5191082768226
        ],
        [
          -167.82864936990023,
          -1042.8237824812268
        ],
        [
          516.5721602161474,
          -759.1681061549501
        ],
        [
          1354.71780819911,
          -770.8905229673989
        ],
        [
          1331.987240020844,
          89.24040608942771
        ],
        [
          595.9001688276301,
          665.8287690911804
        ],
        [
          93.02626515784137,
          1249.477191950065
        ],
        [
          -327.2203621870996,
          1114.5863552302892
        ],
        [
          -1573.3922375381558,
          683.4778116670004
        ]
      ],
      "12": [
        [
          0.0,
          0.0
        ],
        [
          -947.1307310900964,
          -159.67549945196345
        ],
        [
          -1091.362596067191,
          -225.57267497607734
        ],
        [
          -1365.743915099319,
          -790.5191082768226
        ],
        [
          -167.82864936990023,
          -1042.8237824812268
        ],
        [
          516.5721602161474,
          -759.1681061549501
        ],
        [
          1354.71780819911,
          -770.8905229673989
        ],
        [
          1331.987240020844,
          89.24040608942771
        ],
        [
          595.9001688276301,
          665.8287690911804
        ],
        [
          93.02626515784137,
          1249.477191950065
        ],
        [
          -327.2203621870996,
          1114.5863552302892
        ],
        [
          -1573.3922375381558,
          683.4778116670004
        ]
      ],
      "13": [
        [
          0.0,
          0.0
        ],
        [
          -947.1307310900964,
          -159.67549945196345
        ],
        [
          -1091.362596067191,
          -225.57267497607734
        ],
        [
          -1365.743915099319,
          -790.5191082768226
        ],
        [
          -167.82864936990023,
          -1042.8237824812268
        ],
        [
          516.5721602161474,
          -759.1681061549501
        ],
        [
          1354.71780819911,
          -770.8905229673989
        ],
        [
          1331.987240020844,
          89.24040608942771
        ],
        [
          595.9001688276301,
          665.8287690911804
        ],
        [
          93.02626515784137,
          1249.477191950065
        ],
        [
          -327.2203621870996,
          1114.5863552302892
        ],
        [
          -1573.3922375381558,
          683.4778116670004
        ]
      ],
      "20": [
        [
          0.0,
          0.0
        ],
        [
          -947.1307310900964,
          -159.67549945196345
        ],
        [
          -1091.362596067191,
          -225.57267497607734
        ],
        [
          -1365.743915099319,
          -790.5191082768226
        ],
        [
          -167.82864936990023,
          -1042.8237824812268
        ],
        [
          516.5721602161474,
          -759.1681061549501
        ],
        [
          1354.71780819911,
          -770.8905229673989
        ],
        [
          1331.987240020844,
          89.24040608942771
        ],
        [
          595.9001688276301,
          665.8287690911804
        ],
        [
          93.02626515784137,
          1249.477191950065
        ],
        [
          -327.2203621870996,
          1114.5863552302892
        ],
        [
          -1573.3922375381558,
          683.4778116670004
        ]
      ]
    },
    "probe_plans": [
      {
        "ch": 18,
        "old": [
          -952.8583579924322,
          -1089.727257785715
        ],
        "chosen": [
          -754.9225098651281,
          -1180.4329532331922
        ],
        "predicted_old_s": 248.59416797283035,
        "predicted_new_s": 244.90040017286822
      },
      {
        "ch": 5,
        "old": [
          -170.94284283372846,
          -1552.7162238834012
        ],
        "chosen": [
          -55.19953087763921,
          -1361.4310818338724
        ],
        "predicted_old_s": 141.38722924602246,
        "predicted_new_s": 117.68373258006386
      },
      {
        "ch": 4,
        "old": [
          -1237.718370406647,
          262.87382907272655
        ],
        "chosen": [
          -1411.822204048045,
          803.5288229313386
        ],
        "predicted_old_s": 379.9082206118308,
        "predicted_new_s": 276.28335071272505
      }
    ],
    "cardinality_certificates": [],
    "optical_plans": [
      {
        "ch": 18,
        "points": [
          [
            -534.9769821990212,
            -1185.0004286905623
          ],
          [
            -503.1040390653958,
            -1184.8919520951051
          ],
          [
            -471.23109593177037,
            -1184.7834754996481
          ]
        ],
        "expected_s": 58.88847228547834,
        "half_width": 5.316008801824978,
        "half_length": 19.270188126194288,
        "axial_bounds": [
          455.9904555870239,
          558.2770872955907
        ],
        "radius_guard": 19.99,
        "previous_expected_s": 62.001889801597365,
        "feasible_polygon": [
          [
            -554.2651511575671,
            -1179.7500345885364
          ],
          [
            -538.5465847000005,
            -1187.289544498632
          ],
          [
            -451.9429269732244,
            -1190.0338696016738
          ],
          [
            -476.073592819062,
            -1179.4839168972244
          ]
        ]
      },
      {
        "ch": 19,
        "points": [
          [
            1545.4494246778795,
            17.212759199949858
          ],
          [
            1550.2226136348422,
            38.787769337143516
          ],
          [
            1554.9958025918047,
            60.36277947433723
          ],
          [
            1559.7689915487674,
            81.93778961153089
          ],
          [
            1564.54218050573,
            103.51279974872455
          ]
        ],
        "expected_s": 178.4851754085525,
        "half_width": 15.98748171579939,
        "half_length": 12.000022016103976,
        "axial_bounds": [
          -451.0313133474342,
          -338.6444471989058
        ],
        "radius_guard": 19.99,
        "previous_expected_s": 181.66402314199672,
        "feasible_polygon": [
          [
            1527.2472337617805,
            8.949566968501586
          ],
          [
            1563.2488669373047,
            36.31097265392543
          ],
          [
            1582.7443714218296,
            111.77599198017288
          ],
          [
            1542.772233027496,
            79.12320131606779
          ]
        ]
      },
      {
        "ch": 17,
        "points": [
          [
            651.5649741077394,
            461.97740805071453
          ],
          [
            662.3998053300528,
            469.9553229638458
          ]
        ],
        "expected_s": 59.478230281179464,
        "half_width": 14.320381017459027,
        "half_length": 13.947286026851213,
        "axial_bounds": [
          -825.9980445209612,
          -784.6483361254309
        ],
        "radius_guard": 19.99,
        "previous_expected_s": 60.770409662537915,
        "feasible_polygon": [
          [
            665.1400011848312,
            489.7566215747313
          ],
          [
            638.6605341964669,
            470.2592311453182
          ],
          [
            648.1707080367572,
            443.06440424834454
          ],
          [
            674.1355533378177,
            460.8129673538257
          ]
        ]
      },
      {
        "ch": 11,
        "points": [
          [
            -66.37217393037162,
            1239.272034181196
          ],
          [
            -58.3095057562968,
            1224.1306814874047
          ]
        ],
        "expected_s": 11.14161450280788,
        "half_width": 1.0016961709778798,
        "half_length": 19.964886796098998,
        "axial_bounds": [
          1087.933187908495,
          1145.0171790428317
        ],
        "radius_guard": 19.99,
        "previous_expected_s": 17.367743767747637,
        "feasible_polygon": [
          [
            -74.87172933095766,
            1257.3650620646752
          ],
          [
            -49.80995035571069,
            1206.037653603925
          ],
          [
            -50.0007930463635,
            1210.6584867747813
          ]
        ]
      }
    ]
  },
  "simulator_summary": {
    "problem_no": 3,
    "case_code": "X76H-ECV6-TNDX-YVU7",
    "end_reason": "user_exit",
    "cleared_jammer_count": 14,
    "jammer_count": 14,
    "measure_accepted_count": 134,
    "virtual_time_us": 3090895984,
    "clear_failure_count": 6
  },
  "actual_problem": 3
}
RUN_FOLDER C:\Users\LENOVO\Desktop\CUMCM2026Problems\解题库\演练调试\results\20260913_052859_744067_p3_OpticalTaskP3

本局结束：清除14个；虚拟耗时3090.90秒。
模拟器确认：14/14。
完整结果：C:\Users\LENOVO\Desktop\CUMCM2026Problems\解题库\演练调试\results\20260913_052859_744067_p3_OpticalTaskP3
