问题3演练：等待接口开放（最长30秒）；请勿切换会话。
已确认演练，机器狗开始自动执行。
[strategy] Q1 v4 算法源 = inline: problem1_v4_inline.py
PRACTICE_ONLY 3 None FastScanP3
{"action": 1, "path": "/enter", "virtual_time_s": 0, "result": null}
{"action": 24, "path": "/clear", "virtual_time_s": 342.420096, "result": "success"}
{"action": 41, "path": "/clear", "virtual_time_s": 662.025852, "result": "success"}
{"action": 43, "path": "/clear", "virtual_time_s": 763.700125, "result": "success"}
{"action": 44, "path": "/clear", "virtual_time_s": 824.522016, "result": "success"}
{"action": 53, "path": "/clear", "virtual_time_s": 938.326425, "result": "success"}
{"action": 55, "path": "/clear", "virtual_time_s": 986.683946, "result": "success"}
{"action": 81, "path": "/clear", "virtual_time_s": 1566.675765, "result": "success"}
{"action": 84, "path": "/clear", "virtual_time_s": 1713.819259, "result": "success"}
{"action": 88, "path": "/clear", "virtual_time_s": 1922.489248, "result": "success"}
{"action": 95, "path": "/clear", "virtual_time_s": 2047.993558, "result": "success"}
{"action": 100, "path": "/measure", "virtual_time_s": 2151.329139, "result": null}
{"action": 103, "path": "/clear", "virtual_time_s": 2247.493557, "result": "success"}
{"action": 105, "path": "/clear", "virtual_time_s": 2380.611799, "result": "success"}
{"action": 107, "path": "/clear", "virtual_time_s": 2499.002923, "result": "success"}
{"action": 115, "path": "/clear", "virtual_time_s": 2701.438253, "result": "success"}
{"action": 122, "path": "/clear", "virtual_time_s": 2919.798734, "result": "success"}
{
  "cleared": 15,
  "virtual_time_s": 2948.798734,
  "avg_time_per_cleared": 196.58658226666665,
  "measure_count": 111,
  "clear_count": 15,
  "clear_fail_count": 0,
  "stop_reason": "all_channels_cleared_or_covered",
  "coverage_complete": true,
  "cleared_channels": [
    1,
    2,
    4,
    5,
    6,
    7,
    8,
    9,
    12,
    14,
    15,
    16,
    17,
    19,
    20
  ],
  "absent_channels": [
    3,
    10,
    11,
    13,
    18
  ],
  "runtime_s": 2.7457108999988122,
  "time_breakdown": {
    "move_time_s": 2213.7987347628105,
    "switch_time_s": 105.0,
    "measure_time_s": 555.0,
    "clear_time_s": 75.0
  },
  "mode": "practice",
  "problem": 3,
  "case": "NQBV-VNP6-N73R-FBGX",
  "strategy": "FastScanP3",
  "distance_m": 11068.993673814053,
  "simulator_summary": {
    "problem_no": 3,
    "case_code": "NQBV-VNP6-N73R-FBGX",
    "end_reason": "user_exit",
    "cleared_jammer_count": 15,
    "jammer_count": 15,
    "measure_accepted_count": 111,
    "virtual_time_us": 2948798734,
    "clear_failure_count": 0
  },
  "actual_problem": 3
}
RUN_FOLDER C:\Users\LENOVO\Desktop\CUMCM2026Problems\解题库\演练调试\results\20260913_040137_943049_p3_FastScanP3

本局结束：清除15个；虚拟耗时2948.80秒。
模拟器确认：15/15。
完整结果：C:\Users\LENOVO\Desktop\CUMCM2026Problems\解题库\演练调试\results\20260913_040137_943049_p3_FastScanP3
