问题3演练：等待接口开放（最长30秒）；请勿切换会话。
已确认演练，机器狗开始自动执行。
[strategy] Q1 v4 算法源 = inline: problem1_v4_inline.py
PRACTICE_ONLY 3 None HopP3
{"action": 1, "path": "/enter", "virtual_time_s": 0, "result": null}
{"action": 39, "path": "/clear", "virtual_time_s": 486.120497, "result": "success"}
{"action": 64, "path": "/clear", "virtual_time_s": 878.808675, "result": "no_target_in_range"}
{"action": 66, "path": "/clear", "virtual_time_s": 893.08568, "result": "success"}
{"action": 69, "path": "/clear", "virtual_time_s": 917.505045, "result": "success"}
{"action": 71, "path": "/clear", "virtual_time_s": 986.917872, "result": "success"}
{"action": 73, "path": "/clear", "virtual_time_s": 1077.859994, "result": "success"}
{"action": 82, "path": "/clear", "virtual_time_s": 1347.655641, "result": "success"}
{"action": 100, "path": "/measure", "virtual_time_s": 1566.817743, "result": null}
{"action": 104, "path": "/clear", "virtual_time_s": 1761.566594, "result": "success"}
{"action": 105, "path": "/clear", "virtual_time_s": 1860.235599, "result": "success"}
{"action": 113, "path": "/clear", "virtual_time_s": 2043.193433, "result": "success"}
{"action": 123, "path": "/clear", "virtual_time_s": 2405.81706, "result": "success"}
{"action": 127, "path": "/clear", "virtual_time_s": 2498.279924, "result": "success"}
{"action": 128, "path": "/clear", "virtual_time_s": 2543.258612, "result": "success"}
{"action": 129, "path": "/clear", "virtual_time_s": 2657.706342, "result": "success"}
{"action": 136, "path": "/clear", "virtual_time_s": 2882.67485, "result": "success"}
{
  "cleared": 14,
  "virtual_time_s": 2917.67485,
  "avg_time_per_cleared": 208.40534642857142,
  "measure_count": 126,
  "clear_count": 15,
  "clear_fail_count": 1,
  "stop_reason": "all_channels_cleared_or_covered",
  "coverage_complete": true,
  "cleared_channels": [
    1,
    2,
    3,
    4,
    6,
    9,
    10,
    11,
    12,
    14,
    16,
    17,
    18,
    19
  ],
  "absent_channels": [
    5,
    7,
    8,
    13,
    15,
    20
  ],
  "runtime_s": 2.5138434000000416,
  "time_breakdown": {
    "move_time_s": 2090.6748497311037,
    "switch_time_s": 124.0,
    "measure_time_s": 630.0,
    "clear_time_s": 73.0
  },
  "mode": "practice",
  "problem": 3,
  "case": "DE2M-7QXH-GRJ2-AK5V",
  "strategy": "HopP3",
  "distance_m": 10453.374248655518,
  "policy_diagnostics": {
    "mask_cache_hits": 7025,
    "mask_cache_misses": 130,
    "coverage_certificate_method": "outer-target128 covered by union of inner-exclusion128, 0.01m margins",
    "coverage_certificates": {}
  },
  "simulator_summary": {
    "problem_no": 3,
    "case_code": "DE2M-7QXH-GRJ2-AK5V",
    "end_reason": "user_exit",
    "cleared_jammer_count": 14,
    "jammer_count": 14,
    "measure_accepted_count": 126,
    "virtual_time_us": 2917674850,
    "clear_failure_count": 1
  },
  "actual_problem": 3
}
RUN_FOLDER C:\Users\LENOVO\Desktop\CUMCM2026Problems\解题库\演练调试\results\20260913_042359_551155_p3_HopP3

本局结束：清除14个；虚拟耗时2917.67秒。
模拟器确认：14/14。
完整结果：C:\Users\LENOVO\Desktop\CUMCM2026Problems\解题库\演练调试\results\20260913_042359_551155_p3_HopP3
