问题3演练：等待接口开放（最长30秒）；请勿切换会话。
已确认演练，机器狗开始自动执行。
[strategy] Q1 v4 算法源 = inline: problem1_v4_inline.py
PRACTICE_ONLY 3 None HopP3
{"action": 1, "path": "/enter", "virtual_time_s": 0, "result": null}
{"action": 43, "path": "/clear", "virtual_time_s": 641.221618, "result": "success"}
{"action": 58, "path": "/clear", "virtual_time_s": 956.861039, "result": "success"}
{"action": 60, "path": "/clear", "virtual_time_s": 1121.833721, "result": "success"}
{"action": 88, "path": "/clear", "virtual_time_s": 1626.981421, "result": "success"}
{"action": 92, "path": "/clear", "virtual_time_s": 1728.015384, "result": "success"}
{"action": 93, "path": "/clear", "virtual_time_s": 1771.744427, "result": "success"}
{"action": 94, "path": "/clear", "virtual_time_s": 1853.772985, "result": "success"}
{"action": 100, "path": "/measure", "virtual_time_s": 1889.772985, "result": null}
{"action": 123, "path": "/clear", "virtual_time_s": 2372.238629, "result": "success"}
{"action": 143, "path": "/clear", "virtual_time_s": 2765.207907, "result": "success"}
{"action": 154, "path": "/clear", "virtual_time_s": 2880.391758, "result": "no_target_in_range"}
{"action": 156, "path": "/clear", "virtual_time_s": 2893.477552, "result": "success"}
{"action": 157, "path": "/clear", "virtual_time_s": 2979.291875, "result": "success"}
{
  "cleared": 11,
  "virtual_time_s": 2979.291875,
  "avg_time_per_cleared": 270.8447159090909,
  "measure_count": 144,
  "clear_count": 12,
  "clear_fail_count": 1,
  "stop_reason": "all_channels_cleared_or_covered",
  "coverage_complete": true,
  "cleared_channels": [
    1,
    4,
    5,
    7,
    8,
    9,
    10,
    13,
    14,
    15,
    17
  ],
  "absent_channels": [
    2,
    3,
    6,
    11,
    12,
    16,
    18,
    19,
    20
  ],
  "runtime_s": 2.6123055999996723,
  "time_breakdown": {
    "move_time_s": 2060.29187581127,
    "switch_time_s": 141.0,
    "measure_time_s": 720.0,
    "clear_time_s": 58.0
  },
  "mode": "practice",
  "problem": 3,
  "case": "U3CH-B8HV-WY44-WHA6",
  "strategy": "HopP3",
  "distance_m": 10301.45937905635,
  "policy_diagnostics": {
    "mask_cache_hits": 5649,
    "mask_cache_misses": 262,
    "coverage_certificate_method": "outer-target128 covered by union of inner-exclusion128, 0.01m margins",
    "coverage_certificates": {}
  },
  "simulator_summary": {
    "problem_no": 3,
    "case_code": "U3CH-B8HV-WY44-WHA6",
    "end_reason": "user_exit",
    "cleared_jammer_count": 11,
    "jammer_count": 11,
    "measure_accepted_count": 144,
    "virtual_time_us": 2979291875,
    "clear_failure_count": 1
  },
  "actual_problem": 3
}
RUN_FOLDER C:\Users\LENOVO\Desktop\CUMCM2026Problems\解题库\演练调试\results\20260913_042543_735916_p3_HopP3

本局结束：清除11个；虚拟耗时2979.29秒。
模拟器确认：11/11。
完整结果：C:\Users\LENOVO\Desktop\CUMCM2026Problems\解题库\演练调试\results\20260913_042543_735916_p3_HopP3
