问题3演练：等待接口开放（最长30秒）；请勿切换会话。
已确认演练，机器狗开始自动执行。
[strategy] Q1 v4 算法源 = inline: problem1_v4_inline.py
PRACTICE_ONLY 3 None ResidualP3
{"action": 1, "path": "/enter", "virtual_time_s": 0, "result": null}
{"action": 39, "path": "/clear", "virtual_time_s": 497.510121, "result": "success"}
{"action": 53, "path": "/clear", "virtual_time_s": 779.833604, "result": "success"}
{"action": 79, "path": "/clear", "virtual_time_s": 1282.061523, "result": "success"}
{"action": 82, "path": "/clear", "virtual_time_s": 1356.246786, "result": "success"}
{"action": 94, "path": "/clear", "virtual_time_s": 1633.060578, "result": "no_target_in_range"}
{"action": 98, "path": "/clear", "virtual_time_s": 1666.73671, "result": "success"}
{"action": 99, "path": "/clear", "virtual_time_s": 1884.782585, "result": "success"}
{"action": 100, "path": "/measure", "virtual_time_s": 1890.782585, "result": null}
{"action": 111, "path": "/clear", "virtual_time_s": 2086.240636, "result": "success"}
{"action": 121, "path": "/clear", "virtual_time_s": 2336.339067, "result": "success"}
{"action": 132, "path": "/clear", "virtual_time_s": 2587.52486, "result": "success"}
{"action": 134, "path": "/clear", "virtual_time_s": 2683.413525, "result": "success"}
{"action": 135, "path": "/clear", "virtual_time_s": 2843.911727, "result": "success"}
{
  "cleared": 11,
  "virtual_time_s": 2897.911727,
  "avg_time_per_cleared": 263.44652063636363,
  "measure_count": 131,
  "clear_count": 12,
  "clear_fail_count": 1,
  "stop_reason": "all_channels_cleared_or_covered",
  "coverage_complete": true,
  "cleared_channels": [
    1,
    2,
    4,
    5,
    7,
    9,
    10,
    11,
    12,
    13,
    16
  ],
  "absent_channels": [
    3,
    6,
    8,
    14,
    15,
    17,
    18,
    19,
    20
  ],
  "runtime_s": 2.9863875999981246,
  "time_breakdown": {
    "move_time_s": 2056.9117259926493,
    "switch_time_s": 128.0,
    "measure_time_s": 655.0,
    "clear_time_s": 58.0
  },
  "mode": "practice",
  "problem": 3,
  "case": "56G4-B8AN-7P4H-ZGDY",
  "strategy": "ResidualP3",
  "distance_m": 10284.558629963247,
  "policy_diagnostics": {
    "mask_cache_hits": 8708,
    "mask_cache_misses": 325,
    "coverage_certificate_method": "outer-target128 covered by union of inner-exclusion128, 0.01m margins",
    "coverage_certificates": {},
    "residual_updates": 47,
    "residual_method": "whole 60m cells disjoint from outward-guarded polygon difference",
    "residual_cache_hits": 42,
    "residual_certificates": {
      "3": [
        [
          0.0,
          0.0
        ],
        [
          870.9876560861408,
          -60.266818955834424
        ],
        [
          844.8674017482992,
          -697.1372914860333
        ],
        [
          46.36534709578558,
          -951.1174642273314
        ],
        [
          -389.63579973235124,
          -789.6273456668121
        ],
        [
          -1291.8064113806229,
          -334.42314139403493
        ],
        [
          -851.5671112197638,
          484.96350075797505
        ],
        [
          -562.826776957502,
          879.7975338987334
        ],
        [
          333.7020771814275,
          943.574282998529
        ],
        [
          1507.8002623446864,
          539.6335000236936
        ]
      ],
      "6": [
        [
          0.0,
          0.0
        ],
        [
          870.9876560861408,
          -60.266818955834424
        ],
        [
          844.8674017482992,
          -697.1372914860333
        ],
        [
          46.36534709578558,
          -951.1174642273314
        ],
        [
          -389.63579973235124,
          -789.6273456668121
        ],
        [
          -1291.8064113806229,
          -334.42314139403493
        ],
        [
          -851.5671112197638,
          484.96350075797505
        ],
        [
          -562.826776957502,
          879.7975338987334
        ],
        [
          333.7020771814275,
          943.574282998529
        ],
        [
          1507.8002623446864,
          539.6335000236936
        ]
      ],
      "8": [
        [
          0.0,
          0.0
        ],
        [
          870.9876560861408,
          -60.266818955834424
        ],
        [
          844.8674017482992,
          -697.1372914860333
        ],
        [
          46.36534709578558,
          -951.1174642273314
        ],
        [
          -389.63579973235124,
          -789.6273456668121
        ],
        [
          -1291.8064113806229,
          -334.42314139403493
        ],
        [
          -851.5671112197638,
          484.96350075797505
        ],
        [
          -562.826776957502,
          879.7975338987334
        ],
        [
          333.7020771814275,
          943.574282998529
        ],
        [
          1507.8002623446864,
          539.6335000236936
        ]
      ],
      "14": [
        [
          0.0,
          0.0
        ],
        [
          870.9876560861408,
          -60.266818955834424
        ],
        [
          844.8674017482992,
          -697.1372914860333
        ],
        [
          46.36534709578558,
          -951.1174642273314
        ],
        [
          -389.63579973235124,
          -789.6273456668121
        ],
        [
          -1291.8064113806229,
          -334.42314139403493
        ],
        [
          -851.5671112197638,
          484.96350075797505
        ],
        [
          -562.826776957502,
          879.7975338987334
        ],
        [
          333.7020771814275,
          943.574282998529
        ],
        [
          1507.8002623446864,
          539.6335000236936
        ]
      ],
      "15": [
        [
          0.0,
          0.0
        ],
        [
          870.9876560861408,
          -60.266818955834424
        ],
        [
          844.8674017482992,
          -697.1372914860333
        ],
        [
          46.36534709578558,
          -951.1174642273314
        ],
        [
          -389.63579973235124,
          -789.6273456668121
        ],
        [
          -1291.8064113806229,
          -334.42314139403493
        ],
        [
          -851.5671112197638,
          484.96350075797505
        ],
        [
          -562.826776957502,
          879.7975338987334
        ],
        [
          333.7020771814275,
          943.574282998529
        ],
        [
          1507.8002623446864,
          539.6335000236936
        ]
      ],
      "17": [
        [
          0.0,
          0.0
        ],
        [
          870.9876560861408,
          -60.266818955834424
        ],
        [
          844.8674017482992,
          -697.1372914860333
        ],
        [
          46.36534709578558,
          -951.1174642273314
        ],
        [
          -389.63579973235124,
          -789.6273456668121
        ],
        [
          -1291.8064113806229,
          -334.42314139403493
        ],
        [
          -851.5671112197638,
          484.96350075797505
        ],
        [
          -562.826776957502,
          879.7975338987334
        ],
        [
          333.7020771814275,
          943.574282998529
        ],
        [
          1507.8002623446864,
          539.6335000236936
        ]
      ],
      "18": [
        [
          0.0,
          0.0
        ],
        [
          870.9876560861408,
          -60.266818955834424
        ],
        [
          844.8674017482992,
          -697.1372914860333
        ],
        [
          46.36534709578558,
          -951.1174642273314
        ],
        [
          -389.63579973235124,
          -789.6273456668121
        ],
        [
          -1291.8064113806229,
          -334.42314139403493
        ],
        [
          -851.5671112197638,
          484.96350075797505
        ],
        [
          -562.826776957502,
          879.7975338987334
        ],
        [
          333.7020771814275,
          943.574282998529
        ],
        [
          1507.8002623446864,
          539.6335000236936
        ]
      ],
      "19": [
        [
          0.0,
          0.0
        ],
        [
          870.9876560861408,
          -60.266818955834424
        ],
        [
          844.8674017482992,
          -697.1372914860333
        ],
        [
          46.36534709578558,
          -951.1174642273314
        ],
        [
          -389.63579973235124,
          -789.6273456668121
        ],
        [
          -1291.8064113806229,
          -334.42314139403493
        ],
        [
          -851.5671112197638,
          484.96350075797505
        ],
        [
          -562.826776957502,
          879.7975338987334
        ],
        [
          333.7020771814275,
          943.574282998529
        ],
        [
          1507.8002623446864,
          539.6335000236936
        ]
      ],
      "20": [
        [
          0.0,
          0.0
        ],
        [
          870.9876560861408,
          -60.266818955834424
        ],
        [
          844.8674017482992,
          -697.1372914860333
        ],
        [
          46.36534709578558,
          -951.1174642273314
        ],
        [
          -389.63579973235124,
          -789.6273456668121
        ],
        [
          -1291.8064113806229,
          -334.42314139403493
        ],
        [
          -851.5671112197638,
          484.96350075797505
        ],
        [
          -562.826776957502,
          879.7975338987334
        ],
        [
          333.7020771814275,
          943.574282998529
        ],
        [
          1507.8002623446864,
          539.6335000236936
        ]
      ]
    }
  },
  "simulator_summary": {
    "problem_no": 3,
    "case_code": "56G4-B8AN-7P4H-ZGDY",
    "end_reason": "user_exit",
    "cleared_jammer_count": 11,
    "jammer_count": 11,
    "measure_accepted_count": 131,
    "virtual_time_us": 2897911727,
    "clear_failure_count": 1
  },
  "actual_problem": 3
}
RUN_FOLDER C:\Users\LENOVO\Desktop\CUMCM2026Problems\解题库\演练调试\results\20260913_044041_211256_p3_ResidualP3

本局结束：清除11个；虚拟耗时2897.91秒。
模拟器确认：11/11。
完整结果：C:\Users\LENOVO\Desktop\CUMCM2026Problems\解题库\演练调试\results\20260913_044041_211256_p3_ResidualP3
