问题4演练：等待接口开放（最长30秒）；请勿切换会话。
已确认演练，机器狗开始自动执行。
[strategy] Q1 v4 算法源 = inline: problem1_v4_inline.py
PRACTICE_ONLY 4 None FastP4_grid49
{"action": 1, "path": "/enter", "virtual_time_s": 0, "result": null}
{"action": 100, "path": "/measure", "virtual_time_s": 1153, "result": null}
{"action": 200, "path": "/measure", "virtual_time_s": 2593, "result": null}
{"action": 300, "path": "/measure", "virtual_time_s": 4033, "result": null}
{"action": 400, "path": "/measure", "virtual_time_s": 5753, "result": null}
{"action": 500, "path": "/measure", "virtual_time_s": 7893, "result": null}
{"action": 600, "path": "/clear", "virtual_time_s": 11179.459421, "result": "success"}
{"action": 601, "path": "/clear", "virtual_time_s": 11282.97467, "result": "success"}
{"action": 602, "path": "/clear", "virtual_time_s": 11347.40155, "result": "success"}
{"action": 603, "path": "/clear", "virtual_time_s": 11446.665274, "result": "success"}
{"action": 604, "path": "/clear", "virtual_time_s": 11535.753868, "result": "success"}
{"action": 605, "path": "/clear", "virtual_time_s": 11667.123731, "result": "success"}
{"action": 606, "path": "/clear", "virtual_time_s": 11877.864635, "result": "success"}
{"action": 607, "path": "/clear", "virtual_time_s": 12125.933509, "result": "success"}
{"action": 608, "path": "/clear", "virtual_time_s": 12417.483061, "result": "success"}
{"action": 609, "path": "/clear", "virtual_time_s": 12570.705859, "result": "success"}
{"action": 610, "path": "/clear", "virtual_time_s": 12600.269117, "result": "success"}
{"action": 611, "path": "/clear", "virtual_time_s": 12829.659285, "result": "success"}
{"action": 612, "path": "/clear", "virtual_time_s": 13006.120135, "result": "success"}
{"action": 620, "path": "/clear", "virtual_time_s": 14288.776101, "result": "success"}
{"action": 621, "path": "/clear", "virtual_time_s": 14418.634715, "result": "success"}
{
  "cleared": 15,
  "virtual_time_s": 14418.634715,
  "avg_time_per_cleared": 961.2423143333333,
  "measure_count": 605,
  "clear_count": 15,
  "clear_fail_count": 0,
  "stop_reason": "all_channels_cleared_or_covered",
  "coverage_complete": true,
  "cleared_channels": [
    2,
    4,
    5,
    7,
    8,
    9,
    10,
    12,
    13,
    14,
    15,
    16,
    17,
    18,
    19
  ],
  "absent_channels": [
    1,
    3,
    6,
    11,
    20
  ],
  "runtime_s": 7.904650299999048,
  "time_breakdown": {
    "move_time_s": 10720.63471589091,
    "switch_time_s": 598.0,
    "measure_time_s": 3025.0,
    "clear_time_s": 75.0
  },
  "mode": "practice",
  "problem": 4,
  "case": "PET5-V8YY-VVMH-EYMH",
  "strategy": "FastP4_grid49",
  "distance_m": 53603.17357945455,
  "simulator_summary": {
    "problem_no": 4,
    "case_code": "PET5-V8YY-VVMH-EYMH",
    "end_reason": "user_exit",
    "cleared_jammer_count": 15,
    "jammer_count": 15,
    "measure_accepted_count": 605,
    "virtual_time_us": 14418634715,
    "clear_failure_count": 0
  },
  "actual_problem": 4
}
RUN_FOLDER C:\Users\LENOVO\Desktop\CUMCM2026Problems\解题库\演练调试\results\20260913_050350_312591_p4_FastP4_grid49

本局结束：清除15个；虚拟耗时14418.63秒。
模拟器确认：15/15。
完整结果：C:\Users\LENOVO\Desktop\CUMCM2026Problems\解题库\演练调试\results\20260913_050350_312591_p4_FastP4_grid49
