问题4演练：等待接口开放（最长30秒）；请勿切换会话。
已确认演练，机器狗开始自动执行。
[strategy] Q1 v4 算法源 = inline: problem1_v4_inline.py
PRACTICE_ONLY 4 None FastP4_grid49
{"action": 1, "path": "/enter", "virtual_time_s": 0, "result": null}
{"action": 100, "path": "/measure", "virtual_time_s": 1153, "result": null}
{"action": 200, "path": "/measure", "virtual_time_s": 2593, "result": null}
{"action": 300, "path": "/measure", "virtual_time_s": 4173, "result": null}
{"action": 400, "path": "/measure", "virtual_time_s": 5893, "result": null}
{"action": 500, "path": "/measure", "virtual_time_s": 8453, "result": null}
{"action": 546, "path": "/clear", "virtual_time_s": 10859.107423, "result": "success"}
{"action": 547, "path": "/clear", "virtual_time_s": 11007.214837, "result": "success"}
{"action": 548, "path": "/clear", "virtual_time_s": 11166.479149, "result": "success"}
{"action": 549, "path": "/clear", "virtual_time_s": 11320.193074, "result": "success"}
{"action": 550, "path": "/clear", "virtual_time_s": 11423.891936, "result": "success"}
{"action": 551, "path": "/clear", "virtual_time_s": 11630.220116, "result": "success"}
{"action": 552, "path": "/clear", "virtual_time_s": 11761.228968, "result": "success"}
{"action": 553, "path": "/clear", "virtual_time_s": 12018.966301, "result": "success"}
{"action": 554, "path": "/clear", "virtual_time_s": 12179.683063, "result": "success"}
{"action": 555, "path": "/clear", "virtual_time_s": 12654.652585, "result": "success"}
{"action": 556, "path": "/clear", "virtual_time_s": 12723.866071, "result": "success"}
{"action": 557, "path": "/clear", "virtual_time_s": 12801.16324, "result": "success"}
{"action": 558, "path": "/clear", "virtual_time_s": 12999.073937, "result": "success"}
{"action": 559, "path": "/clear", "virtual_time_s": 13080.888328, "result": "success"}
{"action": 560, "path": "/clear", "virtual_time_s": 13206.792397, "result": "success"}
{
  "cleared": 15,
  "virtual_time_s": 13206.792397,
  "avg_time_per_cleared": 880.4528264666666,
  "measure_count": 544,
  "clear_count": 15,
  "clear_fail_count": 0,
  "stop_reason": "all_channels_cleared_or_covered",
  "coverage_complete": true,
  "cleared_channels": [
    1,
    2,
    3,
    4,
    6,
    7,
    8,
    9,
    10,
    11,
    12,
    15,
    16,
    18,
    20
  ],
  "absent_channels": [
    5,
    13,
    14,
    17,
    19
  ],
  "runtime_s": 6.622126500002196,
  "time_breakdown": {
    "move_time_s": 9868.792398893442,
    "switch_time_s": 543.0,
    "measure_time_s": 2720.0,
    "clear_time_s": 75.0
  },
  "mode": "practice",
  "problem": 4,
  "case": "YXAK-FA3G-F56J-QSD4",
  "strategy": "FastP4_grid49",
  "distance_m": 49343.96199446721,
  "simulator_summary": {
    "problem_no": 4,
    "case_code": "YXAK-FA3G-F56J-QSD4",
    "end_reason": "user_exit",
    "cleared_jammer_count": 15,
    "jammer_count": 15,
    "measure_accepted_count": 544,
    "virtual_time_us": 13206792397,
    "clear_failure_count": 0
  },
  "actual_problem": 4
}
RUN_FOLDER C:\Users\LENOVO\Desktop\CUMCM2026Problems\解题库\演练调试\results\20260913_050050_802280_p4_FastP4_grid49

本局结束：清除15个；虚拟耗时13206.79秒。
模拟器确认：15/15。
完整结果：C:\Users\LENOVO\Desktop\CUMCM2026Problems\解题库\演练调试\results\20260913_050050_802280_p4_FastP4_grid49
