问题3演练：等待接口开放（最长30秒）；请勿切换会话。
已确认演练，机器狗开始自动执行。
[strategy] Q1 v4 算法源 = inline: problem1_v4_inline.py
PRACTICE_ONLY 3 None FastScanP3
{"action": 1, "path": "/enter", "virtual_time_s": 0, "result": null}
{"action": 39, "path": "/clear", "virtual_time_s": 549.951967, "result": "success"}
{"action": 41, "path": "/clear", "virtual_time_s": 745.439254, "result": "success"}
{"action": 57, "path": "/clear", "virtual_time_s": 935.896343, "result": "success"}
{"action": 58, "path": "/clear", "virtual_time_s": 1164.731519, "result": "success"}
{"action": 72, "path": "/clear", "virtual_time_s": 1360.022303, "result": "success"}
{"action": 76, "path": "/clear", "virtual_time_s": 1452.788121, "result": "success"}
{"action": 88, "path": "/clear", "virtual_time_s": 1763.079468, "result": "success"}
{"action": 90, "path": "/clear", "virtual_time_s": 1913.682378, "result": "success"}
{"action": 91, "path": "/clear", "virtual_time_s": 2006.37932, "result": "success"}
{"action": 100, "path": "/measure", "virtual_time_s": 2060.37932, "result": null}
{"action": 113, "path": "/clear", "virtual_time_s": 2405.892573, "result": "success"}
{"action": 123, "path": "/clear", "virtual_time_s": 2716.949833, "result": "no_target_in_range"}
{"action": 125, "path": "/clear", "virtual_time_s": 2730.479994, "result": "success"}
{
  "cleared": 11,
  "virtual_time_s": 2784.479994,
  "avg_time_per_cleared": 253.1345449090909,
  "measure_count": 121,
  "clear_count": 12,
  "clear_fail_count": 1,
  "stop_reason": "all_channels_cleared_or_covered",
  "coverage_complete": true,
  "cleared_channels": [
    2,
    3,
    4,
    9,
    10,
    11,
    12,
    13,
    14,
    16,
    17
  ],
  "absent_channels": [
    1,
    5,
    6,
    7,
    8,
    15,
    18,
    19,
    20
  ],
  "runtime_s": 2.449788999998418,
  "time_breakdown": {
    "move_time_s": 2001.4799968826628,
    "switch_time_s": 120.0,
    "measure_time_s": 605.0,
    "clear_time_s": 58.0
  },
  "mode": "practice",
  "problem": 3,
  "case": "K48M-THGV-2Y5S-4CYY",
  "strategy": "FastScanP3",
  "distance_m": 10007.399984413314,
  "simulator_summary": {
    "problem_no": 3,
    "case_code": "K48M-THGV-2Y5S-4CYY",
    "end_reason": "user_exit",
    "cleared_jammer_count": 11,
    "jammer_count": 11,
    "measure_accepted_count": 121,
    "virtual_time_us": 2784479994,
    "clear_failure_count": 1
  },
  "actual_problem": 3
}
RUN_FOLDER C:\Users\LENOVO\Desktop\CUMCM2026Problems\解题库\演练调试\results\20260913_040040_267829_p3_FastScanP3

本局结束：清除11个；虚拟耗时2784.48秒。
模拟器确认：11/11。
完整结果：C:\Users\LENOVO\Desktop\CUMCM2026Problems\解题库\演练调试\results\20260913_040040_267829_p3_FastScanP3
