问题3演练：等待接口开放（最长30秒）；请勿切换会话。
已确认演练，机器狗开始自动执行。
[strategy] Q1 v4 算法源 = inline: problem1_v4_inline.py
PRACTICE_ONLY 3 None HopP3
{"action": 1, "path": "/enter", "virtual_time_s": 0, "result": null}
{"action": 38, "path": "/clear", "virtual_time_s": 547.727809, "result": "success"}
{"action": 42, "path": "/clear", "virtual_time_s": 697.513043, "result": "no_target_in_range"}
{"action": 44, "path": "/clear", "virtual_time_s": 710.785356, "result": "success"}
{"action": 46, "path": "/clear", "virtual_time_s": 735.044922, "result": "success"}
{"action": 58, "path": "/clear", "virtual_time_s": 877.469847, "result": "success"}
{"action": 61, "path": "/clear", "virtual_time_s": 1047.974268, "result": "success"}
{"action": 77, "path": "/clear", "virtual_time_s": 1329.201565, "result": "success"}
{"action": 79, "path": "/clear", "virtual_time_s": 1486.318489, "result": "success"}
{"action": 81, "path": "/clear", "virtual_time_s": 1505.034473, "result": "success"}
{"action": 82, "path": "/clear", "virtual_time_s": 1604.39567, "result": "success"}
{"action": 83, "path": "/clear", "virtual_time_s": 1723.965001, "result": "success"}
{"action": 84, "path": "/clear", "virtual_time_s": 1834.981442, "result": "no_target_in_range"}
{"action": 86, "path": "/clear", "virtual_time_s": 1846.926676, "result": "success"}
{"action": 97, "path": "/clear", "virtual_time_s": 2031.116106, "result": "success"}
{"action": 100, "path": "/measure", "virtual_time_s": 2220.000969, "result": null}
{"action": 107, "path": "/clear", "virtual_time_s": 2432.645427, "result": "no_target_in_range"}
{"action": 110, "path": "/clear", "virtual_time_s": 2455.634573, "result": "success"}
{"action": 119, "path": "/clear", "virtual_time_s": 2740.046838, "result": "no_target_in_range"}
{"action": 122, "path": "/clear", "virtual_time_s": 2760.767143, "result": "success"}
{"action": 124, "path": "/clear", "virtual_time_s": 2823.465612, "result": "no_target_in_range"}
{"action": 127, "path": "/clear", "virtual_time_s": 2847.73915, "result": "success"}
{
  "cleared": 15,
  "virtual_time_s": 2999.286059,
  "avg_time_per_cleared": 199.95240393333333,
  "measure_count": 116,
  "clear_count": 20,
  "clear_fail_count": 5,
  "stop_reason": "all_channels_cleared_or_covered",
  "coverage_complete": true,
  "cleared_channels": [
    2,
    3,
    4,
    5,
    6,
    7,
    8,
    9,
    10,
    11,
    14,
    15,
    16,
    18,
    20
  ],
  "absent_channels": [
    1,
    12,
    13,
    17,
    19
  ],
  "runtime_s": 2.96778699999777,
  "time_breakdown": {
    "move_time_s": 2225.2860592721595,
    "switch_time_s": 104.0,
    "measure_time_s": 580.0,
    "clear_time_s": 90.0
  },
  "mode": "practice",
  "problem": 3,
  "case": "RCC5-4FRU-ARU3-E8SJ",
  "strategy": "HopP3",
  "distance_m": 11126.430296360797,
  "policy_diagnostics": {
    "mask_cache_hits": 8248,
    "mask_cache_misses": 410,
    "coverage_certificate_method": "outer-target128 covered by union of inner-exclusion128, 0.01m margins",
    "coverage_certificates": {}
  },
  "simulator_summary": {
    "problem_no": 3,
    "case_code": "RCC5-4FRU-ARU3-E8SJ",
    "end_reason": "user_exit",
    "cleared_jammer_count": 15,
    "jammer_count": 15,
    "measure_accepted_count": 116,
    "virtual_time_us": 2999286059,
    "clear_failure_count": 5
  },
  "actual_problem": 3
}
RUN_FOLDER C:\Users\LENOVO\Desktop\CUMCM2026Problems\解题库\演练调试\results\20260913_042642_535226_p3_HopP3

本局结束：清除15个；虚拟耗时2999.29秒。
模拟器确认：15/15。
完整结果：C:\Users\LENOVO\Desktop\CUMCM2026Problems\解题库\演练调试\results\20260913_042642_535226_p3_HopP3
