问题3演练：等待接口开放（最长30秒）；请勿切换会话。
已确认演练，机器狗开始自动执行。
[strategy] Q1 v4 算法源 = inline: problem1_v4_inline.py
PRACTICE_ONLY 3 None FastScanP3
{"action": 1, "path": "/enter", "virtual_time_s": 0, "result": null}
{"action": 49, "path": "/clear", "virtual_time_s": 593.265594, "result": "success"}
{"action": 51, "path": "/clear", "virtual_time_s": 701.311734, "result": "no_target_in_range"}
{"action": 54, "path": "/clear", "virtual_time_s": 722.287439, "result": "success"}
{"action": 55, "path": "/clear", "virtual_time_s": 880.95404, "result": "success"}
{"action": 66, "path": "/clear", "virtual_time_s": 1033.96853, "result": "success"}
{"action": 68, "path": "/clear", "virtual_time_s": 1152.606022, "result": "success"}
{"action": 70, "path": "/clear", "virtual_time_s": 1178.913722, "result": "no_target_in_range"}
{"action": 73, "path": "/clear", "virtual_time_s": 1200.524055, "result": "success"}
{"action": 85, "path": "/clear", "virtual_time_s": 1359.353401, "result": "success"}
{"action": 89, "path": "/clear", "virtual_time_s": 1571.763477, "result": "success"}
{"action": 99, "path": "/clear", "virtual_time_s": 1786.54342, "result": "success"}
{"action": 100, "path": "/measure", "virtual_time_s": 1792.54342, "result": null}
{"action": 107, "path": "/clear", "virtual_time_s": 1960.100103, "result": "no_target_in_range"}
{"action": 109, "path": "/clear", "virtual_time_s": 1972.925224, "result": "success"}
{"action": 121, "path": "/clear", "virtual_time_s": 2339.820954, "result": "success"}
{"action": 123, "path": "/clear", "virtual_time_s": 2389.065247, "result": "success"}
{"action": 130, "path": "/clear", "virtual_time_s": 2466.131063, "result": "success"}
{"action": 132, "path": "/clear", "virtual_time_s": 2609.14051, "result": "no_target_in_range"}
{"action": 134, "path": "/clear", "virtual_time_s": 2621.336186, "result": "success"}
{"action": 141, "path": "/clear", "virtual_time_s": 3037.833349, "result": "success"}
{
  "cleared": 15,
  "virtual_time_s": 3066.833349,
  "avg_time_per_cleared": 204.4555566,
  "measure_count": 126,
  "clear_count": 19,
  "clear_fail_count": 4,
  "stop_reason": "all_channels_cleared_or_covered",
  "coverage_complete": true,
  "cleared_channels": [
    1,
    2,
    3,
    4,
    6,
    7,
    10,
    12,
    13,
    14,
    15,
    16,
    18,
    19,
    20
  ],
  "absent_channels": [
    5,
    8,
    9,
    11,
    17
  ],
  "runtime_s": 3.1090229000001273,
  "time_breakdown": {
    "move_time_s": 2229.8333522484168,
    "switch_time_s": 120.0,
    "measure_time_s": 630.0,
    "clear_time_s": 87.0
  },
  "mode": "practice",
  "problem": 3,
  "case": "TX3W-2PER-8D42-CNHG",
  "strategy": "FastScanP3",
  "distance_m": 11149.166761242084,
  "simulator_summary": {
    "problem_no": 3,
    "case_code": "TX3W-2PER-8D42-CNHG",
    "end_reason": "user_exit",
    "cleared_jammer_count": 15,
    "jammer_count": 15,
    "measure_accepted_count": 126,
    "virtual_time_us": 3066833349,
    "clear_failure_count": 4
  },
  "actual_problem": 3
}
RUN_FOLDER C:\Users\LENOVO\Desktop\CUMCM2026Problems\解题库\演练调试\results\20260913_040327_886061_p3_FastScanP3

本局结束：清除15个；虚拟耗时3066.83秒。
模拟器确认：15/15。
完整结果：C:\Users\LENOVO\Desktop\CUMCM2026Problems\解题库\演练调试\results\20260913_040327_886061_p3_FastScanP3
