问题3演练：等待接口开放（最长30秒）；请勿切换会话。
已确认演练，机器狗开始自动执行。
[strategy] Q1 v4 算法源 = inline: problem1_v4_inline.py
PRACTICE_ONLY 3 None ResidualP3
{"action": 1, "path": "/enter", "virtual_time_s": 0, "result": null}
{"action": 54, "path": "/clear", "virtual_time_s": 651.999421, "result": "success"}
{"action": 73, "path": "/clear", "virtual_time_s": 998.719913, "result": "success"}
{"action": 75, "path": "/clear", "virtual_time_s": 1098.647551, "result": "success"}
{"action": 76, "path": "/clear", "virtual_time_s": 1141.466593, "result": "success"}
{"action": 98, "path": "/clear", "virtual_time_s": 1383.865398, "result": "no_target_in_range"}
{"action": 100, "path": "/clear", "virtual_time_s": 1398.088924, "result": "success"}
{"action": 101, "path": "/clear", "virtual_time_s": 1452.194043, "result": "success"}
{"action": 112, "path": "/clear", "virtual_time_s": 1688.505059, "result": "success"}
{"action": 124, "path": "/clear", "virtual_time_s": 1923.324785, "result": "success"}
{"action": 155, "path": "/clear", "virtual_time_s": 2715.135079, "result": "no_target_in_range"}
{"action": 157, "path": "/clear", "virtual_time_s": 2728.962437, "result": "success"}
{"action": 169, "path": "/clear", "virtual_time_s": 2844.240771, "result": "success"}
{"action": 170, "path": "/clear", "virtual_time_s": 2884.635007, "result": "success"}
{
  "cleared": 11,
  "virtual_time_s": 2884.635007,
  "avg_time_per_cleared": 262.2395460909091,
  "measure_count": 156,
  "clear_count": 13,
  "clear_fail_count": 2,
  "stop_reason": "all_channels_cleared_or_covered",
  "coverage_complete": true,
  "cleared_channels": [
    3,
    6,
    9,
    11,
    12,
    13,
    14,
    15,
    16,
    18,
    20
  ],
  "absent_channels": [
    1,
    2,
    4,
    5,
    7,
    8,
    10,
    17,
    19
  ],
  "runtime_s": 3.6074005000009493,
  "time_breakdown": {
    "move_time_s": 1891.6350054292425,
    "switch_time_s": 152.0,
    "measure_time_s": 780.0,
    "clear_time_s": 61.0
  },
  "mode": "practice",
  "problem": 3,
  "case": "9XR9-NYV8-6E7Z-VKTT",
  "strategy": "ResidualP3",
  "distance_m": 9458.175027146212,
  "policy_diagnostics": {
    "mask_cache_hits": 11489,
    "mask_cache_misses": 343,
    "coverage_certificate_method": "outer-target128 covered by union of inner-exclusion128, 0.01m margins",
    "coverage_certificates": {},
    "residual_updates": 45,
    "residual_method": "whole 60m cells disjoint from outward-guarded polygon difference",
    "residual_cache_hits": 40,
    "residual_certificates": {
      "1": [
        [
          0.0,
          0.0
        ],
        [
          -931.5182964738658,
          -72.48848422734528
        ],
        [
          -915.3862946491889,
          195.7607395308022
        ],
        [
          -613.3717438212698,
          712.9804967773289
        ],
        [
          46.78978580029195,
          1100.4461920183587
        ],
        [
          127.1644141794543,
          985.7298140486806
        ],
        [
          738.0790374166146,
          606.1585667431581
        ],
        [
          1031.2580086119883,
          152.5071775507642
        ],
        [
          850.2376615238717,
          -599.2523507657882
        ],
        [
          418.6709009776401,
          -776.0385011630412
        ],
        [
          -160.08404657661947,
          -947.3753006100932
        ],
        [
          -1460.0554290595958,
          -845.3619953054266
        ]
      ],
      "2": [
        [
          0.0,
          0.0
        ],
        [
          -931.5182964738658,
          -72.48848422734528
        ],
        [
          -915.3862946491889,
          195.7607395308022
        ],
        [
          -613.3717438212698,
          712.9804967773289
        ],
        [
          46.78978580029195,
          1100.4461920183587
        ],
        [
          127.1644141794543,
          985.7298140486806
        ],
        [
          738.0790374166146,
          606.1585667431581
        ],
        [
          1031.2580086119883,
          152.5071775507642
        ],
        [
          850.2376615238717,
          -599.2523507657882
        ],
        [
          418.6709009776401,
          -776.0385011630412
        ],
        [
          -160.08404657661947,
          -947.3753006100932
        ],
        [
          -1460.0554290595958,
          -845.3619953054266
        ]
      ],
      "4": [
        [
          0.0,
          0.0
        ],
        [
          -931.5182964738658,
          -72.48848422734528
        ],
        [
          -915.3862946491889,
          195.7607395308022
        ],
        [
          -613.3717438212698,
          712.9804967773289
        ],
        [
          46.78978580029195,
          1100.4461920183587
        ],
        [
          127.1644141794543,
          985.7298140486806
        ],
        [
          738.0790374166146,
          606.1585667431581
        ],
        [
          1031.2580086119883,
          152.5071775507642
        ],
        [
          850.2376615238717,
          -599.2523507657882
        ],
        [
          418.6709009776401,
          -776.0385011630412
        ],
        [
          -160.08404657661947,
          -947.3753006100932
        ],
        [
          -1460.0554290595958,
          -845.3619953054266
        ]
      ],
      "5": [
        [
          0.0,
          0.0
        ],
        [
          -931.5182964738658,
          -72.48848422734528
        ],
        [
          -915.3862946491889,
          195.7607395308022
        ],
        [
          -613.3717438212698,
          712.9804967773289
        ],
        [
          46.78978580029195,
          1100.4461920183587
        ],
        [
          127.1644141794543,
          985.7298140486806
        ],
        [
          738.0790374166146,
          606.1585667431581
        ],
        [
          1031.2580086119883,
          152.5071775507642
        ],
        [
          850.2376615238717,
          -599.2523507657882
        ],
        [
          418.6709009776401,
          -776.0385011630412
        ],
        [
          -160.08404657661947,
          -947.3753006100932
        ],
        [
          -1460.0554290595958,
          -845.3619953054266
        ]
      ],
      "7": [
        [
          0.0,
          0.0
        ],
        [
          -931.5182964738658,
          -72.48848422734528
        ],
        [
          -915.3862946491889,
          195.7607395308022
        ],
        [
          -613.3717438212698,
          712.9804967773289
        ],
        [
          46.78978580029195,
          1100.4461920183587
        ],
        [
          127.1644141794543,
          985.7298140486806
        ],
        [
          738.0790374166146,
          606.1585667431581
        ],
        [
          1031.2580086119883,
          152.5071775507642
        ],
        [
          850.2376615238717,
          -599.2523507657882
        ],
        [
          418.6709009776401,
          -776.0385011630412
        ],
        [
          -160.08404657661947,
          -947.3753006100932
        ],
        [
          -1460.0554290595958,
          -845.3619953054266
        ]
      ],
      "8": [
        [
          0.0,
          0.0
        ],
        [
          -931.5182964738658,
          -72.48848422734528
        ],
        [
          -915.3862946491889,
          195.7607395308022
        ],
        [
          -613.3717438212698,
          712.9804967773289
        ],
        [
          46.78978580029195,
          1100.4461920183587
        ],
        [
          127.1644141794543,
          985.7298140486806
        ],
        [
          738.0790374166146,
          606.1585667431581
        ],
        [
          1031.2580086119883,
          152.5071775507642
        ],
        [
          850.2376615238717,
          -599.2523507657882
        ],
        [
          418.6709009776401,
          -776.0385011630412
        ],
        [
          -160.08404657661947,
          -947.3753006100932
        ],
        [
          -1460.0554290595958,
          -845.3619953054266
        ]
      ],
      "10": [
        [
          0.0,
          0.0
        ],
        [
          -931.5182964738658,
          -72.48848422734528
        ],
        [
          -915.3862946491889,
          195.7607395308022
        ],
        [
          -613.3717438212698,
          712.9804967773289
        ],
        [
          46.78978580029195,
          1100.4461920183587
        ],
        [
          127.1644141794543,
          985.7298140486806
        ],
        [
          738.0790374166146,
          606.1585667431581
        ],
        [
          1031.2580086119883,
          152.5071775507642
        ],
        [
          850.2376615238717,
          -599.2523507657882
        ],
        [
          418.6709009776401,
          -776.0385011630412
        ],
        [
          -160.08404657661947,
          -947.3753006100932
        ],
        [
          -1460.0554290595958,
          -845.3619953054266
        ]
      ],
      "17": [
        [
          0.0,
          0.0
        ],
        [
          -931.5182964738658,
          -72.48848422734528
        ],
        [
          -915.3862946491889,
          195.7607395308022
        ],
        [
          -613.3717438212698,
          712.9804967773289
        ],
        [
          46.78978580029195,
          1100.4461920183587
        ],
        [
          127.1644141794543,
          985.7298140486806
        ],
        [
          738.0790374166146,
          606.1585667431581
        ],
        [
          1031.2580086119883,
          152.5071775507642
        ],
        [
          850.2376615238717,
          -599.2523507657882
        ],
        [
          418.6709009776401,
          -776.0385011630412
        ],
        [
          -160.08404657661947,
          -947.3753006100932
        ],
        [
          -1460.0554290595958,
          -845.3619953054266
        ]
      ],
      "19": [
        [
          0.0,
          0.0
        ],
        [
          -931.5182964738658,
          -72.48848422734528
        ],
        [
          -915.3862946491889,
          195.7607395308022
        ],
        [
          -613.3717438212698,
          712.9804967773289
        ],
        [
          46.78978580029195,
          1100.4461920183587
        ],
        [
          127.1644141794543,
          985.7298140486806
        ],
        [
          738.0790374166146,
          606.1585667431581
        ],
        [
          1031.2580086119883,
          152.5071775507642
        ],
        [
          850.2376615238717,
          -599.2523507657882
        ],
        [
          418.6709009776401,
          -776.0385011630412
        ],
        [
          -160.08404657661947,
          -947.3753006100932
        ],
        [
          -1460.0554290595958,
          -845.3619953054266
        ]
      ]
    }
  },
  "simulator_summary": {
    "problem_no": 3,
    "case_code": "9XR9-NYV8-6E7Z-VKTT",
    "end_reason": "user_exit",
    "cleared_jammer_count": 11,
    "jammer_count": 11,
    "measure_accepted_count": 156,
    "virtual_time_us": 2884635007,
    "clear_failure_count": 2
  },
  "actual_problem": 3
}
RUN_FOLDER C:\Users\LENOVO\Desktop\CUMCM2026Problems\解题库\演练调试\results\20260913_043948_674659_p3_ResidualP3

本局结束：清除11个；虚拟耗时2884.64秒。
模拟器确认：11/11。
完整结果：C:\Users\LENOVO\Desktop\CUMCM2026Problems\解题库\演练调试\results\20260913_043948_674659_p3_ResidualP3
