问题3演练：等待接口开放（最长30秒）；请勿切换会话。
已确认演练，机器狗开始自动执行。
[strategy] Q1 v4 算法源 = inline: problem1_v4_inline.py
PRACTICE_ONLY 3 None FastScanP3
{"action": 1, "path": "/enter", "virtual_time_s": 0, "result": null}
{"action": 53, "path": "/clear", "virtual_time_s": 607.505597, "result": "success"}
{"action": 68, "path": "/clear", "virtual_time_s": 924.57557, "result": "success"}
{"action": 83, "path": "/clear", "virtual_time_s": 1217.698749, "result": "success"}
{"action": 86, "path": "/clear", "virtual_time_s": 1332.503391, "result": "success"}
{"action": 98, "path": "/clear", "virtual_time_s": 1685.003399, "result": "success"}
{"action": 100, "path": "/measure", "virtual_time_s": 1697.003399, "result": null}
{"action": 112, "path": "/clear", "virtual_time_s": 1878.940283, "result": "success"}
{"action": 114, "path": "/clear", "virtual_time_s": 1997.84503, "result": "success"}
{"action": 125, "path": "/clear", "virtual_time_s": 2369.164752, "result": "no_target_in_range"}
{"action": 127, "path": "/clear", "virtual_time_s": 2382.231666, "result": "success"}
{"action": 131, "path": "/clear", "virtual_time_s": 2448.962074, "result": "success"}
{"action": 132, "path": "/clear", "virtual_time_s": 2561.32147, "result": "no_target_in_range"}
{"action": 134, "path": "/clear", "virtual_time_s": 2572.459732, "result": "success"}
{"action": 135, "path": "/clear", "virtual_time_s": 2604.951972, "result": "success"}
{"action": 141, "path": "/clear", "virtual_time_s": 2812.591752, "result": "success"}
{"action": 142, "path": "/clear", "virtual_time_s": 2854.793032, "result": "success"}
{"action": 143, "path": "/clear", "virtual_time_s": 3016.592974, "result": "success"}
{"action": 145, "path": "/clear", "virtual_time_s": 3202.530045, "result": "success"}
{
  "cleared": 15,
  "virtual_time_s": 3232.530045,
  "avg_time_per_cleared": 215.502003,
  "measure_count": 132,
  "clear_count": 17,
  "clear_fail_count": 2,
  "stop_reason": "all_channels_cleared_or_covered",
  "coverage_complete": true,
  "cleared_channels": [
    1,
    2,
    3,
    4,
    8,
    9,
    11,
    12,
    13,
    15,
    16,
    17,
    18,
    19,
    20
  ],
  "absent_channels": [
    5,
    6,
    7,
    10,
    14
  ],
  "runtime_s": 3.0246971000015037,
  "time_breakdown": {
    "move_time_s": 2363.5300459206123,
    "switch_time_s": 128.0,
    "measure_time_s": 660.0,
    "clear_time_s": 81.0
  },
  "mode": "practice",
  "problem": 3,
  "case": "4R86-MME8-H2DJ-KJVN",
  "strategy": "FastScanP3",
  "distance_m": 11817.650229603061,
  "simulator_summary": {
    "problem_no": 3,
    "case_code": "4R86-MME8-H2DJ-KJVN",
    "end_reason": "user_exit",
    "cleared_jammer_count": 15,
    "jammer_count": 15,
    "measure_accepted_count": 132,
    "virtual_time_us": 3232530045,
    "clear_failure_count": 2
  },
  "actual_problem": 3
}
RUN_FOLDER C:\Users\LENOVO\Desktop\CUMCM2026Problems\解题库\演练调试\results\20260913_040235_799402_p3_FastScanP3

本局结束：清除15个；虚拟耗时3232.53秒。
模拟器确认：15/15。
完整结果：C:\Users\LENOVO\Desktop\CUMCM2026Problems\解题库\演练调试\results\20260913_040235_799402_p3_FastScanP3
