==========================================================================
[实验 A] 选点过程是否只使用 (S1, theta1_hat, Omega, eps, R_eff 范围)？
  真值 G 距 S1  300.0 m、真方位  46.0° -> S2*=(208.97,983.14), J*=109.016
  真值 G 距 S1 1200.0 m、真方位  47.9° -> S2*=(208.97,983.14), J*=109.016
  真值 G 距 S1  900.0 m、真方位  45.1° -> S2*=(208.97,983.14), J*=109.016
  真值 G 距 S1 1500.0 m、真方位  48.0° -> S2*=(208.97,983.14), J*=109.016
  真值 G 距 S1   60.0 m、真方位  46.6° -> S2*=(208.97,983.14), J*=109.016
  不同真实源解出的 S2* 最大偏差 = 0 -> PASS（无信息泄漏）
==========================================================================
[实验 B] 旋转等变性：S1=原点时，S2*(theta) 应为 S2*(0) 的旋转/镜像
  θ̂1=   0.0°  S2*=(  864.24, -513.15)  L*=1005.10  α*= -30.70°  J*=109.059  min(rot/mir 偏差)=0.00
  θ̂1=  15.0°  S2*=(  701.98,  719.34)  L*=1005.10  α*= +30.70°  J*=109.007  min(rot/mir 偏差)=0.00
  θ̂1=  30.0°  S2*=( 1005.02,  -12.28)  L*=1005.10  α*= -30.70°  J*=109.007  min(rot/mir 偏差)=0.00
  θ̂1=  45.0°  S2*=(  973.96,  248.26)  L*=1005.10  α*= -30.70°  J*=109.059  min(rot/mir 偏差)=0.00
  θ̂1=  90.0°  S2*=(  513.15,  864.24)  L*=1005.10  α*= -30.70°  J*=109.059  min(rot/mir 偏差)=0.00
  θ̂1= 137.0°  S2*=( -282.10,  964.70)  L*=1005.10  α*= -30.70°  J*=109.032  min(rot/mir 偏差)=0.00
  θ̂1= 210.0°  S2*=(-1005.02,   12.28)  L*=1005.10  α*= -30.70°  J*=109.007  min(rot/mir 偏差)=0.00
  θ̂1= 300.0°  S2*=(  -12.28,-1005.02)  L*=1005.10  α*= -30.70°  J*=109.007  min(rot/mir 偏差)=0.00
  θ̂1= 315.0°  S2*=(  248.26, -973.96)  L*=1005.10  α*= -30.70°  J*=109.059  min(rot/mir 偏差)=0.00
  θ̂1= 359.0°  S2*=(  855.15, -528.15)  L*=1005.10  α*= -30.70°  J*=108.995  min(rot/mir 偏差)=0.00
  J* 相对波动 0.058%，L*∈[1005.1,1005.1]，|α*|∈[30.70,30.70]°，与旋转/镜像解的最大偏差 0.00 m -> PASS
==========================================================================
[实验 C] 数值超参收敛性（固定 (S1,θ̂1)=(0,0)）
  grid_step= 200.0 m -> J*= 114.973  S2*=(  811.54, -538.79)
  grid_step= 120.0 m -> J*= 109.076  S2*=(  862.27, -516.26)
  grid_step=  80.0 m -> J*= 109.109  S2*=(  874.64, -495.32)
  grid_step=  40.0 m -> J*= 109.069  S2*=(  863.15, -514.85)
  grid_step=  20.0 m -> J*= 109.079  S2*=(  861.81, -516.99)
  k_dir=  5 -> J*= 108.861  S2*=(  843.14, -546.39)
  k_dir=  9 -> J*= 110.677  S2*=(  839.30, -552.26)
  k_dir= 13 -> J*= 110.067  S2*=(  841.23, -549.33)
  k_dir= 17 -> J*= 104.315  S2*=(  859.88, -519.63)
  k_dir= 25 -> J*= 109.133  S2*=(  861.69, -516.63)
  k_dir= 33 -> J*= 102.014  S2*=(  854.40, -528.61)
  k_dir= 49 -> J*= 109.133  S2*=(  861.69, -516.63)
  F1 采样 5x3=  15 -> J*= 109.133  S2*=(  861.69, -516.63)
  F1 采样 13x3=  39 -> J*= 109.133  S2*=(  861.69, -516.63)
  F1 采样 25x5= 125 -> J*= 109.133  S2*=(  861.69, -516.63)
  F1 采样 41x9= 369 -> J*= 109.133  S2*=(  861.69, -516.63)
  F1 采样 61x13= 793 -> J*= 109.133  S2*=(  861.69, -516.63)
  一维极坐标解 J*=109.0586 S2*=(864.24,-513.15)
  二维网格解   J*=109.1425 S2*=(862.30,-515.52)
  N_disk=  32 -> J*= 109.171  S2*=(  861.69, -516.63)
  N_disk=  64 -> J*= 109.171  S2*=(  861.69, -516.63)
  N_disk= 128 -> J*= 109.171  S2*=(  861.69, -516.63)
  N_disk= 256 -> J*= 109.133  S2*=(  861.69, -516.63)
==========================================================================
[实验 D] 同一批 400 个场景下的策略对比（禁止删样本）
  主策略闭式解：L*=1005.100 m，α*=-30.700°（偏离 θ̂1 的方向）
  风险中性对照：L=1147.3 m，α=-11.31°
  失败惩罚 λ = diam(F1) = 1500.11 m（与 theta1_hat 无关：Ω 为圆域，问题旋转等变）

  策略                            N    直清    定位    空域    无信号     成功率      代价均值      代价中位     代价P95      代价最大     D均值(成功)      D中位    D_P95      移动均值
  鲁棒最优S2*（本文主策略）              400     0   400     0      0  100.0%     48.96     43.73     83.62    108.34       48.96    43.73    83.62    1005.1
  风险中性最优（对照）                  400     0   397     0      3   99.2%     90.34     69.47    162.47   1500.11       79.69    69.08   156.12    1147.3
  随机可行点                       400     0   176     0    224   44.0%    898.61   1500.11   1500.11   1500.11      133.07    68.72   492.99    1207.1
  沿测向方向750m                   400     1   399     0      0  100.0%    563.08    750.00    750.30    750.34      564.49   750.00   750.30     750.0
  测向垂线方向1000m                 400     0   149     0    251   37.2%    965.17   1500.11   1500.11   1500.11       64.03    61.98   104.14    1000.0
  oracle-Thales（不可实现，参考）      400    22   378     0      0  100.0%     24.75     25.36     41.96     52.05       26.19    26.62    42.09     821.8
  -> 写出 results/strategy_scenarios.csv
  -> 写出 results/strategy_summary.json
==========================================================================
[实验 E] 代表性算例 θ̂1=45.0°，生成 J 场与候选区域（供绘图）
  S2*=(971.78,256.72)  L*=1005.12  α*=-30.20°  J*=109.069 m
  η=0.00: |C_η|=0 个网格点
  η=0.05: |C_η|=38 个网格点
  η=0.20: |C_η|=168 个网格点
  η=0.50: |C_η|=390 个网格点
  -> 写出 results/representative_case.npz
==========================================================================
[实验 F] 一般性检验：S1 不在原点时算法仍然可执行（40 个随机 S1）
  成功求解 40/40；其中"存在保证接收的 S2"的场景 40 个，退化为最小最坏距离兜底的场景 0 个
  可行场景的 L* ∈ [447.0, 1005.2]，J* ∈ [25.8, 109.1]，全部 S2*∈Ω = True
  -> 写出 results/key_numbers.json
==========================================================================
全部实验完成，用时 621.0 s