问题3演练：等待接口开放（最长30秒）；请勿切换会话。
已确认演练，机器狗开始自动执行。
[strategy] Q1 v4 算法源 = inline: problem1_v4_inline.py
PRACTICE_ONLY 3 None ResidualP3
{"action": 1, "path": "/enter", "virtual_time_s": 0, "result": null}
{"action": 24, "path": "/clear", "virtual_time_s": 401.632299, "result": "success"}
{"action": 54, "path": "/clear", "virtual_time_s": 973.177397, "result": "success"}
{"action": 58, "path": "/clear", "virtual_time_s": 1040.856016, "result": "success"}
{"action": 59, "path": "/clear", "virtual_time_s": 1098.750862, "result": "success"}
{"action": 63, "path": "/clear", "virtual_time_s": 1228.701963, "result": "success"}
{"action": 76, "path": "/clear", "virtual_time_s": 1506.483986, "result": "no_target_in_range"}
{"action": 78, "path": "/clear", "virtual_time_s": 1520.240942, "result": "success"}
{"action": 80, "path": "/clear", "virtual_time_s": 1552.919715, "result": "success"}
{"action": 93, "path": "/clear", "virtual_time_s": 1926.61341, "result": "success"}
{"action": 94, "path": "/clear", "virtual_time_s": 1989.245625, "result": "success"}
{"action": 100, "path": "/measure", "virtual_time_s": 2025.245625, "result": null}
{"action": 106, "path": "/clear", "virtual_time_s": 2123.612793, "result": "success"}
{"action": 116, "path": "/clear", "virtual_time_s": 2559.939298, "result": "success"}
{"action": 126, "path": "/clear", "virtual_time_s": 2677.272985, "result": "success"}
{"action": 128, "path": "/clear", "virtual_time_s": 2790.294066, "result": "success"}
{
  "cleared": 13,
  "virtual_time_s": 2790.294066,
  "avg_time_per_cleared": 214.63800507692306,
  "measure_count": 113,
  "clear_count": 14,
  "clear_fail_count": 1,
  "stop_reason": "all_channels_cleared_or_covered",
  "coverage_complete": true,
  "cleared_channels": [
    3,
    4,
    6,
    7,
    8,
    9,
    11,
    12,
    13,
    17,
    18,
    19,
    20
  ],
  "absent_channels": [
    1,
    2,
    5,
    10,
    14,
    15,
    16
  ],
  "runtime_s": 2.3007563999999547,
  "time_breakdown": {
    "move_time_s": 2049.294066807997,
    "switch_time_s": 108.0,
    "measure_time_s": 565.0,
    "clear_time_s": 68.0
  },
  "mode": "practice",
  "problem": 3,
  "case": "F9V5-ZKYJ-XY66-H7QS",
  "strategy": "ResidualP3",
  "distance_m": 10246.470334039985,
  "policy_diagnostics": {
    "mask_cache_hits": 5442,
    "mask_cache_misses": 211,
    "coverage_certificate_method": "outer-target128 covered by union of inner-exclusion128, 0.01m margins",
    "coverage_certificates": {},
    "residual_updates": 37,
    "residual_method": "whole 60m cells disjoint from outward-guarded polygon difference",
    "residual_cache_hits": 33,
    "residual_certificates": {
      "16": [
        [
          0.0,
          0.0
        ],
        [
          -1215.8058878748798,
          330.90719760855393
        ],
        [
          -417.90983692904535,
          894.5181259958035
        ],
        [
          -787.9776566334813,
          -768.499445887044
        ],
        [
          227.24819573211084,
          -1098.9253211915668
        ],
        [
          1330.0613835550348,
          -482.37576165365186
        ],
        [
          813.1287389989153,
          413.33182495420033
        ],
        [
          474.02391258895113,
          1131.3016849224282
        ]
      ],
      "1": [
        [
          0.0,
          0.0
        ],
        [
          -1215.8058878748798,
          330.90719760855393
        ],
        [
          -417.90983692904535,
          894.5181259958035
        ],
        [
          -787.9776566334813,
          -768.499445887044
        ],
        [
          227.24819573211084,
          -1098.9253211915668
        ],
        [
          1330.0613835550348,
          -482.37576165365186
        ],
        [
          813.1287389989153,
          413.33182495420033
        ],
        [
          474.02391258895113,
          1131.3016849224282
        ]
      ],
      "2": [
        [
          0.0,
          0.0
        ],
        [
          -1215.8058878748798,
          330.90719760855393
        ],
        [
          -417.90983692904535,
          894.5181259958035
        ],
        [
          -787.9776566334813,
          -768.499445887044
        ],
        [
          227.24819573211084,
          -1098.9253211915668
        ],
        [
          1330.0613835550348,
          -482.37576165365186
        ],
        [
          813.1287389989153,
          413.33182495420033
        ],
        [
          474.02391258895113,
          1131.3016849224282
        ]
      ],
      "5": [
        [
          0.0,
          0.0
        ],
        [
          -1215.8058878748798,
          330.90719760855393
        ],
        [
          -417.90983692904535,
          894.5181259958035
        ],
        [
          -787.9776566334813,
          -768.499445887044
        ],
        [
          227.24819573211084,
          -1098.9253211915668
        ],
        [
          1330.0613835550348,
          -482.37576165365186
        ],
        [
          813.1287389989153,
          413.33182495420033
        ],
        [
          474.02391258895113,
          1131.3016849224282
        ]
      ],
      "10": [
        [
          0.0,
          0.0
        ],
        [
          -1215.8058878748798,
          330.90719760855393
        ],
        [
          -417.90983692904535,
          894.5181259958035
        ],
        [
          -787.9776566334813,
          -768.499445887044
        ],
        [
          227.24819573211084,
          -1098.9253211915668
        ],
        [
          1330.0613835550348,
          -482.37576165365186
        ],
        [
          813.1287389989153,
          413.33182495420033
        ],
        [
          474.02391258895113,
          1131.3016849224282
        ]
      ],
      "14": [
        [
          0.0,
          0.0
        ],
        [
          -1215.8058878748798,
          330.90719760855393
        ],
        [
          -417.90983692904535,
          894.5181259958035
        ],
        [
          -787.9776566334813,
          -768.499445887044
        ],
        [
          227.24819573211084,
          -1098.9253211915668
        ],
        [
          1330.0613835550348,
          -482.37576165365186
        ],
        [
          813.1287389989153,
          413.33182495420033
        ],
        [
          474.02391258895113,
          1131.3016849224282
        ]
      ],
      "15": [
        [
          0.0,
          0.0
        ],
        [
          -1215.8058878748798,
          330.90719760855393
        ],
        [
          -417.90983692904535,
          894.5181259958035
        ],
        [
          -787.9776566334813,
          -768.499445887044
        ],
        [
          227.24819573211084,
          -1098.9253211915668
        ],
        [
          1330.0613835550348,
          -482.37576165365186
        ],
        [
          813.1287389989153,
          413.33182495420033
        ],
        [
          474.02391258895113,
          1131.3016849224282
        ]
      ]
    }
  },
  "simulator_summary": {
    "problem_no": 3,
    "case_code": "F9V5-ZKYJ-XY66-H7QS",
    "end_reason": "user_exit",
    "cleared_jammer_count": 13,
    "jammer_count": 13,
    "measure_accepted_count": 113,
    "virtual_time_us": 2790294066,
    "clear_failure_count": 1
  },
  "actual_problem": 3
}
RUN_FOLDER C:\Users\LENOVO\Desktop\CUMCM2026Problems\解题库\演练调试\results\20260913_043856_160392_p3_ResidualP3

本局结束：清除13个；虚拟耗时2790.29秒。
模拟器确认：13/13。
完整结果：C:\Users\LENOVO\Desktop\CUMCM2026Problems\解题库\演练调试\results\20260913_043856_160392_p3_ResidualP3
