问题3演练：等待接口开放（最长30秒）；请勿切换会话。
已确认演练，机器狗开始自动执行。
[strategy] Q1 v4 算法源 = inline: problem1_v4_inline.py
PRACTICE_ONLY 3 None ResidualP3
{"action": 1, "path": "/enter", "virtual_time_s": 0, "result": null}
{"action": 47, "path": "/clear", "virtual_time_s": 558.987584, "result": "success"}
{"action": 48, "path": "/clear", "virtual_time_s": 716.172622, "result": "success"}
{"action": 52, "path": "/clear", "virtual_time_s": 812.339116, "result": "success"}
{"action": 56, "path": "/clear", "virtual_time_s": 884.678458, "result": "success"}
{"action": 58, "path": "/clear", "virtual_time_s": 960.287565, "result": "success"}
{"action": 60, "path": "/clear", "virtual_time_s": 1061.506664, "result": "no_target_in_range"}
{"action": 62, "path": "/clear", "virtual_time_s": 1076.230115, "result": "success"}
{"action": 72, "path": "/clear", "virtual_time_s": 1265.013675, "result": "no_target_in_range"}
{"action": 75, "path": "/clear", "virtual_time_s": 1287.147174, "result": "success"}
{"action": 94, "path": "/clear", "virtual_time_s": 1644.089157, "result": "success"}
{"action": 95, "path": "/clear", "virtual_time_s": 1755.033011, "result": "success"}
{"action": 100, "path": "/measure", "virtual_time_s": 1785.033011, "result": null}
{"action": 105, "path": "/clear", "virtual_time_s": 1920.290763, "result": "no_target_in_range"}
{"action": 108, "path": "/clear", "virtual_time_s": 1942.36546, "result": "success"}
{"action": 120, "path": "/clear", "virtual_time_s": 2461.323612, "result": "no_target_in_range"}
{"action": 123, "path": "/clear", "virtual_time_s": 2480.350294, "result": "success"}
{"action": 132, "path": "/clear", "virtual_time_s": 2798.648142, "result": "success"}
{
  "cleared": 12,
  "virtual_time_s": 3071.947845,
  "avg_time_per_cleared": 255.99565375,
  "measure_count": 131,
  "clear_count": 16,
  "clear_fail_count": 4,
  "stop_reason": "all_channels_cleared_or_covered",
  "coverage_complete": true,
  "cleared_channels": [
    3,
    5,
    6,
    7,
    8,
    11,
    12,
    13,
    14,
    15,
    16,
    19
  ],
  "absent_channels": [
    1,
    2,
    4,
    9,
    10,
    17,
    18,
    20
  ],
  "runtime_s": 2.9835224999987986,
  "time_breakdown": {
    "move_time_s": 2220.9478464659114,
    "switch_time_s": 124.0,
    "measure_time_s": 655.0,
    "clear_time_s": 72.0
  },
  "mode": "practice",
  "problem": 3,
  "case": "K4SA-BZA9-YJ7F-TMFQ",
  "strategy": "ResidualP3",
  "distance_m": 11104.739232329557,
  "policy_diagnostics": {
    "mask_cache_hits": 7429,
    "mask_cache_misses": 194,
    "coverage_certificate_method": "outer-target128 covered by union of inner-exclusion128, 0.01m margins",
    "coverage_certificates": {},
    "residual_updates": 51,
    "residual_method": "whole 60m cells disjoint from outward-guarded polygon difference",
    "residual_cache_hits": 53,
    "residual_certificates": {
      "1": [
        [
          0.0,
          0.0
        ],
        [
          876.5633961605064,
          105.44492441592524
        ],
        [
          776.3313621931708,
          596.569296407725
        ],
        [
          -583.9957744430825,
          -841.5979433449396
        ],
        [
          -163.95056582422808,
          -934.65797486407
        ],
        [
          253.82678868974256,
          -870.5011069848583
        ],
        [
          935.9958708853825,
          -641.5065765640713
        ],
        [
          332.00856902493837,
          820.2582587904787
        ],
        [
          210.8647618416052,
          1708.5204514304073
        ],
        [
          -702.2139539057566,
          746.3037585524589
        ],
        [
          -1128.998250053021,
          -30.69996322124564
        ]
      ],
      "2": [
        [
          0.0,
          0.0
        ],
        [
          876.5633961605064,
          105.44492441592524
        ],
        [
          776.3313621931708,
          596.569296407725
        ],
        [
          -583.9957744430825,
          -841.5979433449396
        ],
        [
          -163.95056582422808,
          -934.65797486407
        ],
        [
          253.82678868974256,
          -870.5011069848583
        ],
        [
          935.9958708853825,
          -641.5065765640713
        ],
        [
          332.00856902493837,
          820.2582587904787
        ],
        [
          210.8647618416052,
          1708.5204514304073
        ],
        [
          -702.2139539057566,
          746.3037585524589
        ],
        [
          -1128.998250053021,
          -30.69996322124564
        ]
      ],
      "4": [
        [
          0.0,
          0.0
        ],
        [
          876.5633961605064,
          105.44492441592524
        ],
        [
          776.3313621931708,
          596.569296407725
        ],
        [
          -583.9957744430825,
          -841.5979433449396
        ],
        [
          -163.95056582422808,
          -934.65797486407
        ],
        [
          253.82678868974256,
          -870.5011069848583
        ],
        [
          935.9958708853825,
          -641.5065765640713
        ],
        [
          332.00856902493837,
          820.2582587904787
        ],
        [
          210.8647618416052,
          1708.5204514304073
        ],
        [
          -702.2139539057566,
          746.3037585524589
        ],
        [
          -1128.998250053021,
          -30.69996322124564
        ]
      ],
      "9": [
        [
          0.0,
          0.0
        ],
        [
          876.5633961605064,
          105.44492441592524
        ],
        [
          776.3313621931708,
          596.569296407725
        ],
        [
          -583.9957744430825,
          -841.5979433449396
        ],
        [
          -163.95056582422808,
          -934.65797486407
        ],
        [
          253.82678868974256,
          -870.5011069848583
        ],
        [
          935.9958708853825,
          -641.5065765640713
        ],
        [
          332.00856902493837,
          820.2582587904787
        ],
        [
          210.8647618416052,
          1708.5204514304073
        ],
        [
          -702.2139539057566,
          746.3037585524589
        ],
        [
          -1128.998250053021,
          -30.69996322124564
        ]
      ],
      "10": [
        [
          0.0,
          0.0
        ],
        [
          876.5633961605064,
          105.44492441592524
        ],
        [
          776.3313621931708,
          596.569296407725
        ],
        [
          -583.9957744430825,
          -841.5979433449396
        ],
        [
          -163.95056582422808,
          -934.65797486407
        ],
        [
          253.82678868974256,
          -870.5011069848583
        ],
        [
          935.9958708853825,
          -641.5065765640713
        ],
        [
          332.00856902493837,
          820.2582587904787
        ],
        [
          210.8647618416052,
          1708.5204514304073
        ],
        [
          -702.2139539057566,
          746.3037585524589
        ],
        [
          -1128.998250053021,
          -30.69996322124564
        ]
      ],
      "17": [
        [
          0.0,
          0.0
        ],
        [
          876.5633961605064,
          105.44492441592524
        ],
        [
          776.3313621931708,
          596.569296407725
        ],
        [
          -583.9957744430825,
          -841.5979433449396
        ],
        [
          -163.95056582422808,
          -934.65797486407
        ],
        [
          253.82678868974256,
          -870.5011069848583
        ],
        [
          935.9958708853825,
          -641.5065765640713
        ],
        [
          332.00856902493837,
          820.2582587904787
        ],
        [
          210.8647618416052,
          1708.5204514304073
        ],
        [
          -702.2139539057566,
          746.3037585524589
        ],
        [
          -1128.998250053021,
          -30.69996322124564
        ]
      ],
      "18": [
        [
          0.0,
          0.0
        ],
        [
          876.5633961605064,
          105.44492441592524
        ],
        [
          776.3313621931708,
          596.569296407725
        ],
        [
          -583.9957744430825,
          -841.5979433449396
        ],
        [
          -163.95056582422808,
          -934.65797486407
        ],
        [
          253.82678868974256,
          -870.5011069848583
        ],
        [
          935.9958708853825,
          -641.5065765640713
        ],
        [
          332.00856902493837,
          820.2582587904787
        ],
        [
          210.8647618416052,
          1708.5204514304073
        ],
        [
          -702.2139539057566,
          746.3037585524589
        ],
        [
          -1128.998250053021,
          -30.69996322124564
        ]
      ],
      "20": [
        [
          0.0,
          0.0
        ],
        [
          876.5633961605064,
          105.44492441592524
        ],
        [
          776.3313621931708,
          596.569296407725
        ],
        [
          -583.9957744430825,
          -841.5979433449396
        ],
        [
          -163.95056582422808,
          -934.65797486407
        ],
        [
          253.82678868974256,
          -870.5011069848583
        ],
        [
          935.9958708853825,
          -641.5065765640713
        ],
        [
          332.00856902493837,
          820.2582587904787
        ],
        [
          210.8647618416052,
          1708.5204514304073
        ],
        [
          -702.2139539057566,
          746.3037585524589
        ],
        [
          -1128.998250053021,
          -30.69996322124564
        ]
      ]
    }
  },
  "simulator_summary": {
    "problem_no": 3,
    "case_code": "K4SA-BZA9-YJ7F-TMFQ",
    "end_reason": "user_exit",
    "cleared_jammer_count": 12,
    "jammer_count": 12,
    "measure_accepted_count": 131,
    "virtual_time_us": 3071947845,
    "clear_failure_count": 4
  },
  "actual_problem": 3
}
RUN_FOLDER C:\Users\LENOVO\Desktop\CUMCM2026Problems\解题库\演练调试\results\20260913_044056_997747_p3_ResidualP3

本局结束：清除12个；虚拟耗时3071.95秒。
模拟器确认：12/12。
完整结果：C:\Users\LENOVO\Desktop\CUMCM2026Problems\解题库\演练调试\results\20260913_044056_997747_p3_ResidualP3
