[T1] HPI 凸性：单点 + 半径 100
     ok=True, n_vertices=3, convex=True
[T2] 旋转卡壳 vs brute-force (m<=16)
     D_calipers=108.154831, D_brute=108.154831, diff=0.00e+00
[T3] 覆盖判据：3 协调算例
     D=108.1548, covered=False, max_off-r=4.9322, mec_r=54.2840
[T4] 退化：两扇形从相同位置向相反方向展开 → 退化为线段
     n_vertices=1, D=0.0000
[T5] Lipschitz: |dD/dt| <= 2/sin(eps)
     numerical max=0.0000, analytic bound 2/sin(5°)=22.9474, ok=True
[T6] performance: n=3, N_disk=64, 100 runs
     per-call 0.098 ms / run (n=3, N_disk=64)
[T7] wrap(α) cross ±180° equivalence
     [10,190] vs [10,-170] vs [370,190]: D=301.6371/301.6371/301.6371
[T8] n=1 解析解（单扇形）
     n=1, R_eff=1500: D=2999.5431, expected ≈ 3000 m
[T9] n=2 反向扇形（无交集）
     n=2 反向: D=0.0000, n_vertices=0
[T9b] n=2 平行扇形（含 R 截断的椭圆扇形交集）
     n=2 平行: D=3440.3909, n_vertices=3
[T10] 等边三角形反例（Jung 紧性）
     等边三角形 D=100.0000, 直径圆覆盖=False, max_off-r=36.6025

[OK] self-test passed
C:\Users\LENOVO\Desktop\CUMCM2026Problems\解题库\第一问\v3\regen_figures.py:202: UserWarning: Glyph 7522 (\N{LATIN SUBSCRIPT SMALL LETTER I}) missing from font(s) Source Han Sans CN.
  fig.tight_layout()
C:\Users\LENOVO\Desktop\CUMCM2026Problems\解题库\第一问\v3\regen_figures.py:203: UserWarning: Glyph 7522 (\N{LATIN SUBSCRIPT SMALL LETTER I}) missing from font(s) Source Han Sans CN.
  fig.savefig(out, dpi=110, bbox_inches="tight")
[fig1] -> fig1_three_typical.png  (75 KB)
[fig2] -> fig2_diameter_convergence.png  (78 KB)
[fig3] -> fig3_sensitivity_eps.png  (47 KB)
[fig4] -> fig4_R_eff_truncation.png  (51 KB)
[fig5] -> fig5_MEC_vs_diameter.png  (56 KB)
[fig6] -> fig6_cover_geometry.png  (116 KB)
[fig7] -> fig7_grid_overview.png  (74 KB)

[OK] 7 张图全部重画完成（修正 v3.3 孤儿图 bug）
PDF 已生成: C:\Users\LENOVO\Desktop\CUMCM2026Problems\解题库\第一问\v3\问题一建模_v3.pdf  (637.5 KB)

>>> [核心库自检] C:\Python314\python.exe C:\Users\LENOVO\Desktop\CUMCM2026Problems\解题库\第一问\v3\problem1_core_v3.py

>>> [图重画(v3.5.6)] C:\Python314\python.exe C:\Users\LENOVO\Desktop\CUMCM2026Problems\解题库\第一问\v3\regen_figures.py

>>> [PDF 生成] C:\Python314\python.exe C:\Users\LENOVO\Desktop\CUMCM2026Problems\解题库\第一问\v3\gen_problem1_pdf_v3.py

[OK] v3 全部完成
产物：C:\Users\LENOVO\Desktop\CUMCM2026Problems\解题库\第一问\v3\问题一建模_v3.pdf
