问题3演练：等待接口开放（最长30秒）；请勿切换会话。
已确认演练，机器狗开始自动执行。
[strategy] Q1 v4 算法源 = inline: problem1_v4_inline.py
PRACTICE_ONLY 3 None HopP3
{"action": 1, "path": "/enter", "virtual_time_s": 0, "result": null}
{"action": 55, "path": "/clear", "virtual_time_s": 664.880227, "result": "success"}
{"action": 90, "path": "/clear", "virtual_time_s": 1122.227406, "result": "success"}
{"action": 92, "path": "/clear", "virtual_time_s": 1231.941374, "result": "success"}
{"action": 93, "path": "/clear", "virtual_time_s": 1378.371374, "result": "success"}
{"action": 100, "path": "/measure", "virtual_time_s": 1420.371374, "result": null}
{"action": 107, "path": "/clear", "virtual_time_s": 1549.508166, "result": "no_target_in_range"}
{"action": 110, "path": "/clear", "virtual_time_s": 1573.910041, "result": "success"}
{"action": 114, "path": "/clear", "virtual_time_s": 1665.948969, "result": "success"}
{"action": 115, "path": "/clear", "virtual_time_s": 1702.559194, "result": "success"}
{"action": 126, "path": "/clear", "virtual_time_s": 2007.351849, "result": "success"}
{"action": 148, "path": "/clear", "virtual_time_s": 2637.27741, "result": "success"}
{"action": 149, "path": "/clear", "virtual_time_s": 2855.267966, "result": "success"}
{"action": 160, "path": "/clear", "virtual_time_s": 3092.407335, "result": "success"}
{
  "cleared": 11,
  "virtual_time_s": 3145.407335,
  "avg_time_per_cleared": 285.94612136363634,
  "measure_count": 156,
  "clear_count": 12,
  "clear_fail_count": 1,
  "stop_reason": "all_channels_cleared_or_covered",
  "coverage_complete": true,
  "cleared_channels": [
    1,
    2,
    4,
    7,
    9,
    11,
    15,
    17,
    18,
    19,
    20
  ],
  "absent_channels": [
    3,
    5,
    6,
    8,
    10,
    12,
    13,
    14,
    16
  ],
  "runtime_s": 2.9858225000025413,
  "time_breakdown": {
    "move_time_s": 2156.407334661826,
    "switch_time_s": 151.0,
    "measure_time_s": 780.0,
    "clear_time_s": 58.0
  },
  "mode": "practice",
  "problem": 3,
  "case": "VJB2-DRF6-9ZM8-ZPRF",
  "strategy": "HopP3",
  "distance_m": 10782.03667330913,
  "policy_diagnostics": {
    "mask_cache_hits": 7141,
    "mask_cache_misses": 243,
    "coverage_certificate_method": "outer-target128 covered by union of inner-exclusion128, 0.01m margins",
    "coverage_certificates": {}
  },
  "simulator_summary": {
    "problem_no": 3,
    "case_code": "VJB2-DRF6-9ZM8-ZPRF",
    "end_reason": "user_exit",
    "cleared_jammer_count": 11,
    "jammer_count": 11,
    "measure_accepted_count": 156,
    "virtual_time_us": 3145407335,
    "clear_failure_count": 1
  },
  "actual_problem": 3
}
RUN_FOLDER C:\Users\LENOVO\Desktop\CUMCM2026Problems\解题库\演练调试\results\20260913_042145_204190_p3_HopP3

本局结束：清除11个；虚拟耗时3145.41秒。
模拟器确认：11/11。
完整结果：C:\Users\LENOVO\Desktop\CUMCM2026Problems\解题库\演练调试\results\20260913_042145_204190_p3_HopP3
