问题3演练：等待接口开放（最长30秒）；请勿切换会话。
已确认演练，机器狗开始自动执行。
[strategy] Q1 v4 算法源 = inline: problem1_v4_inline.py
PRACTICE_ONLY 3 None OpticalTaskP3
{"action": 1, "path": "/enter", "virtual_time_s": 0, "result": null}
{"action": 23, "path": "/clear", "virtual_time_s": 275.068399, "result": "success"}
{"action": 55, "path": "/clear", "virtual_time_s": 696.783801, "result": "success"}
{"action": 57, "path": "/clear", "virtual_time_s": 773.479221, "result": "success"}
{"action": 60, "path": "/clear", "virtual_time_s": 1075.684212, "result": "no_target_in_range"}
{"action": 61, "path": "/clear", "virtual_time_s": 1083.976079, "result": "no_target_in_range"}
{"action": 62, "path": "/clear", "virtual_time_s": 1094.267946, "result": "success"}
{"action": 88, "path": "/clear", "virtual_time_s": 1634.034554, "result": "success"}
{"action": 100, "path": "/measure", "virtual_time_s": 1706.034554, "result": null}
{"action": 113, "path": "/clear", "virtual_time_s": 1956.750122, "result": "success"}
{"action": 115, "path": "/clear", "virtual_time_s": 1982.285834, "result": "success"}
{"action": 127, "path": "/clear", "virtual_time_s": 2210.631869, "result": "success"}
{"action": 140, "path": "/clear", "virtual_time_s": 2439.277475, "result": "success"}
{"action": 143, "path": "/clear", "virtual_time_s": 2485.313543, "result": "success"}
{"action": 145, "path": "/clear", "virtual_time_s": 2681.483338, "result": "success"}
{"action": 154, "path": "/clear", "virtual_time_s": 2971.569865, "result": "success"}
{
  "cleared": 12,
  "virtual_time_s": 2971.569865,
  "avg_time_per_cleared": 247.63082208333333,
  "measure_count": 139,
  "clear_count": 14,
  "clear_fail_count": 2,
  "stop_reason": "all_channels_cleared_or_covered",
  "coverage_complete": true,
  "cleared_channels": [
    3,
    6,
    8,
    9,
    10,
    12,
    13,
    15,
    16,
    18,
    19,
    20
  ],
  "absent_channels": [
    1,
    2,
    4,
    5,
    7,
    11,
    14,
    17
  ],
  "runtime_s": 3.0062971000006655,
  "time_breakdown": {
    "move_time_s": 2075.569864634863,
    "switch_time_s": 135.0,
    "measure_time_s": 695.0,
    "clear_time_s": 66.0
  },
  "mode": "practice",
  "problem": 3,
  "case": "GHZF-RURM-PEB6-YDWN",
  "strategy": "OpticalTaskP3",
  "distance_m": 10377.849323174314,
  "policy_diagnostics": {
    "mask_cache_hits": 7961,
    "mask_cache_misses": 217,
    "coverage_certificate_method": "outer-target128 covered by union of inner-exclusion128, 0.01m margins",
    "coverage_certificates": {},
    "residual_updates": 51,
    "residual_method": "whole 60m cells disjoint from outward-guarded polygon difference",
    "residual_cache_hits": 46,
    "residual_certificates": {
      "1": [
        [
          0.0,
          0.0
        ],
        [
          960.5766299154051,
          -33.91965511179319
        ],
        [
          1378.5064208293452,
          272.8508218869455
        ],
        [
          1091.3684101411457,
          -1364.3876418973418
        ],
        [
          -201.48504356079212,
          -905.3456042344037
        ],
        [
          -742.0276659803185,
          -793.9384448467173
        ],
        [
          -828.4092957594135,
          -364.0121107559504
        ],
        [
          -874.2895699530965,
          248.55499476133605
        ],
        [
          -517.5857380712749,
          1010.7314809934321
        ],
        [
          502.79924956369365,
          1577.7149927484024
        ]
      ],
      "2": [
        [
          0.0,
          0.0
        ],
        [
          960.5766299154051,
          -33.91965511179319
        ],
        [
          1378.5064208293452,
          272.8508218869455
        ],
        [
          1091.3684101411457,
          -1364.3876418973418
        ],
        [
          -201.48504356079212,
          -905.3456042344037
        ],
        [
          -742.0276659803185,
          -793.9384448467173
        ],
        [
          -828.4092957594135,
          -364.0121107559504
        ],
        [
          -874.2895699530965,
          248.55499476133605
        ],
        [
          -517.5857380712749,
          1010.7314809934321
        ],
        [
          502.79924956369365,
          1577.7149927484024
        ]
      ],
      "4": [
        [
          0.0,
          0.0
        ],
        [
          960.5766299154051,
          -33.91965511179319
        ],
        [
          1378.5064208293452,
          272.8508218869455
        ],
        [
          1091.3684101411457,
          -1364.3876418973418
        ],
        [
          -201.48504356079212,
          -905.3456042344037
        ],
        [
          -742.0276659803185,
          -793.9384448467173
        ],
        [
          -828.4092957594135,
          -364.0121107559504
        ],
        [
          -874.2895699530965,
          248.55499476133605
        ],
        [
          -517.5857380712749,
          1010.7314809934321
        ],
        [
          502.79924956369365,
          1577.7149927484024
        ]
      ],
      "5": [
        [
          0.0,
          0.0
        ],
        [
          960.5766299154051,
          -33.91965511179319
        ],
        [
          1378.5064208293452,
          272.8508218869455
        ],
        [
          1091.3684101411457,
          -1364.3876418973418
        ],
        [
          -201.48504356079212,
          -905.3456042344037
        ],
        [
          -742.0276659803185,
          -793.9384448467173
        ],
        [
          -828.4092957594135,
          -364.0121107559504
        ],
        [
          -874.2895699530965,
          248.55499476133605
        ],
        [
          -517.5857380712749,
          1010.7314809934321
        ],
        [
          502.79924956369365,
          1577.7149927484024
        ]
      ],
      "7": [
        [
          0.0,
          0.0
        ],
        [
          960.5766299154051,
          -33.91965511179319
        ],
        [
          1378.5064208293452,
          272.8508218869455
        ],
        [
          1091.3684101411457,
          -1364.3876418973418
        ],
        [
          -201.48504356079212,
          -905.3456042344037
        ],
        [
          -742.0276659803185,
          -793.9384448467173
        ],
        [
          -828.4092957594135,
          -364.0121107559504
        ],
        [
          -874.2895699530965,
          248.55499476133605
        ],
        [
          -517.5857380712749,
          1010.7314809934321
        ],
        [
          502.79924956369365,
          1577.7149927484024
        ]
      ],
      "11": [
        [
          0.0,
          0.0
        ],
        [
          960.5766299154051,
          -33.91965511179319
        ],
        [
          1378.5064208293452,
          272.8508218869455
        ],
        [
          1091.3684101411457,
          -1364.3876418973418
        ],
        [
          -201.48504356079212,
          -905.3456042344037
        ],
        [
          -742.0276659803185,
          -793.9384448467173
        ],
        [
          -828.4092957594135,
          -364.0121107559504
        ],
        [
          -874.2895699530965,
          248.55499476133605
        ],
        [
          -517.5857380712749,
          1010.7314809934321
        ],
        [
          502.79924956369365,
          1577.7149927484024
        ]
      ],
      "14": [
        [
          0.0,
          0.0
        ],
        [
          960.5766299154051,
          -33.91965511179319
        ],
        [
          1378.5064208293452,
          272.8508218869455
        ],
        [
          1091.3684101411457,
          -1364.3876418973418
        ],
        [
          -201.48504356079212,
          -905.3456042344037
        ],
        [
          -742.0276659803185,
          -793.9384448467173
        ],
        [
          -828.4092957594135,
          -364.0121107559504
        ],
        [
          -874.2895699530965,
          248.55499476133605
        ],
        [
          -517.5857380712749,
          1010.7314809934321
        ],
        [
          502.79924956369365,
          1577.7149927484024
        ]
      ],
      "17": [
        [
          0.0,
          0.0
        ],
        [
          960.5766299154051,
          -33.91965511179319
        ],
        [
          1378.5064208293452,
          272.8508218869455
        ],
        [
          1091.3684101411457,
          -1364.3876418973418
        ],
        [
          -201.48504356079212,
          -905.3456042344037
        ],
        [
          -742.0276659803185,
          -793.9384448467173
        ],
        [
          -828.4092957594135,
          -364.0121107559504
        ],
        [
          -874.2895699530965,
          248.55499476133605
        ],
        [
          -517.5857380712749,
          1010.7314809934321
        ],
        [
          502.79924956369365,
          1577.7149927484024
        ]
      ]
    },
    "probe_plans": [
      {
        "ch": 19,
        "old": [
          500.5846050453735,
          -97.03119700162097
        ],
        "chosen": [
          650.2967112764532,
          -46.1418966936285
        ],
        "predicted_old_s": 223.6060859338129,
        "predicted_new_s": 220.864318666604
      },
      {
        "ch": 13,
        "old": [
          1103.261413279213,
          -523.4511174269575
        ],
        "chosen": [
          1213.2679104533759,
          -634.908470477949
        ],
        "predicted_old_s": 250.92956101465575,
        "predicted_new_s": 250.18134953207698
      },
      {
        "ch": 3,
        "old": [
          -663.5426616835105,
          1487.6583857276912
        ],
        "chosen": [
          -497.9776004576357,
          1331.6563320153552
        ],
        "predicted_old_s": 136.95040347535743,
        "predicted_new_s": 113.56676589657984
      }
    ],
    "cardinality_certificates": [],
    "optical_plans": [
      {
        "ch": 13,
        "points": [
          [
            1099.0578112779772,
            -1312.030607727117
          ],
          [
            1095.2131107095615,
            -1338.2091248122292
          ],
          [
            1091.3684101411457,
            -1364.3876418973418
          ],
          [
            1087.52370957273,
            -1390.566158982454
          ],
          [
            1083.6790090043141,
            -1416.7446760675662
          ],
          [
            1079.8343084358985,
            -1442.9231931526788
          ]
        ],
        "expected_s": 164.68394789030282,
        "half_width": 14.608044650383817,
        "half_length": 13.64570011001241,
        "axial_bounds": [
          -1284.348391235206,
          -1124.760309345128
        ],
        "radius_guard": 19.99,
        "previous_expected_s": 166.57291256013832,
        "feasible_polygon": [
          [
            1063.3985002228796,
            -1454.3014315218143
          ],
          [
            1073.5518883519192,
            -1447.5171544714867
          ],
          [
            1096.7163475781356,
            -1428.5065740835157
          ],
          [
            1102.031545760362,
            -1392.3154575197864
          ],
          [
            1092.1289912963507,
            -1297.2209297921452
          ]
        ]
      },
      {
        "ch": 6,
        "points": [
          [
            -912.6146493166681,
            57.72303094306662
          ],
          [
            -916.3426602758462,
            74.7427226934652
          ]
        ],
        "expected_s": 91.01187622917945,
        "half_width": 15.592164974956802,
        "half_length": 12.509376139269708,
        "axial_bounds": [
          -281.5892812936392,
          -239.1473268699619
        ],
        "radius_guard": 19.99,
        "previous_expected_s": 92.70369175992954,
        "feasible_polygon": [
          [
            -926.9467576086622,
            50.28276929156731
          ],
          [
            -895.8255410346677,
            48.59458068718609
          ],
          [
            -901.6882320709366,
            80.71147966782917
          ],
          [
            -934.2503290462437,
            83.62616229813061
          ]
        ]
      },
      {
        "ch": 3,
        "points": [
          [
            -560.8159059975378,
            1543.991226904722
          ],
          [
            -569.1611456359872,
            1574.8664899275886
          ],
          [
            -577.5063852744365,
            1605.741752950455
          ],
          [
            -585.851624912886,
            1636.6170159733217
          ],
          [
            -594.1968645513355,
            1667.4922789961884
          ]
        ],
        "expected_s": 64.40267549466225,
        "half_width": 5.257874311804443,
        "half_length": 19.286131227420054,
        "axial_bounds": [
          1617.5508096934668,
          1784.055860211686
        ],
        "radius_guard": 19.99,
        "previous_expected_s": 71.08670684987233,
        "feasible_polygon": [
          [
            -594.1533771686939,
            1687.4822316936702
          ],
          [
            -586.3108339543041,
            1618.1651276233135
          ],
          [
            -557.5546639967895,
            1524.894505744222
          ],
          [
            -560.5207094884829,
            1563.0499198876882
          ]
        ]
      }
    ]
  },
  "simulator_summary": {
    "problem_no": 3,
    "case_code": "GHZF-RURM-PEB6-YDWN",
    "end_reason": "user_exit",
    "cleared_jammer_count": 12,
    "jammer_count": 12,
    "measure_accepted_count": 139,
    "virtual_time_us": 2971569865,
    "clear_failure_count": 2
  },
  "actual_problem": 3
}
RUN_FOLDER C:\Users\LENOVO\Desktop\CUMCM2026Problems\解题库\演练调试\results\20260913_052956_816831_p3_OpticalTaskP3

本局结束：清除12个；虚拟耗时2971.57秒。
模拟器确认：12/12。
完整结果：C:\Users\LENOVO\Desktop\CUMCM2026Problems\解题库\演练调试\results\20260913_052956_816831_p3_OpticalTaskP3
