问题4演练：等待接口开放（最长30秒）；请勿切换会话。
已确认演练，机器狗开始自动执行。
[strategy] Q1 v4 算法源 = inline: problem1_v4_inline.py
PRACTICE_ONLY 4 None FastP4_grid49
{"action": 1, "path": "/enter", "virtual_time_s": 0, "result": null}
{"action": 100, "path": "/measure", "virtual_time_s": 1153, "result": null}
{"action": 200, "path": "/measure", "virtual_time_s": 2453, "result": null}
{"action": 300, "path": "/measure", "virtual_time_s": 3893, "result": null}
{"action": 400, "path": "/measure", "virtual_time_s": 5333, "result": null}
{"action": 500, "path": "/measure", "virtual_time_s": 6913, "result": null}
{"action": 600, "path": "/measure", "virtual_time_s": 8913, "result": null}
{"action": 700, "path": "/measure", "virtual_time_s": 13251.994949, "result": null}
{"action": 731, "path": "/clear", "virtual_time_s": 17103.220068, "result": "success"}
{"action": 732, "path": "/clear", "virtual_time_s": 17219.971348, "result": "success"}
{"action": 733, "path": "/clear", "virtual_time_s": 17266.547335, "result": "success"}
{"action": 734, "path": "/clear", "virtual_time_s": 17367.538245, "result": "success"}
{"action": 735, "path": "/clear", "virtual_time_s": 17445.607137, "result": "success"}
{"action": 736, "path": "/clear", "virtual_time_s": 17553.616145, "result": "success"}
{"action": 737, "path": "/clear", "virtual_time_s": 17808.553763, "result": "success"}
{"action": 738, "path": "/clear", "virtual_time_s": 17900.061361, "result": "success"}
{"action": 739, "path": "/clear", "virtual_time_s": 18021.76083, "result": "success"}
{"action": 740, "path": "/clear", "virtual_time_s": 18302.78138, "result": "success"}
{"action": 741, "path": "/clear", "virtual_time_s": 18404.158323, "result": "success"}
{"action": 742, "path": "/clear", "virtual_time_s": 18460.826418, "result": "success"}
{"action": 743, "path": "/clear", "virtual_time_s": 18543.972585, "result": "success"}
{"action": 744, "path": "/clear", "virtual_time_s": 18729.891592, "result": "success"}
{"action": 745, "path": "/clear", "virtual_time_s": 18760.507926, "result": "success"}
{"action": 746, "path": "/clear", "virtual_time_s": 19085.096483, "result": "success"}
{
  "cleared": 16,
  "virtual_time_s": 19085.096483,
  "avg_time_per_cleared": 1192.8185301875,
  "measure_count": 729,
  "clear_count": 16,
  "clear_fail_count": 0,
  "stop_reason": "all_channels_cleared_or_covered",
  "coverage_complete": true,
  "cleared_channels": [
    2,
    4,
    5,
    6,
    8,
    9,
    10,
    11,
    12,
    13,
    14,
    16,
    17,
    18,
    19,
    20
  ],
  "absent_channels": [
    1,
    3,
    7,
    15
  ],
  "runtime_s": 8.646899000003032,
  "time_breakdown": {
    "move_time_s": 14651.09648244518,
    "switch_time_s": 709.0,
    "measure_time_s": 3645.0,
    "clear_time_s": 80.0
  },
  "mode": "practice",
  "problem": 4,
  "case": "XE5X-XMR6-GXPU-UNZ3",
  "strategy": "FastP4_grid49",
  "distance_m": 73255.4824122259,
  "simulator_summary": {
    "problem_no": 4,
    "case_code": "XE5X-XMR6-GXPU-UNZ3",
    "end_reason": "user_exit",
    "cleared_jammer_count": 16,
    "jammer_count": 16,
    "measure_accepted_count": 729,
    "virtual_time_us": 19085096483,
    "clear_failure_count": 0
  },
  "actual_problem": 4
}
RUN_FOLDER C:\Users\LENOVO\Desktop\CUMCM2026Problems\解题库\演练调试\results\20260913_050307_470515_p4_FastP4_grid49

本局结束：清除16个；虚拟耗时19085.10秒。
模拟器确认：16/16。
完整结果：C:\Users\LENOVO\Desktop\CUMCM2026Problems\解题库\演练调试\results\20260913_050307_470515_p4_FastP4_grid49
