问题3演练：等待接口开放（最长30秒）；请勿切换会话。
已确认演练，机器狗开始自动执行。
[strategy] Q1 v4 算法源 = inline: problem1_v4_inline.py
PRACTICE_ONLY 3 None ResidualP3
{"action": 1, "path": "/enter", "virtual_time_s": 0, "result": null}
{"action": 40, "path": "/clear", "virtual_time_s": 508.685676, "result": "success"}
{"action": 56, "path": "/clear", "virtual_time_s": 855.681655, "result": "success"}
{"action": 57, "path": "/clear", "virtual_time_s": 917.099518, "result": "no_target_in_range"}
{"action": 60, "path": "/clear", "virtual_time_s": 940.065772, "result": "success"}
{"action": 73, "path": "/clear", "virtual_time_s": 1146.750164, "result": "success"}
{"action": 76, "path": "/clear", "virtual_time_s": 1307.632289, "result": "success"}
{"action": 88, "path": "/clear", "virtual_time_s": 1634.196183, "result": "success"}
{"action": 100, "path": "/measure", "virtual_time_s": 1797.226791, "result": null}
{"action": 112, "path": "/clear", "virtual_time_s": 2000.523704, "result": "success"}
{"action": 113, "path": "/clear", "virtual_time_s": 2184.082259, "result": "success"}
{"action": 115, "path": "/clear", "virtual_time_s": 2305.704404, "result": "success"}
{"action": 126, "path": "/clear", "virtual_time_s": 2589.020878, "result": "success"}
{
  "cleared": 10,
  "virtual_time_s": 2749.142626,
  "avg_time_per_cleared": 274.9142626,
  "measure_count": 134,
  "clear_count": 11,
  "clear_fail_count": 1,
  "stop_reason": "all_channels_cleared_or_covered",
  "coverage_complete": true,
  "cleared_channels": [
    2,
    3,
    8,
    9,
    12,
    14,
    15,
    16,
    17,
    18
  ],
  "absent_channels": [
    1,
    4,
    5,
    6,
    7,
    10,
    11,
    13,
    19,
    20
  ],
  "runtime_s": 2.6228480999998283,
  "time_breakdown": {
    "move_time_s": 1896.1426263832511,
    "switch_time_s": 130.0,
    "measure_time_s": 670.0,
    "clear_time_s": 53.0
  },
  "mode": "practice",
  "problem": 3,
  "case": "3Z8W-XU5U-WYVP-F8K4",
  "strategy": "ResidualP3",
  "distance_m": 9480.713131916256,
  "policy_diagnostics": {
    "mask_cache_hits": 5721,
    "mask_cache_misses": 130,
    "coverage_certificate_method": "outer-target128 covered by union of inner-exclusion128, 0.01m margins",
    "coverage_certificates": {},
    "residual_updates": 52,
    "residual_method": "whole 60m cells disjoint from outward-guarded polygon difference",
    "residual_cache_hits": 47,
    "residual_certificates": {
      "1": [
        [
          0.0,
          0.0
        ],
        [
          -838.862936010355,
          -301.0758125091182
        ],
        [
          -615.6576249838649,
          -739.7246639346579
        ],
        [
          8.813277964108584,
          -1296.689349140734
        ],
        [
          981.237674520415,
          -572.9559458142369
        ],
        [
          847.6665945409081,
          287.3067135734266
        ],
        [
          561.8940225637261,
          725.4064595297657
        ],
        [
          -920.6027842268551,
          275.9978422691334
        ],
        [
          -583.8171821525319,
          1314.3270408302724
        ],
        [
          -390.4696992064977,
          1384.2677694762845
        ]
      ],
      "4": [
        [
          0.0,
          0.0
        ],
        [
          -838.862936010355,
          -301.0758125091182
        ],
        [
          -615.6576249838649,
          -739.7246639346579
        ],
        [
          8.813277964108584,
          -1296.689349140734
        ],
        [
          981.237674520415,
          -572.9559458142369
        ],
        [
          847.6665945409081,
          287.3067135734266
        ],
        [
          561.8940225637261,
          725.4064595297657
        ],
        [
          -920.6027842268551,
          275.9978422691334
        ],
        [
          -583.8171821525319,
          1314.3270408302724
        ],
        [
          -390.4696992064977,
          1384.2677694762845
        ]
      ],
      "5": [
        [
          0.0,
          0.0
        ],
        [
          -838.862936010355,
          -301.0758125091182
        ],
        [
          -615.6576249838649,
          -739.7246639346579
        ],
        [
          8.813277964108584,
          -1296.689349140734
        ],
        [
          981.237674520415,
          -572.9559458142369
        ],
        [
          847.6665945409081,
          287.3067135734266
        ],
        [
          561.8940225637261,
          725.4064595297657
        ],
        [
          -920.6027842268551,
          275.9978422691334
        ],
        [
          -583.8171821525319,
          1314.3270408302724
        ],
        [
          -390.4696992064977,
          1384.2677694762845
        ]
      ],
      "6": [
        [
          0.0,
          0.0
        ],
        [
          -838.862936010355,
          -301.0758125091182
        ],
        [
          -615.6576249838649,
          -739.7246639346579
        ],
        [
          8.813277964108584,
          -1296.689349140734
        ],
        [
          981.237674520415,
          -572.9559458142369
        ],
        [
          847.6665945409081,
          287.3067135734266
        ],
        [
          561.8940225637261,
          725.4064595297657
        ],
        [
          -920.6027842268551,
          275.9978422691334
        ],
        [
          -583.8171821525319,
          1314.3270408302724
        ],
        [
          -390.4696992064977,
          1384.2677694762845
        ]
      ],
      "7": [
        [
          0.0,
          0.0
        ],
        [
          -838.862936010355,
          -301.0758125091182
        ],
        [
          -615.6576249838649,
          -739.7246639346579
        ],
        [
          8.813277964108584,
          -1296.689349140734
        ],
        [
          981.237674520415,
          -572.9559458142369
        ],
        [
          847.6665945409081,
          287.3067135734266
        ],
        [
          561.8940225637261,
          725.4064595297657
        ],
        [
          -920.6027842268551,
          275.9978422691334
        ],
        [
          -583.8171821525319,
          1314.3270408302724
        ],
        [
          -390.4696992064977,
          1384.2677694762845
        ]
      ],
      "10": [
        [
          0.0,
          0.0
        ],
        [
          -838.862936010355,
          -301.0758125091182
        ],
        [
          -615.6576249838649,
          -739.7246639346579
        ],
        [
          8.813277964108584,
          -1296.689349140734
        ],
        [
          981.237674520415,
          -572.9559458142369
        ],
        [
          847.6665945409081,
          287.3067135734266
        ],
        [
          561.8940225637261,
          725.4064595297657
        ],
        [
          -920.6027842268551,
          275.9978422691334
        ],
        [
          -583.8171821525319,
          1314.3270408302724
        ],
        [
          -390.4696992064977,
          1384.2677694762845
        ]
      ],
      "11": [
        [
          0.0,
          0.0
        ],
        [
          -838.862936010355,
          -301.0758125091182
        ],
        [
          -615.6576249838649,
          -739.7246639346579
        ],
        [
          8.813277964108584,
          -1296.689349140734
        ],
        [
          981.237674520415,
          -572.9559458142369
        ],
        [
          847.6665945409081,
          287.3067135734266
        ],
        [
          561.8940225637261,
          725.4064595297657
        ],
        [
          -920.6027842268551,
          275.9978422691334
        ],
        [
          -583.8171821525319,
          1314.3270408302724
        ],
        [
          -390.4696992064977,
          1384.2677694762845
        ]
      ],
      "13": [
        [
          0.0,
          0.0
        ],
        [
          -838.862936010355,
          -301.0758125091182
        ],
        [
          -615.6576249838649,
          -739.7246639346579
        ],
        [
          8.813277964108584,
          -1296.689349140734
        ],
        [
          981.237674520415,
          -572.9559458142369
        ],
        [
          847.6665945409081,
          287.3067135734266
        ],
        [
          561.8940225637261,
          725.4064595297657
        ],
        [
          -920.6027842268551,
          275.9978422691334
        ],
        [
          -583.8171821525319,
          1314.3270408302724
        ],
        [
          -390.4696992064977,
          1384.2677694762845
        ]
      ],
      "19": [
        [
          0.0,
          0.0
        ],
        [
          -838.862936010355,
          -301.0758125091182
        ],
        [
          -615.6576249838649,
          -739.7246639346579
        ],
        [
          8.813277964108584,
          -1296.689349140734
        ],
        [
          981.237674520415,
          -572.9559458142369
        ],
        [
          847.6665945409081,
          287.3067135734266
        ],
        [
          561.8940225637261,
          725.4064595297657
        ],
        [
          -920.6027842268551,
          275.9978422691334
        ],
        [
          -583.8171821525319,
          1314.3270408302724
        ],
        [
          -390.4696992064977,
          1384.2677694762845
        ]
      ],
      "20": [
        [
          0.0,
          0.0
        ],
        [
          -838.862936010355,
          -301.0758125091182
        ],
        [
          -615.6576249838649,
          -739.7246639346579
        ],
        [
          8.813277964108584,
          -1296.689349140734
        ],
        [
          981.237674520415,
          -572.9559458142369
        ],
        [
          847.6665945409081,
          287.3067135734266
        ],
        [
          561.8940225637261,
          725.4064595297657
        ],
        [
          -920.6027842268551,
          275.9978422691334
        ],
        [
          -583.8171821525319,
          1314.3270408302724
        ],
        [
          -390.4696992064977,
          1384.2677694762845
        ]
      ]
    }
  },
  "simulator_summary": {
    "problem_no": 3,
    "case_code": "3Z8W-XU5U-WYVP-F8K4",
    "end_reason": "user_exit",
    "cleared_jammer_count": 10,
    "jammer_count": 10,
    "measure_accepted_count": 134,
    "virtual_time_us": 2749142626,
    "clear_failure_count": 1
  },
  "actual_problem": 3
}
RUN_FOLDER C:\Users\LENOVO\Desktop\CUMCM2026Problems\解题库\演练调试\results\20260913_043839_868148_p3_ResidualP3

本局结束：清除10个；虚拟耗时2749.14秒。
模拟器确认：10/10。
完整结果：C:\Users\LENOVO\Desktop\CUMCM2026Problems\解题库\演练调试\results\20260913_043839_868148_p3_ResidualP3
