问题3演练：等待接口开放（最长30秒）；请勿切换会话。
已确认演练，机器狗开始自动执行。
[strategy] Q1 v4 算法源 = inline: problem1_v4_inline.py
PRACTICE_ONLY 3 None ResidualP3
{"action": 1, "path": "/enter", "virtual_time_s": 0, "result": null}
{"action": 40, "path": "/clear", "virtual_time_s": 566.447835, "result": "success"}
{"action": 76, "path": "/clear", "virtual_time_s": 1187.203854, "result": "success"}
{"action": 89, "path": "/clear", "virtual_time_s": 1477.086961, "result": "no_target_in_range"}
{"action": 92, "path": "/clear", "virtual_time_s": 1498.246203, "result": "success"}
{"action": 100, "path": "/measure", "virtual_time_s": 1546.246203, "result": null}
{"action": 106, "path": "/clear", "virtual_time_s": 1870.555288, "result": "no_target_in_range"}
{"action": 109, "path": "/clear", "virtual_time_s": 1892.883978, "result": "success"}
{"action": 120, "path": "/clear", "virtual_time_s": 2013.895383, "result": "success"}
{"action": 123, "path": "/clear", "virtual_time_s": 2096.485712, "result": "no_target_in_range"}
{"action": 126, "path": "/clear", "virtual_time_s": 2119.378664, "result": "success"}
{"action": 127, "path": "/clear", "virtual_time_s": 2289.105912, "result": "success"}
{"action": 128, "path": "/clear", "virtual_time_s": 2480.624379, "result": "success"}
{"action": 143, "path": "/clear", "virtual_time_s": 2741.543427, "result": "success"}
{"action": 144, "path": "/clear", "virtual_time_s": 2802.738593, "result": "success"}
{"action": 151, "path": "/clear", "virtual_time_s": 2880.019443, "result": "success"}
{"action": 152, "path": "/clear", "virtual_time_s": 2941.29954, "result": "success"}
{"action": 153, "path": "/clear", "virtual_time_s": 3027.604535, "result": "success"}
{"action": 154, "path": "/clear", "virtual_time_s": 3092.358996, "result": "success"}
{
  "cleared": 14,
  "virtual_time_s": 3092.358996,
  "avg_time_per_cleared": 220.88278542857142,
  "measure_count": 136,
  "clear_count": 17,
  "clear_fail_count": 3,
  "stop_reason": "all_channels_cleared_or_covered",
  "coverage_complete": true,
  "cleared_channels": [
    2,
    3,
    4,
    6,
    7,
    9,
    10,
    11,
    12,
    15,
    16,
    17,
    18,
    20
  ],
  "absent_channels": [
    1,
    5,
    8,
    13,
    14,
    19
  ],
  "runtime_s": 2.7858560000022408,
  "time_breakdown": {
    "move_time_s": 2212.358996567439,
    "switch_time_s": 121.0,
    "measure_time_s": 680.0,
    "clear_time_s": 79.0
  },
  "mode": "practice",
  "problem": 3,
  "case": "GUZN-W7Q5-YGNS-GB97",
  "strategy": "ResidualP3",
  "distance_m": 11061.794982837197,
  "policy_diagnostics": {
    "mask_cache_hits": 7356,
    "mask_cache_misses": 215,
    "coverage_certificate_method": "outer-target128 covered by union of inner-exclusion128, 0.01m margins",
    "coverage_certificates": {},
    "residual_updates": 34,
    "residual_method": "whole 60m cells disjoint from outward-guarded polygon difference",
    "residual_cache_hits": 29,
    "residual_certificates": {
      "19": [
        [
          0.0,
          0.0
        ],
        [
          789.4745028971458,
          -593.6578135090524
        ],
        [
          181.4458404582806,
          -927.5964883018646
        ],
        [
          -238.68439325895588,
          -836.0337910081223
        ],
        [
          -613.3644106248644,
          -713.0047627090077
        ],
        [
          -1584.652795050013,
          -65.6580031080697
        ],
        [
          -1364.811162661087,
          879.8180344497167
        ],
        [
          -401.28370498958253,
          1386.690656946362
        ],
        [
          538.8257515626809,
          811.4325591798544
        ],
        [
          675.8948837866645,
          584.7650061728049
        ],
        [
          1013.2682682876911,
          102.86384697421886
        ]
      ],
      "1": [
        [
          0.0,
          0.0
        ],
        [
          789.4745028971458,
          -593.6578135090524
        ],
        [
          181.4458404582806,
          -927.5964883018646
        ],
        [
          -238.68439325895588,
          -836.0337910081223
        ],
        [
          -613.3644106248644,
          -713.0047627090077
        ],
        [
          -1584.652795050013,
          -65.6580031080697
        ],
        [
          -1364.811162661087,
          879.8180344497167
        ],
        [
          -401.28370498958253,
          1386.690656946362
        ],
        [
          538.8257515626809,
          811.4325591798544
        ],
        [
          675.8948837866645,
          584.7650061728049
        ],
        [
          1013.2682682876911,
          102.86384697421886
        ]
      ],
      "5": [
        [
          0.0,
          0.0
        ],
        [
          789.4745028971458,
          -593.6578135090524
        ],
        [
          181.4458404582806,
          -927.5964883018646
        ],
        [
          -238.68439325895588,
          -836.0337910081223
        ],
        [
          -613.3644106248644,
          -713.0047627090077
        ],
        [
          -1584.652795050013,
          -65.6580031080697
        ],
        [
          -1364.811162661087,
          879.8180344497167
        ],
        [
          -401.28370498958253,
          1386.690656946362
        ],
        [
          538.8257515626809,
          811.4325591798544
        ],
        [
          675.8948837866645,
          584.7650061728049
        ],
        [
          1013.2682682876911,
          102.86384697421886
        ]
      ],
      "8": [
        [
          0.0,
          0.0
        ],
        [
          789.4745028971458,
          -593.6578135090524
        ],
        [
          181.4458404582806,
          -927.5964883018646
        ],
        [
          -238.68439325895588,
          -836.0337910081223
        ],
        [
          -613.3644106248644,
          -713.0047627090077
        ],
        [
          -1584.652795050013,
          -65.6580031080697
        ],
        [
          -1364.811162661087,
          879.8180344497167
        ],
        [
          -401.28370498958253,
          1386.690656946362
        ],
        [
          538.8257515626809,
          811.4325591798544
        ],
        [
          675.8948837866645,
          584.7650061728049
        ],
        [
          1013.2682682876911,
          102.86384697421886
        ]
      ],
      "13": [
        [
          0.0,
          0.0
        ],
        [
          789.4745028971458,
          -593.6578135090524
        ],
        [
          181.4458404582806,
          -927.5964883018646
        ],
        [
          -238.68439325895588,
          -836.0337910081223
        ],
        [
          -613.3644106248644,
          -713.0047627090077
        ],
        [
          -1584.652795050013,
          -65.6580031080697
        ],
        [
          -1364.811162661087,
          879.8180344497167
        ],
        [
          -401.28370498958253,
          1386.690656946362
        ],
        [
          538.8257515626809,
          811.4325591798544
        ],
        [
          675.8948837866645,
          584.7650061728049
        ],
        [
          1013.2682682876911,
          102.86384697421886
        ]
      ],
      "14": [
        [
          0.0,
          0.0
        ],
        [
          789.4745028971458,
          -593.6578135090524
        ],
        [
          181.4458404582806,
          -927.5964883018646
        ],
        [
          -238.68439325895588,
          -836.0337910081223
        ],
        [
          -613.3644106248644,
          -713.0047627090077
        ],
        [
          -1584.652795050013,
          -65.6580031080697
        ],
        [
          -1364.811162661087,
          879.8180344497167
        ],
        [
          -401.28370498958253,
          1386.690656946362
        ],
        [
          538.8257515626809,
          811.4325591798544
        ],
        [
          675.8948837866645,
          584.7650061728049
        ],
        [
          1013.2682682876911,
          102.86384697421886
        ]
      ]
    }
  },
  "simulator_summary": {
    "problem_no": 3,
    "case_code": "GUZN-W7Q5-YGNS-GB97",
    "end_reason": "user_exit",
    "cleared_jammer_count": 14,
    "jammer_count": 14,
    "measure_accepted_count": 136,
    "virtual_time_us": 3092358996,
    "clear_failure_count": 3
  },
  "actual_problem": 3
}
RUN_FOLDER C:\Users\LENOVO\Desktop\CUMCM2026Problems\解题库\演练调试\results\20260913_044023_682979_p3_ResidualP3

本局结束：清除14个；虚拟耗时3092.36秒。
模拟器确认：14/14。
完整结果：C:\Users\LENOVO\Desktop\CUMCM2026Problems\解题库\演练调试\results\20260913_044023_682979_p3_ResidualP3
