问题3演练：等待接口开放（最长30秒）；请勿切换会话。
已确认演练，机器狗开始自动执行。
[strategy] Q1 v4 算法源 = inline: problem1_v4_inline.py
PRACTICE_ONLY 3 None HopP3
{"action": 1, "path": "/enter", "virtual_time_s": 0, "result": null}
{"action": 41, "path": "/clear", "virtual_time_s": 571.188382, "result": "success"}
{"action": 72, "path": "/clear", "virtual_time_s": 1239.497835, "result": "success"}
{"action": 87, "path": "/clear", "virtual_time_s": 1461.735403, "result": "success"}
{"action": 89, "path": "/clear", "virtual_time_s": 1520.765171, "result": "success"}
{"action": 100, "path": "/measure", "virtual_time_s": 1739.837228, "result": null}
{"action": 103, "path": "/clear", "virtual_time_s": 1896.575484, "result": "success"}
{"action": 105, "path": "/clear", "virtual_time_s": 1958.004002, "result": "success"}
{"action": 115, "path": "/clear", "virtual_time_s": 2223.857971, "result": "no_target_in_range"}
{"action": 118, "path": "/clear", "virtual_time_s": 2245.514887, "result": "success"}
{"action": 129, "path": "/clear", "virtual_time_s": 2562.330083, "result": "success"}
{"action": 132, "path": "/clear", "virtual_time_s": 2635.667708, "result": "success"}
{"action": 142, "path": "/clear", "virtual_time_s": 2859.661131, "result": "success"}
{"action": 152, "path": "/clear", "virtual_time_s": 2982.965275, "result": "success"}
{
  "cleared": 11,
  "virtual_time_s": 2982.965275,
  "avg_time_per_cleared": 271.17866136363637,
  "measure_count": 139,
  "clear_count": 12,
  "clear_fail_count": 1,
  "stop_reason": "all_channels_cleared_or_covered",
  "coverage_complete": true,
  "cleared_channels": [
    1,
    2,
    5,
    6,
    8,
    13,
    14,
    15,
    17,
    19,
    20
  ],
  "absent_channels": [
    3,
    4,
    7,
    9,
    10,
    11,
    12,
    16,
    18
  ],
  "runtime_s": 2.912955600000714,
  "time_breakdown": {
    "move_time_s": 2094.9652760769145,
    "switch_time_s": 135.0,
    "measure_time_s": 695.0,
    "clear_time_s": 58.0
  },
  "mode": "practice",
  "problem": 3,
  "case": "9UTS-KJKX-XEQX-JV78",
  "strategy": "HopP3",
  "distance_m": 10474.826380384573,
  "policy_diagnostics": {
    "mask_cache_hits": 5687,
    "mask_cache_misses": 229,
    "coverage_certificate_method": "outer-target128 covered by union of inner-exclusion128, 0.01m margins",
    "coverage_certificates": {
      "18": [
        [
          0.0,
          0.0
        ],
        [
          -713.9294148338156,
          -522.373898267394
        ],
        [
          -1314.098207636345,
          -46.965302594115656
        ],
        [
          -585.4535549940941,
          832.5859649913621
        ],
        [
          32.337073975573084,
          1742.8814689955009
        ],
        [
          753.0392794066845,
          664.2541155559104
        ],
        [
          1630.0879362573112,
          503.9088496304085
        ],
        [
          830.1255182112584,
          -633.2569880615406
        ],
        [
          -361.9569119422372,
          -1054.0271373670125
        ],
        [
          -160.39233638996527,
          -1293.9725232604255
        ]
      ],
      "3": [
        [
          0.0,
          0.0
        ],
        [
          -713.9294148338156,
          -522.373898267394
        ],
        [
          -1314.098207636345,
          -46.965302594115656
        ],
        [
          -585.4535549940941,
          832.5859649913621
        ],
        [
          32.337073975573084,
          1742.8814689955009
        ],
        [
          753.0392794066845,
          664.2541155559104
        ],
        [
          1630.0879362573112,
          503.9088496304085
        ],
        [
          830.1255182112584,
          -633.2569880615406
        ],
        [
          -361.9569119422372,
          -1054.0271373670125
        ],
        [
          -160.39233638996527,
          -1293.9725232604255
        ]
      ],
      "4": [
        [
          0.0,
          0.0
        ],
        [
          -713.9294148338156,
          -522.373898267394
        ],
        [
          -1314.098207636345,
          -46.965302594115656
        ],
        [
          -585.4535549940941,
          832.5859649913621
        ],
        [
          32.337073975573084,
          1742.8814689955009
        ],
        [
          753.0392794066845,
          664.2541155559104
        ],
        [
          1630.0879362573112,
          503.9088496304085
        ],
        [
          830.1255182112584,
          -633.2569880615406
        ],
        [
          -361.9569119422372,
          -1054.0271373670125
        ],
        [
          -160.39233638996527,
          -1293.9725232604255
        ]
      ],
      "7": [
        [
          0.0,
          0.0
        ],
        [
          -713.9294148338156,
          -522.373898267394
        ],
        [
          -1314.098207636345,
          -46.965302594115656
        ],
        [
          -585.4535549940941,
          832.5859649913621
        ],
        [
          32.337073975573084,
          1742.8814689955009
        ],
        [
          753.0392794066845,
          664.2541155559104
        ],
        [
          1630.0879362573112,
          503.9088496304085
        ],
        [
          830.1255182112584,
          -633.2569880615406
        ],
        [
          -361.9569119422372,
          -1054.0271373670125
        ],
        [
          -160.39233638996527,
          -1293.9725232604255
        ]
      ],
      "9": [
        [
          0.0,
          0.0
        ],
        [
          -713.9294148338156,
          -522.373898267394
        ],
        [
          -1314.098207636345,
          -46.965302594115656
        ],
        [
          -585.4535549940941,
          832.5859649913621
        ],
        [
          32.337073975573084,
          1742.8814689955009
        ],
        [
          753.0392794066845,
          664.2541155559104
        ],
        [
          1630.0879362573112,
          503.9088496304085
        ],
        [
          830.1255182112584,
          -633.2569880615406
        ],
        [
          -361.9569119422372,
          -1054.0271373670125
        ],
        [
          -160.39233638996527,
          -1293.9725232604255
        ]
      ],
      "10": [
        [
          0.0,
          0.0
        ],
        [
          -713.9294148338156,
          -522.373898267394
        ],
        [
          -1314.098207636345,
          -46.965302594115656
        ],
        [
          -585.4535549940941,
          832.5859649913621
        ],
        [
          32.337073975573084,
          1742.8814689955009
        ],
        [
          753.0392794066845,
          664.2541155559104
        ],
        [
          1630.0879362573112,
          503.9088496304085
        ],
        [
          830.1255182112584,
          -633.2569880615406
        ],
        [
          -361.9569119422372,
          -1054.0271373670125
        ],
        [
          -160.39233638996527,
          -1293.9725232604255
        ]
      ],
      "11": [
        [
          0.0,
          0.0
        ],
        [
          -713.9294148338156,
          -522.373898267394
        ],
        [
          -1314.098207636345,
          -46.965302594115656
        ],
        [
          -585.4535549940941,
          832.5859649913621
        ],
        [
          32.337073975573084,
          1742.8814689955009
        ],
        [
          753.0392794066845,
          664.2541155559104
        ],
        [
          1630.0879362573112,
          503.9088496304085
        ],
        [
          830.1255182112584,
          -633.2569880615406
        ],
        [
          -361.9569119422372,
          -1054.0271373670125
        ],
        [
          -160.39233638996527,
          -1293.9725232604255
        ]
      ],
      "12": [
        [
          0.0,
          0.0
        ],
        [
          -713.9294148338156,
          -522.373898267394
        ],
        [
          -1314.098207636345,
          -46.965302594115656
        ],
        [
          -585.4535549940941,
          832.5859649913621
        ],
        [
          32.337073975573084,
          1742.8814689955009
        ],
        [
          753.0392794066845,
          664.2541155559104
        ],
        [
          1630.0879362573112,
          503.9088496304085
        ],
        [
          830.1255182112584,
          -633.2569880615406
        ],
        [
          -361.9569119422372,
          -1054.0271373670125
        ],
        [
          -160.39233638996527,
          -1293.9725232604255
        ]
      ],
      "16": [
        [
          0.0,
          0.0
        ],
        [
          -713.9294148338156,
          -522.373898267394
        ],
        [
          -1314.098207636345,
          -46.965302594115656
        ],
        [
          -585.4535549940941,
          832.5859649913621
        ],
        [
          32.337073975573084,
          1742.8814689955009
        ],
        [
          753.0392794066845,
          664.2541155559104
        ],
        [
          1630.0879362573112,
          503.9088496304085
        ],
        [
          830.1255182112584,
          -633.2569880615406
        ],
        [
          -361.9569119422372,
          -1054.0271373670125
        ],
        [
          -160.39233638996527,
          -1293.9725232604255
        ]
      ]
    }
  },
  "simulator_summary": {
    "problem_no": 3,
    "case_code": "9UTS-KJKX-XEQX-JV78",
    "end_reason": "user_exit",
    "cleared_jammer_count": 11,
    "jammer_count": 11,
    "measure_accepted_count": 139,
    "virtual_time_us": 2982965275,
    "clear_failure_count": 1
  },
  "actual_problem": 3
}
RUN_FOLDER C:\Users\LENOVO\Desktop\CUMCM2026Problems\解题库\演练调试\results\20260913_042839_872430_p3_HopP3

本局结束：清除11个；虚拟耗时2982.97秒。
模拟器确认：11/11。
完整结果：C:\Users\LENOVO\Desktop\CUMCM2026Problems\解题库\演练调试\results\20260913_042839_872430_p3_HopP3
