问题3演练：等待接口开放（最长30秒）；请勿切换会话。
已确认演练，机器狗开始自动执行。
[strategy] Q1 v4 算法源 = inline: problem1_v4_inline.py
PRACTICE_ONLY 3 None FastScanP3
{"action": 1, "path": "/enter", "virtual_time_s": 0, "result": null}
{"action": 40, "path": "/clear", "virtual_time_s": 641.728042, "result": "success"}
{"action": 41, "path": "/clear", "virtual_time_s": 769.518586, "result": "success"}
{"action": 57, "path": "/clear", "virtual_time_s": 1034.561673, "result": "success"}
{"action": 59, "path": "/clear", "virtual_time_s": 1218.564457, "result": "success"}
{"action": 71, "path": "/clear", "virtual_time_s": 1383.093164, "result": "success"}
{"action": 73, "path": "/clear", "virtual_time_s": 1494.334893, "result": "success"}
{"action": 84, "path": "/clear", "virtual_time_s": 1831.630276, "result": "success"}
{"action": 86, "path": "/clear", "virtual_time_s": 2108.79513, "result": "no_target_in_range"}
{"action": 89, "path": "/clear", "virtual_time_s": 2129.170983, "result": "success"}
{"action": 99, "path": "/clear", "virtual_time_s": 2407.382384, "result": "success"}
{"action": 100, "path": "/measure", "virtual_time_s": 2413.382384, "result": null}
{"action": 107, "path": "/clear", "virtual_time_s": 2628.133679, "result": "success"}
{"action": 108, "path": "/clear", "virtual_time_s": 2689.079325, "result": "success"}
{"action": 109, "path": "/clear", "virtual_time_s": 2835.967302, "result": "success"}
{"action": 110, "path": "/clear", "virtual_time_s": 2875.263639, "result": "success"}
{"action": 111, "path": "/clear", "virtual_time_s": 3226.611466, "result": "success"}
{"action": 119, "path": "/clear", "virtual_time_s": 3360.924935, "result": "success"}
{
  "cleared": 15,
  "virtual_time_s": 3360.924935,
  "avg_time_per_cleared": 224.06166233333335,
  "measure_count": 102,
  "clear_count": 16,
  "clear_fail_count": 1,
  "stop_reason": "all_channels_cleared_or_covered",
  "coverage_complete": true,
  "cleared_channels": [
    1,
    2,
    3,
    4,
    6,
    7,
    8,
    11,
    13,
    14,
    15,
    16,
    17,
    18,
    19
  ],
  "absent_channels": [
    5,
    9,
    10,
    12,
    20
  ],
  "runtime_s": 2.236894499998016,
  "time_breakdown": {
    "move_time_s": 2676.9249352809566,
    "switch_time_s": 96.0,
    "measure_time_s": 510.0,
    "clear_time_s": 78.0
  },
  "mode": "practice",
  "problem": 3,
  "case": "S5SS-HY5Y-NVU6-NKG4",
  "strategy": "FastScanP3",
  "distance_m": 13384.624676404783,
  "simulator_summary": {
    "problem_no": 3,
    "case_code": "S5SS-HY5Y-NVU6-NKG4",
    "end_reason": "user_exit",
    "cleared_jammer_count": 15,
    "jammer_count": 15,
    "measure_accepted_count": 102,
    "virtual_time_us": 3360924935,
    "clear_failure_count": 1
  },
  "actual_problem": 3
}
RUN_FOLDER C:\Users\LENOVO\Desktop\CUMCM2026Problems\解题库\演练调试\results\20260913_040536_488409_p3_FastScanP3

本局结束：清除15个；虚拟耗时3360.92秒。
模拟器确认：15/15。
完整结果：C:\Users\LENOVO\Desktop\CUMCM2026Problems\解题库\演练调试\results\20260913_040536_488409_p3_FastScanP3
