问题3演练：等待接口开放（最长30秒）；请勿切换会话。
已确认演练，机器狗开始自动执行。
[strategy] Q1 v4 算法源 = inline: problem1_v4_inline.py
PRACTICE_ONLY 3 None ResidualP3
{"action": 1, "path": "/enter", "virtual_time_s": 0, "result": null}
{"action": 53, "path": "/clear", "virtual_time_s": 627.303283, "result": "success"}
{"action": 82, "path": "/clear", "virtual_time_s": 1010.357198, "result": "no_target_in_range"}
{"action": 84, "path": "/clear", "virtual_time_s": 1023.655588, "result": "success"}
{"action": 98, "path": "/clear", "virtual_time_s": 1207.868966, "result": "success"}
{"action": 100, "path": "/measure", "virtual_time_s": 1219.868966, "result": null}
{"action": 115, "path": "/clear", "virtual_time_s": 1580.514839, "result": "no_target_in_range"}
{"action": 117, "path": "/clear", "virtual_time_s": 1594.40664, "result": "success"}
{"action": 131, "path": "/clear", "virtual_time_s": 1815.725501, "result": "success"}
{"action": 144, "path": "/clear", "virtual_time_s": 2051.258133, "result": "success"}
{"action": 158, "path": "/clear", "virtual_time_s": 2433.062217, "result": "no_target_in_range"}
{"action": 161, "path": "/clear", "virtual_time_s": 2457.746062, "result": "success"}
{"action": 163, "path": "/clear", "virtual_time_s": 2654.364255, "result": "success"}
{"action": 175, "path": "/clear", "virtual_time_s": 2737.644834, "result": "success"}
{"action": 176, "path": "/clear", "virtual_time_s": 2899.140863, "result": "success"}
{
  "cleared": 10,
  "virtual_time_s": 2958.140863,
  "avg_time_per_cleared": 295.8140863,
  "measure_count": 172,
  "clear_count": 13,
  "clear_fail_count": 3,
  "stop_reason": "all_channels_cleared_or_covered",
  "coverage_complete": true,
  "cleared_channels": [
    1,
    5,
    6,
    9,
    10,
    11,
    13,
    17,
    18,
    19
  ],
  "absent_channels": [
    2,
    3,
    4,
    7,
    8,
    12,
    14,
    15,
    16,
    20
  ],
  "runtime_s": 2.9321815999974206,
  "time_breakdown": {
    "move_time_s": 1871.1408624444744,
    "switch_time_s": 168.0,
    "measure_time_s": 860.0,
    "clear_time_s": 59.0
  },
  "mode": "practice",
  "problem": 3,
  "case": "B6MK-ACQQ-245Q-3WC7",
  "strategy": "ResidualP3",
  "distance_m": 9355.704312222371,
  "policy_diagnostics": {
    "mask_cache_hits": 3327,
    "mask_cache_misses": 113,
    "coverage_certificate_method": "outer-target128 covered by union of inner-exclusion128, 0.01m margins",
    "coverage_certificates": {},
    "residual_updates": 32,
    "residual_method": "whole 60m cells disjoint from outward-guarded polygon difference",
    "residual_cache_hits": 51,
    "residual_certificates": {
      "20": [
        [
          0.0,
          0.0
        ],
        [
          875.3481024721158,
          375.58542708430366
        ],
        [
          769.6224008446496,
          493.66955195759965
        ],
        [
          452.4452959622512,
          847.9219265774875
        ],
        [
          188.84978281762403,
          875.81687684444
        ],
        [
          -610.4291307905862,
          967.2441083867524
        ],
        [
          -899.0921525974336,
          215.79080291513537
        ],
        [
          -1076.5986539101655,
          -528.5236346282646
        ],
        [
          -667.3416110596371,
          -1055.337257160483
        ],
        [
          286.9914956306775,
          -847.8720366747212
        ],
        [
          971.305660381984,
          -747.8572804079166
        ],
        [
          1338.967776617376,
          6.810119671276494
        ]
      ],
      "2": [
        [
          0.0,
          0.0
        ],
        [
          875.3481024721158,
          375.58542708430366
        ],
        [
          769.6224008446496,
          493.66955195759965
        ],
        [
          452.4452959622512,
          847.9219265774875
        ],
        [
          188.84978281762403,
          875.81687684444
        ],
        [
          -610.4291307905862,
          967.2441083867524
        ],
        [
          -899.0921525974336,
          215.79080291513537
        ],
        [
          -1076.5986539101655,
          -528.5236346282646
        ],
        [
          -667.3416110596371,
          -1055.337257160483
        ],
        [
          286.9914956306775,
          -847.8720366747212
        ],
        [
          971.305660381984,
          -747.8572804079166
        ],
        [
          1338.967776617376,
          6.810119671276494
        ]
      ],
      "3": [
        [
          0.0,
          0.0
        ],
        [
          875.3481024721158,
          375.58542708430366
        ],
        [
          769.6224008446496,
          493.66955195759965
        ],
        [
          452.4452959622512,
          847.9219265774875
        ],
        [
          188.84978281762403,
          875.81687684444
        ],
        [
          -610.4291307905862,
          967.2441083867524
        ],
        [
          -899.0921525974336,
          215.79080291513537
        ],
        [
          -1076.5986539101655,
          -528.5236346282646
        ],
        [
          -667.3416110596371,
          -1055.337257160483
        ],
        [
          286.9914956306775,
          -847.8720366747212
        ],
        [
          971.305660381984,
          -747.8572804079166
        ],
        [
          1338.967776617376,
          6.810119671276494
        ]
      ],
      "4": [
        [
          0.0,
          0.0
        ],
        [
          875.3481024721158,
          375.58542708430366
        ],
        [
          769.6224008446496,
          493.66955195759965
        ],
        [
          452.4452959622512,
          847.9219265774875
        ],
        [
          188.84978281762403,
          875.81687684444
        ],
        [
          -610.4291307905862,
          967.2441083867524
        ],
        [
          -899.0921525974336,
          215.79080291513537
        ],
        [
          -1076.5986539101655,
          -528.5236346282646
        ],
        [
          -667.3416110596371,
          -1055.337257160483
        ],
        [
          286.9914956306775,
          -847.8720366747212
        ],
        [
          971.305660381984,
          -747.8572804079166
        ],
        [
          1338.967776617376,
          6.810119671276494
        ]
      ],
      "7": [
        [
          0.0,
          0.0
        ],
        [
          875.3481024721158,
          375.58542708430366
        ],
        [
          769.6224008446496,
          493.66955195759965
        ],
        [
          452.4452959622512,
          847.9219265774875
        ],
        [
          188.84978281762403,
          875.81687684444
        ],
        [
          -610.4291307905862,
          967.2441083867524
        ],
        [
          -899.0921525974336,
          215.79080291513537
        ],
        [
          -1076.5986539101655,
          -528.5236346282646
        ],
        [
          -667.3416110596371,
          -1055.337257160483
        ],
        [
          286.9914956306775,
          -847.8720366747212
        ],
        [
          971.305660381984,
          -747.8572804079166
        ],
        [
          1338.967776617376,
          6.810119671276494
        ]
      ],
      "8": [
        [
          0.0,
          0.0
        ],
        [
          875.3481024721158,
          375.58542708430366
        ],
        [
          769.6224008446496,
          493.66955195759965
        ],
        [
          452.4452959622512,
          847.9219265774875
        ],
        [
          188.84978281762403,
          875.81687684444
        ],
        [
          -610.4291307905862,
          967.2441083867524
        ],
        [
          -899.0921525974336,
          215.79080291513537
        ],
        [
          -1076.5986539101655,
          -528.5236346282646
        ],
        [
          -667.3416110596371,
          -1055.337257160483
        ],
        [
          286.9914956306775,
          -847.8720366747212
        ],
        [
          971.305660381984,
          -747.8572804079166
        ],
        [
          1338.967776617376,
          6.810119671276494
        ]
      ],
      "12": [
        [
          0.0,
          0.0
        ],
        [
          875.3481024721158,
          375.58542708430366
        ],
        [
          769.6224008446496,
          493.66955195759965
        ],
        [
          452.4452959622512,
          847.9219265774875
        ],
        [
          188.84978281762403,
          875.81687684444
        ],
        [
          -610.4291307905862,
          967.2441083867524
        ],
        [
          -899.0921525974336,
          215.79080291513537
        ],
        [
          -1076.5986539101655,
          -528.5236346282646
        ],
        [
          -667.3416110596371,
          -1055.337257160483
        ],
        [
          286.9914956306775,
          -847.8720366747212
        ],
        [
          971.305660381984,
          -747.8572804079166
        ],
        [
          1338.967776617376,
          6.810119671276494
        ]
      ],
      "14": [
        [
          0.0,
          0.0
        ],
        [
          875.3481024721158,
          375.58542708430366
        ],
        [
          769.6224008446496,
          493.66955195759965
        ],
        [
          452.4452959622512,
          847.9219265774875
        ],
        [
          188.84978281762403,
          875.81687684444
        ],
        [
          -610.4291307905862,
          967.2441083867524
        ],
        [
          -899.0921525974336,
          215.79080291513537
        ],
        [
          -1076.5986539101655,
          -528.5236346282646
        ],
        [
          -667.3416110596371,
          -1055.337257160483
        ],
        [
          286.9914956306775,
          -847.8720366747212
        ],
        [
          971.305660381984,
          -747.8572804079166
        ],
        [
          1338.967776617376,
          6.810119671276494
        ]
      ],
      "15": [
        [
          0.0,
          0.0
        ],
        [
          875.3481024721158,
          375.58542708430366
        ],
        [
          769.6224008446496,
          493.66955195759965
        ],
        [
          452.4452959622512,
          847.9219265774875
        ],
        [
          188.84978281762403,
          875.81687684444
        ],
        [
          -610.4291307905862,
          967.2441083867524
        ],
        [
          -899.0921525974336,
          215.79080291513537
        ],
        [
          -1076.5986539101655,
          -528.5236346282646
        ],
        [
          -667.3416110596371,
          -1055.337257160483
        ],
        [
          286.9914956306775,
          -847.8720366747212
        ],
        [
          971.305660381984,
          -747.8572804079166
        ],
        [
          1338.967776617376,
          6.810119671276494
        ]
      ],
      "16": [
        [
          0.0,
          0.0
        ],
        [
          875.3481024721158,
          375.58542708430366
        ],
        [
          769.6224008446496,
          493.66955195759965
        ],
        [
          452.4452959622512,
          847.9219265774875
        ],
        [
          188.84978281762403,
          875.81687684444
        ],
        [
          -610.4291307905862,
          967.2441083867524
        ],
        [
          -899.0921525974336,
          215.79080291513537
        ],
        [
          -1076.5986539101655,
          -528.5236346282646
        ],
        [
          -667.3416110596371,
          -1055.337257160483
        ],
        [
          286.9914956306775,
          -847.8720366747212
        ],
        [
          971.305660381984,
          -747.8572804079166
        ],
        [
          1338.967776617376,
          6.810119671276494
        ]
      ]
    }
  },
  "simulator_summary": {
    "problem_no": 3,
    "case_code": "B6MK-ACQQ-245Q-3WC7",
    "end_reason": "user_exit",
    "cleared_jammer_count": 10,
    "jammer_count": 10,
    "measure_accepted_count": 172,
    "virtual_time_us": 2958140863,
    "clear_failure_count": 3
  },
  "actual_problem": 3
}
RUN_FOLDER C:\Users\LENOVO\Desktop\CUMCM2026Problems\解题库\演练调试\results\20260913_044005_917906_p3_ResidualP3

本局结束：清除10个；虚拟耗时2958.14秒。
模拟器确认：10/10。
完整结果：C:\Users\LENOVO\Desktop\CUMCM2026Problems\解题库\演练调试\results\20260913_044005_917906_p3_ResidualP3
