问题3演练：等待接口开放（最长30秒）；请勿切换会话。
已确认演练，机器狗开始自动执行。
[strategy] Q1 v4 算法源 = inline: problem1_v4_inline.py
PRACTICE_ONLY 3 None HopP3
{"action": 1, "path": "/enter", "virtual_time_s": 0, "result": null}
{"action": 38, "path": "/clear", "virtual_time_s": 557.609817, "result": "no_target_in_range"}
{"action": 41, "path": "/clear", "virtual_time_s": 579.891569, "result": "success"}
{"action": 61, "path": "/clear", "virtual_time_s": 1013.063498, "result": "no_target_in_range"}
{"action": 63, "path": "/clear", "virtual_time_s": 1025.484146, "result": "success"}
{"action": 64, "path": "/clear", "virtual_time_s": 1154.862737, "result": "no_target_in_range"}
{"action": 66, "path": "/clear", "virtual_time_s": 1169.326611, "result": "success"}
{"action": 79, "path": "/clear", "virtual_time_s": 1345.062321, "result": "success"}
{"action": 100, "path": "/measure", "virtual_time_s": 1686.294012, "result": null}
{"action": 109, "path": "/clear", "virtual_time_s": 1954.177687, "result": "success"}
{"action": 121, "path": "/clear", "virtual_time_s": 2214.64831, "result": "success"}
{"action": 123, "path": "/clear", "virtual_time_s": 2237.734711, "result": "no_target_in_range"}
{"action": 126, "path": "/clear", "virtual_time_s": 2259.61953, "result": "success"}
{"action": 127, "path": "/clear", "virtual_time_s": 2358.085501, "result": "success"}
{"action": 139, "path": "/clear", "virtual_time_s": 2896.980411, "result": "success"}
{"action": 150, "path": "/clear", "virtual_time_s": 3093.734331, "result": "success"}
{"action": 160, "path": "/clear", "virtual_time_s": 3503.697782, "result": "success"}
{
  "cleared": 11,
  "virtual_time_s": 3503.697782,
  "avg_time_per_cleared": 318.5179801818182,
  "measure_count": 144,
  "clear_count": 15,
  "clear_fail_count": 4,
  "stop_reason": "all_channels_cleared_or_covered",
  "coverage_complete": true,
  "cleared_channels": [
    2,
    4,
    5,
    7,
    9,
    10,
    11,
    12,
    15,
    17,
    20
  ],
  "absent_channels": [
    1,
    3,
    6,
    8,
    13,
    14,
    16,
    18,
    19
  ],
  "runtime_s": 2.7406808999985515,
  "time_breakdown": {
    "move_time_s": 2581.6977844853286,
    "switch_time_s": 135.0,
    "measure_time_s": 720.0,
    "clear_time_s": 67.0
  },
  "mode": "practice",
  "problem": 3,
  "case": "NTGU-83CK-824P-5APB",
  "strategy": "HopP3",
  "distance_m": 12908.488922426643,
  "policy_diagnostics": {
    "mask_cache_hits": 4261,
    "mask_cache_misses": 145,
    "coverage_certificate_method": "outer-target128 covered by union of inner-exclusion128, 0.01m margins",
    "coverage_certificates": {}
  },
  "simulator_summary": {
    "problem_no": 3,
    "case_code": "NTGU-83CK-824P-5APB",
    "end_reason": "user_exit",
    "cleared_jammer_count": 11,
    "jammer_count": 11,
    "measure_accepted_count": 144,
    "virtual_time_us": 3503697782,
    "clear_failure_count": 4
  },
  "actual_problem": 3
}
RUN_FOLDER C:\Users\LENOVO\Desktop\CUMCM2026Problems\解题库\演练调试\results\20260913_042731_929097_p3_HopP3

本局结束：清除11个；虚拟耗时3503.70秒。
模拟器确认：11/11。
完整结果：C:\Users\LENOVO\Desktop\CUMCM2026Problems\解题库\演练调试\results\20260913_042731_929097_p3_HopP3
