问题3演练：等待接口开放（最长30秒）；请勿切换会话。
已确认演练，机器狗开始自动执行。
[strategy] Q1 v4 算法源 = inline: problem1_v4_inline.py
PRACTICE_ONLY 3 None FastScanP3
{"action": 1, "path": "/enter", "virtual_time_s": 0, "result": null}
{"action": 42, "path": "/clear", "virtual_time_s": 518.143847, "result": "success"}
{"action": 48, "path": "/clear", "virtual_time_s": 634.364141, "result": "success"}
{"action": 49, "path": "/clear", "virtual_time_s": 692.656424, "result": "success"}
{"action": 51, "path": "/clear", "virtual_time_s": 797.421036, "result": "success"}
{"action": 52, "path": "/clear", "virtual_time_s": 876.646398, "result": "success"}
{"action": 73, "path": "/clear", "virtual_time_s": 1143.452224, "result": "no_target_in_range"}
{"action": 75, "path": "/clear", "virtual_time_s": 1155.279621, "result": "success"}
{"action": 76, "path": "/clear", "virtual_time_s": 1171.34136, "result": "success"}
{"action": 79, "path": "/clear", "virtual_time_s": 1462.578843, "result": "success"}
{"action": 90, "path": "/clear", "virtual_time_s": 1626.440492, "result": "success"}
{"action": 100, "path": "/clear", "virtual_time_s": 1841.875822, "result": "success"}
{"action": 110, "path": "/clear", "virtual_time_s": 2112.071413, "result": "success"}
{"action": 120, "path": "/clear", "virtual_time_s": 2505.185334, "result": "no_target_in_range"}
{"action": 123, "path": "/clear", "virtual_time_s": 2524.706926, "result": "success"}
{"action": 129, "path": "/clear", "virtual_time_s": 2745.483669, "result": "success"}
{"action": 136, "path": "/clear", "virtual_time_s": 2972.45492, "result": "success"}
{"action": 137, "path": "/clear", "virtual_time_s": 3180.391208, "result": "success"}
{
  "cleared": 15,
  "virtual_time_s": 3209.391208,
  "avg_time_per_cleared": 213.95941386666667,
  "measure_count": 124,
  "clear_count": 17,
  "clear_fail_count": 2,
  "stop_reason": "all_channels_cleared_or_covered",
  "coverage_complete": true,
  "cleared_channels": [
    2,
    3,
    4,
    5,
    7,
    8,
    9,
    11,
    13,
    14,
    15,
    17,
    18,
    19,
    20
  ],
  "absent_channels": [
    1,
    6,
    10,
    12,
    16
  ],
  "runtime_s": 3.8730429999995977,
  "time_breakdown": {
    "move_time_s": 2392.391210831677,
    "switch_time_s": 116.0,
    "measure_time_s": 620.0,
    "clear_time_s": 81.0
  },
  "mode": "practice",
  "problem": 3,
  "case": "N4M6-MCWE-XKP2-6MT7",
  "strategy": "FastScanP3",
  "distance_m": 11961.956054158385,
  "simulator_summary": {
    "problem_no": 3,
    "case_code": "N4M6-MCWE-XKP2-6MT7",
    "end_reason": "user_exit",
    "cleared_jammer_count": 15,
    "jammer_count": 15,
    "measure_accepted_count": 124,
    "virtual_time_us": 3209391208,
    "clear_failure_count": 2
  },
  "actual_problem": 3
}
RUN_FOLDER C:\Users\LENOVO\Desktop\CUMCM2026Problems\解题库\演练调试\results\20260913_040441_677036_p3_FastScanP3

本局结束：清除15个；虚拟耗时3209.39秒。
模拟器确认：15/15。
完整结果：C:\Users\LENOVO\Desktop\CUMCM2026Problems\解题库\演练调试\results\20260913_040441_677036_p3_FastScanP3
