问题4演练：等待接口开放（最长30秒）；请勿切换会话。
已确认演练，机器狗开始自动执行。
[strategy] Q1 v4 算法源 = inline: problem1_v4_inline.py
PRACTICE_ONLY 4 None FastP4_grid49
{"action": 1, "path": "/enter", "virtual_time_s": 0, "result": null}
{"action": 100, "path": "/measure", "virtual_time_s": 1293, "result": null}
{"action": 200, "path": "/measure", "virtual_time_s": 2593, "result": null}
{"action": 300, "path": "/measure", "virtual_time_s": 4173, "result": null}
{"action": 400, "path": "/measure", "virtual_time_s": 6033, "result": null}
{"action": 500, "path": "/measure", "virtual_time_s": 8033, "result": null}
{"action": 595, "path": "/clear", "virtual_time_s": 11139.053963, "result": "success"}
{"action": 596, "path": "/clear", "virtual_time_s": 11200.283184, "result": "success"}
{"action": 597, "path": "/clear", "virtual_time_s": 11471.747043, "result": "success"}
{"action": 598, "path": "/clear", "virtual_time_s": 11538.777255, "result": "success"}
{"action": 599, "path": "/clear", "virtual_time_s": 11565.847431, "result": "success"}
{"action": 600, "path": "/clear", "virtual_time_s": 11782.880873, "result": "success"}
{"action": 601, "path": "/clear", "virtual_time_s": 11861.427701, "result": "success"}
{"action": 602, "path": "/clear", "virtual_time_s": 12013.333527, "result": "success"}
{"action": 603, "path": "/clear", "virtual_time_s": 12115.730087, "result": "success"}
{"action": 604, "path": "/clear", "virtual_time_s": 12181.111405, "result": "success"}
{"action": 608, "path": "/clear", "virtual_time_s": 12977.070939, "result": "success"}
{"action": 609, "path": "/clear", "virtual_time_s": 13330.023484, "result": "success"}
{"action": 610, "path": "/clear", "virtual_time_s": 13677.416449, "result": "success"}
{
  "cleared": 13,
  "virtual_time_s": 13677.416449,
  "avg_time_per_cleared": 1052.1089576153847,
  "measure_count": 596,
  "clear_count": 13,
  "clear_fail_count": 0,
  "stop_reason": "all_channels_cleared_or_covered",
  "coverage_complete": true,
  "cleared_channels": [
    3,
    4,
    6,
    7,
    8,
    9,
    11,
    13,
    14,
    17,
    18,
    19,
    20
  ],
  "absent_channels": [
    1,
    2,
    5,
    10,
    12,
    15,
    16
  ],
  "runtime_s": 7.479959799999051,
  "time_breakdown": {
    "move_time_s": 10039.416448612887,
    "switch_time_s": 593.0,
    "measure_time_s": 2980.0,
    "clear_time_s": 65.0
  },
  "mode": "practice",
  "problem": 4,
  "case": "ZQM2-7WUM-KHFN-TQX9",
  "strategy": "FastP4_grid49",
  "distance_m": 50197.08224306443,
  "simulator_summary": {
    "problem_no": 4,
    "case_code": "ZQM2-7WUM-KHFN-TQX9",
    "end_reason": "user_exit",
    "cleared_jammer_count": 13,
    "jammer_count": 13,
    "measure_accepted_count": 596,
    "virtual_time_us": 13677416449,
    "clear_failure_count": 0
  },
  "actual_problem": 4
}
RUN_FOLDER C:\Users\LENOVO\Desktop\CUMCM2026Problems\解题库\演练调试\results\20260913_050436_206276_p4_FastP4_grid49

本局结束：清除13个；虚拟耗时13677.42秒。
模拟器确认：13/13。
完整结果：C:\Users\LENOVO\Desktop\CUMCM2026Problems\解题库\演练调试\results\20260913_050436_206276_p4_FastP4_grid49
