问题3演练：等待接口开放（最长30秒）；请勿切换会话。
已确认演练，机器狗开始自动执行。
[strategy] Q1 v4 算法源 = inline: problem1_v4_inline.py
PRACTICE_ONLY 3 None HopP3
{"action": 1, "path": "/enter", "virtual_time_s": 0, "result": null}
{"action": 41, "path": "/clear", "virtual_time_s": 499.759855, "result": "success"}
{"action": 44, "path": "/clear", "virtual_time_s": 644.590892, "result": "success"}
{"action": 60, "path": "/clear", "virtual_time_s": 1001.938427, "result": "success"}
{"action": 88, "path": "/clear", "virtual_time_s": 1519.093717, "result": "success"}
{"action": 90, "path": "/clear", "virtual_time_s": 1568.802925, "result": "no_target_in_range"}
{"action": 93, "path": "/clear", "virtual_time_s": 1590.782355, "result": "success"}
{"action": 100, "path": "/measure", "virtual_time_s": 1632.782355, "result": null}
{"action": 105, "path": "/clear", "virtual_time_s": 1757.564535, "result": "success"}
{"action": 107, "path": "/clear", "virtual_time_s": 1895.820619, "result": "success"}
{"action": 108, "path": "/clear", "virtual_time_s": 1934.832251, "result": "success"}
{"action": 119, "path": "/clear", "virtual_time_s": 2209.53462, "result": "success"}
{"action": 134, "path": "/clear", "virtual_time_s": 2697.380808, "result": "success"}
{"action": 136, "path": "/clear", "virtual_time_s": 2723.969176, "result": "success"}
{"action": 138, "path": "/clear", "virtual_time_s": 2842.906172, "result": "success"}
{"action": 141, "path": "/clear", "virtual_time_s": 3055.615461, "result": "success"}
{"action": 149, "path": "/clear", "virtual_time_s": 3459.251135, "result": "no_target_in_range"}
{"action": 152, "path": "/clear", "virtual_time_s": 3485.538891, "result": "success"}
{
  "cleared": 14,
  "virtual_time_s": 3521.538891,
  "avg_time_per_cleared": 251.53849221428572,
  "measure_count": 141,
  "clear_count": 16,
  "clear_fail_count": 2,
  "stop_reason": "all_channels_cleared_or_covered",
  "coverage_complete": true,
  "cleared_channels": [
    1,
    2,
    3,
    4,
    6,
    7,
    8,
    9,
    11,
    12,
    15,
    18,
    19,
    20
  ],
  "absent_channels": [
    5,
    10,
    13,
    14,
    16,
    17
  ],
  "runtime_s": 3.221020300003147,
  "time_breakdown": {
    "move_time_s": 2608.538891697128,
    "switch_time_s": 132.0,
    "measure_time_s": 705.0,
    "clear_time_s": 76.0
  },
  "mode": "practice",
  "problem": 3,
  "case": "3FUF-KZRZ-Z72E-YYP6",
  "strategy": "HopP3",
  "distance_m": 13042.69445848564,
  "policy_diagnostics": {
    "mask_cache_hits": 10367,
    "mask_cache_misses": 400,
    "coverage_certificate_method": "outer-target128 covered by union of inner-exclusion128, 0.01m margins",
    "coverage_certificates": {}
  },
  "simulator_summary": {
    "problem_no": 3,
    "case_code": "3FUF-KZRZ-Z72E-YYP6",
    "end_reason": "user_exit",
    "cleared_jammer_count": 14,
    "jammer_count": 14,
    "measure_accepted_count": 141,
    "virtual_time_us": 3521538891,
    "clear_failure_count": 2
  },
  "actual_problem": 3
}
RUN_FOLDER C:\Users\LENOVO\Desktop\CUMCM2026Problems\解题库\演练调试\results\20260913_042414_414951_p3_HopP3

本局结束：清除14个；虚拟耗时3521.54秒。
模拟器确认：14/14。
完整结果：C:\Users\LENOVO\Desktop\CUMCM2026Problems\解题库\演练调试\results\20260913_042414_414951_p3_HopP3
