问题4演练：等待接口开放（最长30秒）；请勿切换会话。
已确认演练，机器狗开始自动执行。
[strategy] Q1 v4 算法源 = inline: problem1_v4_inline.py
PRACTICE_ONLY 4 None FastP4_grid49
{"action": 1, "path": "/enter", "virtual_time_s": 0, "result": null}
{"action": 100, "path": "/measure", "virtual_time_s": 1293, "result": null}
{"action": 200, "path": "/measure", "virtual_time_s": 2593, "result": null}
{"action": 300, "path": "/measure", "virtual_time_s": 4033, "result": null}
{"action": 400, "path": "/measure", "virtual_time_s": 5473, "result": null}
{"action": 500, "path": "/measure", "virtual_time_s": 7053, "result": null}
{"action": 600, "path": "/measure", "virtual_time_s": 8773, "result": null}
{"action": 700, "path": "/measure", "virtual_time_s": 11473, "result": null}
{"action": 709, "path": "/clear", "virtual_time_s": 11816.169034, "result": "success"}
{"action": 710, "path": "/clear", "virtual_time_s": 11864.881256, "result": "success"}
{"action": 711, "path": "/clear", "virtual_time_s": 11907.929649, "result": "success"}
{"action": 712, "path": "/clear", "virtual_time_s": 12019.552605, "result": "success"}
{"action": 713, "path": "/clear", "virtual_time_s": 12357.029483, "result": "success"}
{"action": 714, "path": "/clear", "virtual_time_s": 12443.266554, "result": "success"}
{"action": 715, "path": "/clear", "virtual_time_s": 12585.9351, "result": "success"}
{"action": 716, "path": "/clear", "virtual_time_s": 12835.391903, "result": "success"}
{"action": 717, "path": "/clear", "virtual_time_s": 12931.919621, "result": "success"}
{"action": 718, "path": "/clear", "virtual_time_s": 13066.029348, "result": "success"}
{"action": 719, "path": "/clear", "virtual_time_s": 13395.68968, "result": "success"}
{
  "cleared": 11,
  "virtual_time_s": 13395.68968,
  "avg_time_per_cleared": 1217.789970909091,
  "measure_count": 707,
  "clear_count": 11,
  "clear_fail_count": 0,
  "stop_reason": "all_channels_cleared_or_covered",
  "coverage_complete": true,
  "cleared_channels": [
    1,
    4,
    5,
    7,
    10,
    12,
    13,
    15,
    16,
    17,
    20
  ],
  "absent_channels": [
    2,
    3,
    6,
    8,
    9,
    11,
    14,
    18,
    19
  ],
  "runtime_s": 9.06156330000158,
  "time_breakdown": {
    "move_time_s": 9099.689679976573,
    "switch_time_s": 706.0,
    "measure_time_s": 3535.0,
    "clear_time_s": 55.0
  },
  "mode": "practice",
  "problem": 4,
  "case": "YBNC-4T9R-XF2P-KH7A",
  "strategy": "FastP4_grid49",
  "distance_m": 45498.448399882865,
  "simulator_summary": {
    "problem_no": 4,
    "case_code": "YBNC-4T9R-XF2P-KH7A",
    "end_reason": "user_exit",
    "cleared_jammer_count": 11,
    "jammer_count": 11,
    "measure_accepted_count": 707,
    "virtual_time_us": 13395689680,
    "clear_failure_count": 0
  },
  "actual_problem": 4
}
RUN_FOLDER C:\Users\LENOVO\Desktop\CUMCM2026Problems\解题库\演练调试\results\20260913_050411_993345_p4_FastP4_grid49

本局结束：清除11个；虚拟耗时13395.69秒。
模拟器确认：11/11。
完整结果：C:\Users\LENOVO\Desktop\CUMCM2026Problems\解题库\演练调试\results\20260913_050411_993345_p4_FastP4_grid49
