问题3演练：等待接口开放（最长30秒）；请勿切换会话。
已确认演练，机器狗开始自动执行。
[strategy] Q1 v4 算法源 = inline: problem1_v4_inline.py
PRACTICE_ONLY 3 None FastScanP3
{"action": 1, "path": "/enter", "virtual_time_s": 0, "result": null}
{"action": 39, "path": "/clear", "virtual_time_s": 521.160088, "result": "success"}
{"action": 70, "path": "/clear", "virtual_time_s": 1115.445828, "result": "success"}
{"action": 86, "path": "/clear", "virtual_time_s": 1474.888674, "result": "no_target_in_range"}
{"action": 89, "path": "/clear", "virtual_time_s": 1495.483872, "result": "success"}
{"action": 100, "path": "/measure", "virtual_time_s": 1644.636025, "result": null}
{"action": 105, "path": "/clear", "virtual_time_s": 1869.036606, "result": "no_target_in_range"}
{"action": 107, "path": "/clear", "virtual_time_s": 1881.473237, "result": "success"}
{"action": 120, "path": "/clear", "virtual_time_s": 2019.99931, "result": "success"}
{"action": 124, "path": "/clear", "virtual_time_s": 2099.947155, "result": "success"}
{"action": 126, "path": "/clear", "virtual_time_s": 2200.195859, "result": "success"}
{"action": 128, "path": "/clear", "virtual_time_s": 2364.103222, "result": "success"}
{"action": 139, "path": "/clear", "virtual_time_s": 2517.293777, "result": "success"}
{"action": 140, "path": "/clear", "virtual_time_s": 2642.436173, "result": "success"}
{"action": 141, "path": "/clear", "virtual_time_s": 2916.612424, "result": "no_target_in_range"}
{"action": 143, "path": "/clear", "virtual_time_s": 2931.127989, "result": "success"}
{
  "cleared": 11,
  "virtual_time_s": 2985.127989,
  "avg_time_per_cleared": 271.3752717272727,
  "measure_count": 137,
  "clear_count": 14,
  "clear_fail_count": 3,
  "stop_reason": "all_channels_cleared_or_covered",
  "coverage_complete": true,
  "cleared_channels": [
    2,
    4,
    5,
    6,
    8,
    9,
    10,
    11,
    13,
    16,
    19
  ],
  "absent_channels": [
    1,
    3,
    7,
    12,
    14,
    15,
    17,
    18,
    20
  ],
  "runtime_s": 2.7467914000008022,
  "time_breakdown": {
    "move_time_s": 2104.127990584307,
    "switch_time_s": 132.0,
    "measure_time_s": 685.0,
    "clear_time_s": 64.0
  },
  "mode": "practice",
  "problem": 3,
  "case": "Y9KK-8TDF-NHFP-H472",
  "strategy": "FastScanP3",
  "distance_m": 10520.639952921536,
  "simulator_summary": {
    "problem_no": 3,
    "case_code": "Y9KK-8TDF-NHFP-H472",
    "end_reason": "user_exit",
    "cleared_jammer_count": 11,
    "jammer_count": 11,
    "measure_accepted_count": 137,
    "virtual_time_us": 2985127989,
    "clear_failure_count": 3
  },
  "actual_problem": 3
}
RUN_FOLDER C:\Users\LENOVO\Desktop\CUMCM2026Problems\解题库\演练调试\results\20260913_040347_812301_p3_FastScanP3

本局结束：清除11个；虚拟耗时2985.13秒。
模拟器确认：11/11。
完整结果：C:\Users\LENOVO\Desktop\CUMCM2026Problems\解题库\演练调试\results\20260913_040347_812301_p3_FastScanP3
