问题3演练：等待接口开放（最长30秒）；请勿切换会话。
已确认演练，机器狗开始自动执行。
[strategy] Q1 v4 算法源 = inline: problem1_v4_inline.py
PRACTICE_ONLY 3 None HopP3
{"action": 1, "path": "/enter", "virtual_time_s": 0, "result": null}
{"action": 40, "path": "/clear", "virtual_time_s": 546.539929, "result": "success"}
{"action": 42, "path": "/clear", "virtual_time_s": 622.820328, "result": "success"}
{"action": 59, "path": "/clear", "virtual_time_s": 970.171153, "result": "success"}
{"action": 75, "path": "/clear", "virtual_time_s": 1158.982055, "result": "success"}
{"action": 78, "path": "/clear", "virtual_time_s": 1195.624309, "result": "success"}
{"action": 79, "path": "/clear", "virtual_time_s": 1318.988033, "result": "success"}
{"action": 81, "path": "/clear", "virtual_time_s": 1468.565816, "result": "success"}
{"action": 82, "path": "/clear", "virtual_time_s": 1556.488951, "result": "success"}
{"action": 100, "path": "/measure", "virtual_time_s": 1883.669792, "result": null}
{"action": 113, "path": "/clear", "virtual_time_s": 2266.568393, "result": "success"}
{"action": 125, "path": "/clear", "virtual_time_s": 2411.792316, "result": "no_target_in_range"}
{"action": 128, "path": "/clear", "virtual_time_s": 2433.064164, "result": "success"}
{"action": 130, "path": "/clear", "virtual_time_s": 2525.62545, "result": "success"}
{"action": 139, "path": "/clear", "virtual_time_s": 2626.147857, "result": "success"}
{
  "cleared": 12,
  "virtual_time_s": 2673.147857,
  "avg_time_per_cleared": 222.76232141666665,
  "measure_count": 133,
  "clear_count": 13,
  "clear_fail_count": 1,
  "stop_reason": "all_channels_cleared_or_covered",
  "coverage_complete": true,
  "cleared_channels": [
    1,
    3,
    5,
    7,
    8,
    10,
    11,
    13,
    14,
    16,
    18,
    19
  ],
  "absent_channels": [
    2,
    4,
    6,
    9,
    12,
    15,
    17,
    20
  ],
  "runtime_s": 2.781901899998047,
  "time_breakdown": {
    "move_time_s": 1817.1478570249978,
    "switch_time_s": 128.0,
    "measure_time_s": 665.0,
    "clear_time_s": 63.0
  },
  "mode": "practice",
  "problem": 3,
  "case": "F5GC-Y6VU-5MEU-RUBJ",
  "strategy": "HopP3",
  "distance_m": 9085.73928512499,
  "policy_diagnostics": {
    "mask_cache_hits": 5541,
    "mask_cache_misses": 146,
    "coverage_certificate_method": "outer-target128 covered by union of inner-exclusion128, 0.01m margins",
    "coverage_certificates": {
      "20": [
        [
          0.0,
          0.0
        ],
        [
          403.8663150086171,
          821.8296698920551
        ],
        [
          -421.3726097576909,
          1178.2968016644716
        ],
        [
          -1198.9046990213349,
          406.07406494753104
        ],
        [
          -1127.5508874639108,
          -772.8744744304995
        ],
        [
          -46.224947872874566,
          -951.0323777464959
        ],
        [
          581.1908662805016,
          -753.677829755444
        ],
        [
          1177.376592187293,
          -117.6387679272805
        ],
        [
          1313.8308652956125,
          219.64564603663254
        ],
        [
          1324.721064850093,
          457.0079895474936
        ]
      ],
      "2": [
        [
          0.0,
          0.0
        ],
        [
          403.8663150086171,
          821.8296698920551
        ],
        [
          -421.3726097576909,
          1178.2968016644716
        ],
        [
          -1198.9046990213349,
          406.07406494753104
        ],
        [
          -1127.5508874639108,
          -772.8744744304995
        ],
        [
          -46.224947872874566,
          -951.0323777464959
        ],
        [
          581.1908662805016,
          -753.677829755444
        ],
        [
          1177.376592187293,
          -117.6387679272805
        ],
        [
          1313.8308652956125,
          219.64564603663254
        ],
        [
          1324.721064850093,
          457.0079895474936
        ]
      ],
      "4": [
        [
          0.0,
          0.0
        ],
        [
          403.8663150086171,
          821.8296698920551
        ],
        [
          -421.3726097576909,
          1178.2968016644716
        ],
        [
          -1198.9046990213349,
          406.07406494753104
        ],
        [
          -1127.5508874639108,
          -772.8744744304995
        ],
        [
          -46.224947872874566,
          -951.0323777464959
        ],
        [
          581.1908662805016,
          -753.677829755444
        ],
        [
          1177.376592187293,
          -117.6387679272805
        ],
        [
          1313.8308652956125,
          219.64564603663254
        ],
        [
          1324.721064850093,
          457.0079895474936
        ]
      ],
      "6": [
        [
          0.0,
          0.0
        ],
        [
          403.8663150086171,
          821.8296698920551
        ],
        [
          -421.3726097576909,
          1178.2968016644716
        ],
        [
          -1198.9046990213349,
          406.07406494753104
        ],
        [
          -1127.5508874639108,
          -772.8744744304995
        ],
        [
          -46.224947872874566,
          -951.0323777464959
        ],
        [
          581.1908662805016,
          -753.677829755444
        ],
        [
          1177.376592187293,
          -117.6387679272805
        ],
        [
          1313.8308652956125,
          219.64564603663254
        ],
        [
          1324.721064850093,
          457.0079895474936
        ]
      ],
      "9": [
        [
          0.0,
          0.0
        ],
        [
          403.8663150086171,
          821.8296698920551
        ],
        [
          -421.3726097576909,
          1178.2968016644716
        ],
        [
          -1198.9046990213349,
          406.07406494753104
        ],
        [
          -1127.5508874639108,
          -772.8744744304995
        ],
        [
          -46.224947872874566,
          -951.0323777464959
        ],
        [
          581.1908662805016,
          -753.677829755444
        ],
        [
          1177.376592187293,
          -117.6387679272805
        ],
        [
          1313.8308652956125,
          219.64564603663254
        ],
        [
          1324.721064850093,
          457.0079895474936
        ]
      ],
      "12": [
        [
          0.0,
          0.0
        ],
        [
          403.8663150086171,
          821.8296698920551
        ],
        [
          -421.3726097576909,
          1178.2968016644716
        ],
        [
          -1198.9046990213349,
          406.07406494753104
        ],
        [
          -1127.5508874639108,
          -772.8744744304995
        ],
        [
          -46.224947872874566,
          -951.0323777464959
        ],
        [
          581.1908662805016,
          -753.677829755444
        ],
        [
          1177.376592187293,
          -117.6387679272805
        ],
        [
          1313.8308652956125,
          219.64564603663254
        ],
        [
          1324.721064850093,
          457.0079895474936
        ]
      ],
      "15": [
        [
          0.0,
          0.0
        ],
        [
          403.8663150086171,
          821.8296698920551
        ],
        [
          -421.3726097576909,
          1178.2968016644716
        ],
        [
          -1198.9046990213349,
          406.07406494753104
        ],
        [
          -1127.5508874639108,
          -772.8744744304995
        ],
        [
          -46.224947872874566,
          -951.0323777464959
        ],
        [
          581.1908662805016,
          -753.677829755444
        ],
        [
          1177.376592187293,
          -117.6387679272805
        ],
        [
          1313.8308652956125,
          219.64564603663254
        ],
        [
          1324.721064850093,
          457.0079895474936
        ]
      ],
      "17": [
        [
          0.0,
          0.0
        ],
        [
          403.8663150086171,
          821.8296698920551
        ],
        [
          -421.3726097576909,
          1178.2968016644716
        ],
        [
          -1198.9046990213349,
          406.07406494753104
        ],
        [
          -1127.5508874639108,
          -772.8744744304995
        ],
        [
          -46.224947872874566,
          -951.0323777464959
        ],
        [
          581.1908662805016,
          -753.677829755444
        ],
        [
          1177.376592187293,
          -117.6387679272805
        ],
        [
          1313.8308652956125,
          219.64564603663254
        ],
        [
          1324.721064850093,
          457.0079895474936
        ]
      ]
    }
  },
  "simulator_summary": {
    "problem_no": 3,
    "case_code": "F5GC-Y6VU-5MEU-RUBJ",
    "end_reason": "user_exit",
    "cleared_jammer_count": 12,
    "jammer_count": 12,
    "measure_accepted_count": 133,
    "virtual_time_us": 2673147857,
    "clear_failure_count": 1
  },
  "actual_problem": 3
}
RUN_FOLDER C:\Users\LENOVO\Desktop\CUMCM2026Problems\解题库\演练调试\results\20260913_042603_753063_p3_HopP3

本局结束：清除12个；虚拟耗时2673.15秒。
模拟器确认：12/12。
完整结果：C:\Users\LENOVO\Desktop\CUMCM2026Problems\解题库\演练调试\results\20260913_042603_753063_p3_HopP3
