问题4演练：等待接口开放（最长30秒）；请勿切换会话。
已确认演练，机器狗开始自动执行。
[strategy] Q1 v4 算法源 = inline: problem1_v4_inline.py
PRACTICE_ONLY 4 None FastP4_grid49
{"action": 1, "path": "/enter", "virtual_time_s": 0, "result": null}
{"action": 100, "path": "/measure", "virtual_time_s": 1293, "result": null}
{"action": 200, "path": "/measure", "virtual_time_s": 2593, "result": null}
{"action": 300, "path": "/measure", "virtual_time_s": 4033, "result": null}
{"action": 400, "path": "/measure", "virtual_time_s": 5613, "result": null}
{"action": 500, "path": "/measure", "virtual_time_s": 7473, "result": null}
{"action": 600, "path": "/measure", "virtual_time_s": 10733, "result": null}
{"action": 608, "path": "/clear", "virtual_time_s": 11600.65788, "result": "success"}
{"action": 609, "path": "/clear", "virtual_time_s": 11668.714135, "result": "success"}
{"action": 610, "path": "/clear", "virtual_time_s": 11781.415909, "result": "success"}
{"action": 611, "path": "/clear", "virtual_time_s": 11904.49938, "result": "success"}
{"action": 612, "path": "/clear", "virtual_time_s": 12036.287931, "result": "success"}
{"action": 613, "path": "/clear", "virtual_time_s": 12222.578093, "result": "success"}
{"action": 614, "path": "/clear", "virtual_time_s": 12611.008374, "result": "success"}
{"action": 615, "path": "/clear", "virtual_time_s": 12730.40257, "result": "success"}
{"action": 616, "path": "/clear", "virtual_time_s": 12791.159226, "result": "success"}
{"action": 617, "path": "/clear", "virtual_time_s": 12936.573782, "result": "success"}
{"action": 618, "path": "/clear", "virtual_time_s": 13059.966733, "result": "success"}
{"action": 619, "path": "/clear", "virtual_time_s": 13432.272246, "result": "success"}
{"action": 620, "path": "/clear", "virtual_time_s": 13488.302008, "result": "success"}
{"action": 621, "path": "/clear", "virtual_time_s": 13534.961819, "result": "success"}
{"action": 622, "path": "/clear", "virtual_time_s": 13767.278147, "result": "success"}
{"action": 623, "path": "/clear", "virtual_time_s": 13923.60231, "result": "success"}
{
  "cleared": 16,
  "virtual_time_s": 13923.60231,
  "avg_time_per_cleared": 870.225144375,
  "measure_count": 606,
  "clear_count": 16,
  "clear_fail_count": 0,
  "stop_reason": "all_channels_cleared_or_covered",
  "coverage_complete": true,
  "cleared_channels": [
    1,
    2,
    3,
    4,
    5,
    6,
    8,
    9,
    11,
    12,
    13,
    14,
    15,
    16,
    19,
    20
  ],
  "absent_channels": [
    7,
    10,
    17,
    18
  ],
  "runtime_s": 7.276042299999972,
  "time_breakdown": {
    "move_time_s": 10208.602307367697,
    "switch_time_s": 605.0,
    "measure_time_s": 3030.0,
    "clear_time_s": 80.0
  },
  "mode": "practice",
  "problem": 4,
  "case": "3HHW-GDAM-G3GT-63KT",
  "strategy": "FastP4_grid49",
  "distance_m": 51043.01153683849,
  "simulator_summary": {
    "problem_no": 4,
    "case_code": "3HHW-GDAM-G3GT-63KT",
    "end_reason": "user_exit",
    "cleared_jammer_count": 16,
    "jammer_count": 16,
    "measure_accepted_count": 606,
    "virtual_time_us": 13923602310,
    "clear_failure_count": 0
  },
  "actual_problem": 4
}
RUN_FOLDER C:\Users\LENOVO\Desktop\CUMCM2026Problems\解题库\演练调试\results\20260913_050003_701582_p4_FastP4_grid49

本局结束：清除16个；虚拟耗时13923.60秒。
模拟器确认：16/16。
完整结果：C:\Users\LENOVO\Desktop\CUMCM2026Problems\解题库\演练调试\results\20260913_050003_701582_p4_FastP4_grid49
