问题3演练：等待接口开放（最长30秒）；请勿切换会话。
已确认演练，机器狗开始自动执行。
[strategy] Q1 v4 算法源 = inline: problem1_v4_inline.py
PRACTICE_ONLY 3 None FastScanP3
{"action": 1, "path": "/enter", "virtual_time_s": 0, "result": null}
{"action": 38, "path": "/clear", "virtual_time_s": 486.272753, "result": "no_target_in_range"}
{"action": 41, "path": "/clear", "virtual_time_s": 509.659739, "result": "success"}
{"action": 44, "path": "/clear", "virtual_time_s": 602.899784, "result": "success"}
{"action": 57, "path": "/clear", "virtual_time_s": 885.114368, "result": "no_target_in_range"}
{"action": 60, "path": "/clear", "virtual_time_s": 906.420951, "result": "success"}
{"action": 61, "path": "/clear", "virtual_time_s": 1074.714377, "result": "success"}
{"action": 73, "path": "/clear", "virtual_time_s": 1371.122255, "result": "success"}
{"action": 75, "path": "/clear", "virtual_time_s": 1454.838443, "result": "success"}
{"action": 86, "path": "/clear", "virtual_time_s": 1652.133105, "result": "success"}
{"action": 94, "path": "/clear", "virtual_time_s": 1891.393861, "result": "success"}
{"action": 96, "path": "/clear", "virtual_time_s": 1998.440021, "result": "success"}
{"action": 98, "path": "/clear", "virtual_time_s": 2172.466994, "result": "success"}
{"action": 100, "path": "/measure", "virtual_time_s": 2184.466994, "result": null}
{"action": 112, "path": "/clear", "virtual_time_s": 2522.897128, "result": "no_target_in_range"}
{"action": 114, "path": "/clear", "virtual_time_s": 2536.284803, "result": "success"}
{"action": 121, "path": "/clear", "virtual_time_s": 2727.820002, "result": "success"}
{"action": 122, "path": "/clear", "virtual_time_s": 2779.884852, "result": "success"}
{"action": 129, "path": "/clear", "virtual_time_s": 3026.055719, "result": "success"}
{
  "cleared": 14,
  "virtual_time_s": 3061.055719,
  "avg_time_per_cleared": 218.64683707142856,
  "measure_count": 117,
  "clear_count": 17,
  "clear_fail_count": 3,
  "stop_reason": "all_channels_cleared_or_covered",
  "coverage_complete": true,
  "cleared_channels": [
    1,
    2,
    3,
    4,
    6,
    8,
    10,
    11,
    12,
    14,
    15,
    16,
    18,
    20
  ],
  "absent_channels": [
    5,
    7,
    9,
    13,
    17,
    19
  ],
  "runtime_s": 2.202768000002834,
  "time_breakdown": {
    "move_time_s": 2290.0557208239934,
    "switch_time_s": 107.0,
    "measure_time_s": 585.0,
    "clear_time_s": 79.0
  },
  "mode": "practice",
  "problem": 3,
  "case": "D8TE-VCAW-UNWH-RUB7",
  "strategy": "FastScanP3",
  "distance_m": 11450.278604119967,
  "simulator_summary": {
    "problem_no": 3,
    "case_code": "D8TE-VCAW-UNWH-RUB7",
    "end_reason": "user_exit",
    "cleared_jammer_count": 14,
    "jammer_count": 14,
    "measure_accepted_count": 117,
    "virtual_time_us": 3061055719,
    "clear_failure_count": 3
  },
  "actual_problem": 3
}
RUN_FOLDER C:\Users\LENOVO\Desktop\CUMCM2026Problems\解题库\演练调试\results\20260913_040518_510146_p3_FastScanP3

本局结束：清除14个；虚拟耗时3061.06秒。
模拟器确认：14/14。
完整结果：C:\Users\LENOVO\Desktop\CUMCM2026Problems\解题库\演练调试\results\20260913_040518_510146_p3_FastScanP3
