问题4演练：等待接口开放（最长30秒）；请勿切换会话。
已确认演练，机器狗开始自动执行。
[strategy] Q1 v4 算法源 = inline: problem1_v4_inline.py
PRACTICE_ONLY 4 None FastP4_grid49
{"action": 1, "path": "/enter", "virtual_time_s": 0, "result": null}
{"action": 100, "path": "/measure", "virtual_time_s": 1293, "result": null}
{"action": 200, "path": "/measure", "virtual_time_s": 2593, "result": null}
{"action": 300, "path": "/measure", "virtual_time_s": 4033, "result": null}
{"action": 400, "path": "/measure", "virtual_time_s": 5473, "result": null}
{"action": 500, "path": "/measure", "virtual_time_s": 7053, "result": null}
{"action": 600, "path": "/measure", "virtual_time_s": 9053, "result": null}
{"action": 686, "path": "/clear", "virtual_time_s": 12351.445994, "result": "success"}
{"action": 687, "path": "/clear", "virtual_time_s": 12379.395496, "result": "success"}
{"action": 688, "path": "/clear", "virtual_time_s": 12449.164789, "result": "success"}
{"action": 689, "path": "/clear", "virtual_time_s": 12501.561307, "result": "success"}
{"action": 690, "path": "/clear", "virtual_time_s": 12632.537661, "result": "success"}
{"action": 691, "path": "/clear", "virtual_time_s": 13055.482829, "result": "success"}
{"action": 692, "path": "/clear", "virtual_time_s": 13131.659422, "result": "success"}
{"action": 693, "path": "/clear", "virtual_time_s": 13682.174817, "result": "success"}
{"action": 700, "path": "/measure", "virtual_time_s": 14498.403703, "result": null}
{"action": 701, "path": "/clear", "virtual_time_s": 14717.296535, "result": "success"}
{"action": 702, "path": "/clear", "virtual_time_s": 14806.825576, "result": "success"}
{"action": 703, "path": "/clear", "virtual_time_s": 14856.336226, "result": "success"}
{"action": 704, "path": "/clear", "virtual_time_s": 14961.699364, "result": "success"}
{
  "cleared": 12,
  "virtual_time_s": 14961.699364,
  "avg_time_per_cleared": 1246.8082803333334,
  "measure_count": 691,
  "clear_count": 12,
  "clear_fail_count": 0,
  "stop_reason": "all_channels_cleared_or_covered",
  "coverage_complete": true,
  "cleared_channels": [
    1,
    4,
    5,
    6,
    9,
    10,
    11,
    13,
    14,
    15,
    17,
    20
  ],
  "absent_channels": [
    2,
    3,
    7,
    8,
    12,
    16,
    18,
    19
  ],
  "runtime_s": 8.600536599999032,
  "time_breakdown": {
    "move_time_s": 10764.699367730416,
    "switch_time_s": 682.0,
    "measure_time_s": 3455.0,
    "clear_time_s": 60.0
  },
  "mode": "practice",
  "problem": 4,
  "case": "RHAM-NFPV-NW8S-BFSN",
  "strategy": "FastP4_grid49",
  "distance_m": 53823.49683865208,
  "simulator_summary": {
    "problem_no": 4,
    "case_code": "RHAM-NFPV-NW8S-BFSN",
    "end_reason": "user_exit",
    "cleared_jammer_count": 12,
    "jammer_count": 12,
    "measure_accepted_count": 691,
    "virtual_time_us": 14961699364,
    "clear_failure_count": 0
  },
  "actual_problem": 4
}
RUN_FOLDER C:\Users\LENOVO\Desktop\CUMCM2026Problems\解题库\演练调试\results\20260913_050530_799948_p4_FastP4_grid49

本局结束：清除12个；虚拟耗时14961.70秒。
模拟器确认：12/12。
完整结果：C:\Users\LENOVO\Desktop\CUMCM2026Problems\解题库\演练调试\results\20260913_050530_799948_p4_FastP4_grid49
