问题3演练：等待接口开放（最长30秒）；请勿切换会话。
已确认演练，机器狗开始自动执行。
[strategy] Q1 v4 算法源 = inline: problem1_v4_inline.py
PRACTICE_ONLY 3 None FastScanP3
{"action": 1, "path": "/enter", "virtual_time_s": 0, "result": null}
{"action": 39, "path": "/clear", "virtual_time_s": 577.761281, "result": "no_target_in_range"}
{"action": 42, "path": "/clear", "virtual_time_s": 599.356133, "result": "success"}
{"action": 44, "path": "/clear", "virtual_time_s": 712.533308, "result": "no_target_in_range"}
{"action": 46, "path": "/clear", "virtual_time_s": 726.444999, "result": "success"}
{"action": 56, "path": "/clear", "virtual_time_s": 869.646358, "result": "success"}
{"action": 58, "path": "/clear", "virtual_time_s": 963.29937, "result": "success"}
{"action": 59, "path": "/clear", "virtual_time_s": 1167.944333, "result": "success"}
{"action": 69, "path": "/clear", "virtual_time_s": 1503.895584, "result": "success"}
{"action": 83, "path": "/clear", "virtual_time_s": 1989.250664, "result": "success"}
{"action": 86, "path": "/clear", "virtual_time_s": 2130.109275, "result": "success"}
{"action": 92, "path": "/clear", "virtual_time_s": 2213.867084, "result": "success"}
{"action": 93, "path": "/clear", "virtual_time_s": 2288.725587, "result": "success"}
{"action": 94, "path": "/clear", "virtual_time_s": 2350.97901, "result": "success"}
{"action": 100, "path": "/clear", "virtual_time_s": 2445.746238, "result": "success"}
{"action": 102, "path": "/clear", "virtual_time_s": 2668.332158, "result": "success"}
{"action": 106, "path": "/clear", "virtual_time_s": 2829.176089, "result": "success"}
{"action": 111, "path": "/clear", "virtual_time_s": 2903.990785, "result": "success"}
{"action": 112, "path": "/clear", "virtual_time_s": 3096.031283, "result": "success"}
{
  "cleared": 16,
  "virtual_time_s": 3096.031283,
  "avg_time_per_cleared": 193.5019551875,
  "measure_count": 93,
  "clear_count": 18,
  "clear_fail_count": 2,
  "stop_reason": "cleared_maximum_16",
  "coverage_complete": true,
  "cleared_channels": [
    1,
    2,
    4,
    5,
    6,
    7,
    9,
    10,
    11,
    12,
    13,
    14,
    15,
    16,
    18,
    19
  ],
  "absent_channels": [],
  "runtime_s": 1.910450999999739,
  "time_breakdown": {
    "move_time_s": 2458.0312835082127,
    "switch_time_s": 87.0,
    "measure_time_s": 465.0,
    "clear_time_s": 86.0
  },
  "mode": "practice",
  "problem": 3,
  "case": "BSQK-5GP8-VJEV-FBTF",
  "strategy": "FastScanP3",
  "distance_m": 12290.156417541064,
  "simulator_summary": {
    "problem_no": 3,
    "case_code": "BSQK-5GP8-VJEV-FBTF",
    "end_reason": "user_exit",
    "cleared_jammer_count": 16,
    "jammer_count": 16,
    "measure_accepted_count": 93,
    "virtual_time_us": 3096031283,
    "clear_failure_count": 2
  },
  "actual_problem": 3
}
RUN_FOLDER C:\Users\LENOVO\Desktop\CUMCM2026Problems\解题库\演练调试\results\20260913_040310_328152_p3_FastScanP3

本局结束：清除16个；虚拟耗时3096.03秒。
模拟器确认：16/16。
完整结果：C:\Users\LENOVO\Desktop\CUMCM2026Problems\解题库\演练调试\results\20260913_040310_328152_p3_FastScanP3
