问题3演练：等待接口开放（最长30秒）；请勿切换会话。
已确认演练，机器狗开始自动执行。
[strategy] Q1 v4 算法源 = inline: problem1_v4_inline.py
PRACTICE_ONLY 3 None FastScanP3
{"action": 1, "path": "/enter", "virtual_time_s": 0, "result": null}
{"action": 53, "path": "/clear", "virtual_time_s": 676.084482, "result": "no_target_in_range"}
{"action": 56, "path": "/clear", "virtual_time_s": 696.930178, "result": "success"}
{"action": 57, "path": "/clear", "virtual_time_s": 837.457641, "result": "no_target_in_range"}
{"action": 60, "path": "/clear", "virtual_time_s": 859.383915, "result": "success"}
{"action": 73, "path": "/clear", "virtual_time_s": 1119.911231, "result": "no_target_in_range"}
{"action": 76, "path": "/clear", "virtual_time_s": 1143.185314, "result": "success"}
{"action": 93, "path": "/clear", "virtual_time_s": 1475.490947, "result": "no_target_in_range"}
{"action": 96, "path": "/clear", "virtual_time_s": 1495.768976, "result": "success"}
{"action": 98, "path": "/clear", "virtual_time_s": 1589.677155, "result": "success"}
{"action": 100, "path": "/measure", "virtual_time_s": 1601.677155, "result": null}
{"action": 121, "path": "/clear", "virtual_time_s": 1958.615213, "result": "success"}
{"action": 123, "path": "/clear", "virtual_time_s": 1987.212792, "result": "success"}
{"action": 124, "path": "/clear", "virtual_time_s": 2070.89938, "result": "success"}
{"action": 125, "path": "/clear", "virtual_time_s": 2109.217952, "result": "success"}
{"action": 126, "path": "/clear", "virtual_time_s": 2230.143463, "result": "success"}
{"action": 155, "path": "/clear", "virtual_time_s": 2947.103347, "result": "success"}
{
  "cleared": 11,
  "virtual_time_s": 3069.990382,
  "avg_time_per_cleared": 279.0900347272727,
  "measure_count": 157,
  "clear_count": 15,
  "clear_fail_count": 4,
  "stop_reason": "all_channels_cleared_or_covered",
  "coverage_complete": true,
  "cleared_channels": [
    1,
    2,
    3,
    7,
    8,
    9,
    11,
    12,
    18,
    19,
    20
  ],
  "absent_channels": [
    4,
    5,
    6,
    10,
    13,
    14,
    15,
    16,
    17
  ],
  "runtime_s": 3.7117422000010265,
  "time_breakdown": {
    "move_time_s": 2071.990381402994,
    "switch_time_s": 146.0,
    "measure_time_s": 785.0,
    "clear_time_s": 67.0
  },
  "mode": "practice",
  "problem": 3,
  "case": "7TWY-NZRC-M9X3-9WE9",
  "strategy": "FastScanP3",
  "distance_m": 10359.951907014969,
  "simulator_summary": {
    "problem_no": 3,
    "case_code": "7TWY-NZRC-M9X3-9WE9",
    "end_reason": "user_exit",
    "cleared_jammer_count": 11,
    "jammer_count": 11,
    "measure_accepted_count": 157,
    "virtual_time_us": 3069990382,
    "clear_failure_count": 4
  },
  "actual_problem": 3
}
RUN_FOLDER C:\Users\LENOVO\Desktop\CUMCM2026Problems\解题库\演练调试\results\20260913_040552_923691_p3_FastScanP3

本局结束：清除11个；虚拟耗时3069.99秒。
模拟器确认：11/11。
完整结果：C:\Users\LENOVO\Desktop\CUMCM2026Problems\解题库\演练调试\results\20260913_040552_923691_p3_FastScanP3
