问题3演练：等待接口开放（最长30秒）；请勿切换会话。
已确认演练，机器狗开始自动执行。
[strategy] Q1 v4 算法源 = inline: problem1_v4_inline.py
PRACTICE_ONLY 3 None HopP3
{"action": 1, "path": "/enter", "virtual_time_s": 0, "result": null}
{"action": 39, "path": "/clear", "virtual_time_s": 581.006445, "result": "success"}
{"action": 53, "path": "/clear", "virtual_time_s": 864.991085, "result": "success"}
{"action": 56, "path": "/clear", "virtual_time_s": 916.378403, "result": "success"}
{"action": 59, "path": "/clear", "virtual_time_s": 1047.963814, "result": "success"}
{"action": 73, "path": "/clear", "virtual_time_s": 1323.858456, "result": "success"}
{"action": 84, "path": "/clear", "virtual_time_s": 1574.408485, "result": "success"}
{"action": 99, "path": "/clear", "virtual_time_s": 1949.623445, "result": "success"}
{"action": 100, "path": "/clear", "virtual_time_s": 2216.374769, "result": "no_target_in_range"}
{"action": 103, "path": "/clear", "virtual_time_s": 2242.881435, "result": "success"}
{"action": 113, "path": "/clear", "virtual_time_s": 2408.261703, "result": "success"}
{"action": 115, "path": "/clear", "virtual_time_s": 2479.397617, "result": "success"}
{"action": 119, "path": "/clear", "virtual_time_s": 2817.100879, "result": "no_target_in_range"}
{"action": 122, "path": "/clear", "virtual_time_s": 2837.706727, "result": "success"}
{"action": 131, "path": "/clear", "virtual_time_s": 3240.130334, "result": "success"}
{
  "cleared": 12,
  "virtual_time_s": 3287.130334,
  "avg_time_per_cleared": 273.92752783333333,
  "measure_count": 124,
  "clear_count": 14,
  "clear_fail_count": 2,
  "stop_reason": "all_channels_cleared_or_covered",
  "coverage_complete": true,
  "cleared_channels": [
    1,
    2,
    3,
    5,
    6,
    8,
    9,
    12,
    13,
    16,
    17,
    18
  ],
  "absent_channels": [
    4,
    7,
    10,
    11,
    14,
    15,
    19,
    20
  ],
  "runtime_s": 2.368938199997501,
  "time_breakdown": {
    "move_time_s": 2487.130335032861,
    "switch_time_s": 114.0,
    "measure_time_s": 620.0,
    "clear_time_s": 66.0
  },
  "mode": "practice",
  "problem": 3,
  "case": "D4E9-XEYD-8SND-ZYZ6",
  "strategy": "HopP3",
  "distance_m": 12435.651675164303,
  "policy_diagnostics": {
    "mask_cache_hits": 5590,
    "mask_cache_misses": 194,
    "coverage_certificate_method": "outer-target128 covered by union of inner-exclusion128, 0.01m margins",
    "coverage_certificates": {}
  },
  "simulator_summary": {
    "problem_no": 3,
    "case_code": "D4E9-XEYD-8SND-ZYZ6",
    "end_reason": "user_exit",
    "cleared_jammer_count": 12,
    "jammer_count": 12,
    "measure_accepted_count": 124,
    "virtual_time_us": 3287130334,
    "clear_failure_count": 2
  },
  "actual_problem": 3
}
RUN_FOLDER C:\Users\LENOVO\Desktop\CUMCM2026Problems\解题库\演练调试\results\20260913_042344_989246_p3_HopP3

本局结束：清除12个；虚拟耗时3287.13秒。
模拟器确认：12/12。
完整结果：C:\Users\LENOVO\Desktop\CUMCM2026Problems\解题库\演练调试\results\20260913_042344_989246_p3_HopP3
