问题4演练：等待接口开放（最长30秒）；请勿切换会话。
已确认演练，机器狗开始自动执行。
[strategy] Q1 v4 算法源 = inline: problem1_v4_inline.py
PRACTICE_ONLY 4 None FastP4_grid49
{"action": 1, "path": "/enter", "virtual_time_s": 0, "result": null}
{"action": 100, "path": "/measure", "virtual_time_s": 1293, "result": null}
{"action": 200, "path": "/measure", "virtual_time_s": 2593, "result": null}
{"action": 300, "path": "/measure", "virtual_time_s": 4173, "result": null}
{"action": 400, "path": "/measure", "virtual_time_s": 6033, "result": null}
{"action": 500, "path": "/measure", "virtual_time_s": 8453, "result": null}
{"action": 559, "path": "/clear", "virtual_time_s": 10986.043772, "result": "success"}
{"action": 560, "path": "/clear", "virtual_time_s": 11099.589408, "result": "success"}
{"action": 561, "path": "/clear", "virtual_time_s": 11164.061158, "result": "success"}
{"action": 562, "path": "/clear", "virtual_time_s": 11313.84194, "result": "success"}
{"action": 563, "path": "/clear", "virtual_time_s": 11455.944372, "result": "success"}
{"action": 564, "path": "/clear", "virtual_time_s": 11525.84343, "result": "success"}
{"action": 565, "path": "/clear", "virtual_time_s": 11710.222877, "result": "success"}
{"action": 566, "path": "/clear", "virtual_time_s": 11757.445787, "result": "success"}
{"action": 567, "path": "/clear", "virtual_time_s": 11798.126439, "result": "success"}
{"action": 569, "path": "/clear", "virtual_time_s": 12084.559372, "result": "success"}
{"action": 570, "path": "/clear", "virtual_time_s": 12181.138051, "result": "success"}
{"action": 571, "path": "/clear", "virtual_time_s": 12263.044161, "result": "success"}
{"action": 572, "path": "/clear", "virtual_time_s": 12531.484987, "result": "success"}
{"action": 573, "path": "/clear", "virtual_time_s": 12773.628647, "result": "success"}
{
  "cleared": 14,
  "virtual_time_s": 12773.628647,
  "avg_time_per_cleared": 912.4020462142856,
  "measure_count": 558,
  "clear_count": 14,
  "clear_fail_count": 0,
  "stop_reason": "all_channels_cleared_or_covered",
  "coverage_complete": true,
  "cleared_channels": [
    1,
    2,
    3,
    7,
    8,
    9,
    10,
    12,
    13,
    14,
    15,
    16,
    17,
    19
  ],
  "absent_channels": [
    4,
    5,
    6,
    11,
    18,
    20
  ],
  "runtime_s": 6.841603799999575,
  "time_breakdown": {
    "move_time_s": 9356.628647059908,
    "switch_time_s": 557.0,
    "measure_time_s": 2790.0,
    "clear_time_s": 70.0
  },
  "mode": "practice",
  "problem": 4,
  "case": "V8R6-FEWT-5ANA-7NZ4",
  "strategy": "FastP4_grid49",
  "distance_m": 46783.14323529954,
  "simulator_summary": {
    "problem_no": 4,
    "case_code": "V8R6-FEWT-5ANA-7NZ4",
    "end_reason": "user_exit",
    "cleared_jammer_count": 14,
    "jammer_count": 14,
    "measure_accepted_count": 558,
    "virtual_time_us": 12773628647,
    "clear_failure_count": 0
  },
  "actual_problem": 4
}
RUN_FOLDER C:\Users\LENOVO\Desktop\CUMCM2026Problems\解题库\演练调试\results\20260913_050029_943959_p4_FastP4_grid49

本局结束：清除14个；虚拟耗时12773.63秒。
模拟器确认：14/14。
完整结果：C:\Users\LENOVO\Desktop\CUMCM2026Problems\解题库\演练调试\results\20260913_050029_943959_p4_FastP4_grid49
