问题3演练：等待接口开放（最长30秒）；请勿切换会话。
已确认演练，机器狗开始自动执行。
[strategy] Q1 v4 算法源 = inline: problem1_v4_inline.py
PRACTICE_ONLY 3 None HopP3
{"action": 1, "path": "/enter", "virtual_time_s": 0, "result": null}
{"action": 23, "path": "/clear", "virtual_time_s": 254.129453, "result": "success"}
{"action": 28, "path": "/clear", "virtual_time_s": 375.64011, "result": "success"}
{"action": 29, "path": "/clear", "virtual_time_s": 486.107327, "result": "success"}
{"action": 46, "path": "/clear", "virtual_time_s": 859.09197, "result": "success"}
{"action": 48, "path": "/clear", "virtual_time_s": 902.469119, "result": "no_target_in_range"}
{"action": 50, "path": "/clear", "virtual_time_s": 916.440497, "result": "success"}
{"action": 65, "path": "/clear", "virtual_time_s": 1307.414802, "result": "success"}
{"action": 67, "path": "/clear", "virtual_time_s": 1388.028637, "result": "success"}
{"action": 68, "path": "/clear", "virtual_time_s": 1561.896562, "result": "success"}
{"action": 82, "path": "/clear", "virtual_time_s": 1843.097387, "result": "success"}
{"action": 84, "path": "/clear", "virtual_time_s": 1980.176674, "result": "success"}
{"action": 93, "path": "/clear", "virtual_time_s": 2076.926747, "result": "success"}
{"action": 96, "path": "/clear", "virtual_time_s": 2180.965749, "result": "success"}
{"action": 100, "path": "/measure", "virtual_time_s": 2204.965749, "result": null}
{"action": 104, "path": "/clear", "virtual_time_s": 2446.237494, "result": "success"}
{"action": 113, "path": "/clear", "virtual_time_s": 2622.262458, "result": "success"}
{
  "cleared": 14,
  "virtual_time_s": 3022.31574,
  "avg_time_per_cleared": 215.8796957142857,
  "measure_count": 109,
  "clear_count": 15,
  "clear_fail_count": 1,
  "stop_reason": "all_channels_cleared_or_covered",
  "coverage_complete": true,
  "cleared_channels": [
    1,
    2,
    4,
    6,
    7,
    8,
    9,
    11,
    12,
    13,
    15,
    17,
    18,
    20
  ],
  "absent_channels": [
    3,
    5,
    10,
    14,
    16,
    19
  ],
  "runtime_s": 2.7465591999971366,
  "time_breakdown": {
    "move_time_s": 2299.31574108123,
    "switch_time_s": 105.0,
    "measure_time_s": 545.0,
    "clear_time_s": 73.0
  },
  "mode": "practice",
  "problem": 3,
  "case": "2N93-576K-CXVH-T25A",
  "strategy": "HopP3",
  "distance_m": 11496.578705406151,
  "policy_diagnostics": {
    "mask_cache_hits": 8072,
    "mask_cache_misses": 300,
    "coverage_certificate_method": "outer-target128 covered by union of inner-exclusion128, 0.01m margins",
    "coverage_certificates": {}
  },
  "simulator_summary": {
    "problem_no": 3,
    "case_code": "2N93-576K-CXVH-T25A",
    "end_reason": "user_exit",
    "cleared_jammer_count": 14,
    "jammer_count": 14,
    "measure_accepted_count": 109,
    "virtual_time_us": 3022315740,
    "clear_failure_count": 1
  },
  "actual_problem": 3
}
RUN_FOLDER C:\Users\LENOVO\Desktop\CUMCM2026Problems\解题库\演练调试\results\20260913_042327_870206_p3_HopP3

本局结束：清除14个；虚拟耗时3022.32秒。
模拟器确认：14/14。
完整结果：C:\Users\LENOVO\Desktop\CUMCM2026Problems\解题库\演练调试\results\20260913_042327_870206_p3_HopP3
