问题3演练：等待接口开放（最长30秒）；请勿切换会话。
已确认演练，机器狗开始自动执行。
[strategy] Q1 v4 算法源 = inline: problem1_v4_inline.py
PRACTICE_ONLY 3 None FastScanP3
{"action": 1, "path": "/enter", "virtual_time_s": 0, "result": null}
{"action": 43, "path": "/clear", "virtual_time_s": 637.88035, "result": "no_target_in_range"}
{"action": 46, "path": "/clear", "virtual_time_s": 659.668537, "result": "success"}
{"action": 47, "path": "/clear", "virtual_time_s": 757.418255, "result": "no_target_in_range"}
{"action": 49, "path": "/clear", "virtual_time_s": 772.34285, "result": "success"}
{"action": 66, "path": "/clear", "virtual_time_s": 1009.75976, "result": "success"}
{"action": 84, "path": "/clear", "virtual_time_s": 1380.329072, "result": "success"}
{"action": 99, "path": "/clear", "virtual_time_s": 1746.116591, "result": "success"}
{"action": 100, "path": "/measure", "virtual_time_s": 1752.116591, "result": null}
{"action": 115, "path": "/clear", "virtual_time_s": 2050.582029, "result": "success"}
{"action": 117, "path": "/clear", "virtual_time_s": 2274.839525, "result": "success"}
{"action": 129, "path": "/clear", "virtual_time_s": 2474.904226, "result": "success"}
{"action": 140, "path": "/clear", "virtual_time_s": 2840.480528, "result": "success"}
{"action": 152, "path": "/clear", "virtual_time_s": 3113.628066, "result": "no_target_in_range"}
{"action": 154, "path": "/clear", "virtual_time_s": 3127.44662, "result": "success"}
{
  "cleared": 10,
  "virtual_time_s": 3187.44662,
  "avg_time_per_cleared": 318.744662,
  "measure_count": 150,
  "clear_count": 13,
  "clear_fail_count": 3,
  "stop_reason": "all_channels_cleared_or_covered",
  "coverage_complete": true,
  "cleared_channels": [
    2,
    9,
    11,
    13,
    14,
    15,
    17,
    18,
    19,
    20
  ],
  "absent_channels": [
    1,
    3,
    4,
    5,
    6,
    7,
    8,
    10,
    12,
    16
  ],
  "runtime_s": 3.816973799999687,
  "time_breakdown": {
    "move_time_s": 2234.446618884856,
    "switch_time_s": 144.0,
    "measure_time_s": 750.0,
    "clear_time_s": 59.0
  },
  "mode": "practice",
  "problem": 3,
  "case": "XFE9-FFPA-FCGV-T6JP",
  "strategy": "FastScanP3",
  "distance_m": 11172.23309442428,
  "simulator_summary": {
    "problem_no": 3,
    "case_code": "XFE9-FFPA-FCGV-T6JP",
    "end_reason": "user_exit",
    "cleared_jammer_count": 10,
    "jammer_count": 10,
    "measure_accepted_count": 150,
    "virtual_time_us": 3187446620,
    "clear_failure_count": 3
  },
  "actual_problem": 3
}
RUN_FOLDER C:\Users\LENOVO\Desktop\CUMCM2026Problems\解题库\演练调试\results\20260913_040501_536381_p3_FastScanP3

本局结束：清除10个；虚拟耗时3187.45秒。
模拟器确认：10/10。
完整结果：C:\Users\LENOVO\Desktop\CUMCM2026Problems\解题库\演练调试\results\20260913_040501_536381_p3_FastScanP3
