========================================================================
[自检] T1–T8
  T1 扇形方向（8 方向 x 3 判据）: PASS
  T2 协调算例: D=2.6071 m, R*=1.3038 m, q=1.000152, covered=False, off=0.014861  -> PASS
  T3 反向扇形: empty=True -> PASS
  T4  Jung 紧正三角: D=100.0000, R*=57.7350, q=1.154701 (理论 1.154701, 误差 2.22e-16), covered=False -> PASS
  T5  Jung 界 1<=q<=2/sqrt3 且 covered<=>q=1: 覆盖 540 / 不覆盖 60, q 范围 [1.000000, 1.079213], covered 时 max|q-1|=6.74e-14, 不覆盖时 min(q-1)=0.0000 -> PASS
  T6  单扇形退化: D=1500.113 m (R_eff=1500), 相对误差 0.01% -> PASS
  T7  外逼近误差公式 r(sec(pi/N)-1): N=64 -> 1.8090 m, N=256 -> 0.1130 m -> PASS
  T8  检测点位于 Omega 内: 违规 0 次 -> PASS
自检总判定: ALL PASS
========================================================================
[实验 A] 圆盘外逼近边数 N 的收敛性（250 个固定场景，真值参考 N=2048）
  N=   16: D 平均相对误差  0.6316% (最大 54.6359%), R* 平均相对误差  0.6320%, |Δq| 平均 2.305e-06 (理论径向外扩 29.3867 m)
  N=   32: D 平均相对误差  0.2515% (最大 13.3548%), R* 平均相对误差  0.2517%, |Δq| 平均 2.475e-06 (理论径向外扩 7.2579 m)
  N=   64: D 平均相对误差  0.0425% (最大  2.6420%), R* 平均相对误差  0.0425%, |Δq| 平均 1.137e-07 (理论径向外扩 1.8090 m)
  N=  128: D 平均相对误差  0.0243% (最大  2.6420%), R* 平均相对误差  0.0243%, |Δq| 平均 1.137e-07 (理论径向外扩 0.4519 m)
  N=  256: D 平均相对误差  0.0037% (最大  0.4263%), R* 平均相对误差  0.0037%, |Δq| 平均 1.137e-07 (理论径向外扩 0.1130 m)
  N=  512: D 平均相对误差  0.0007% (最大  0.0717%), R* 平均相对误差  0.0007%, |Δq| 平均 1.137e-07 (理论径向外扩 0.0282 m)
  N= 1024: D 平均相对误差  0.0002% (最大  0.0350%), R* 平均相对误差  0.0002%, |Δq| 平均 1.830e-16 (理论径向外扩 0.0071 m)
  -> 写出 C:\Users\LENOVO\Desktop\CUMCM2026Problems\解题库\第一问\v5\results\disk_convergence.csv
  -> 写出 C:\Users\LENOVO\Desktop\CUMCM2026Problems\解题库\第一问\v5\results\disk_convergence.json
========================================================================
[实验 B] Monte Carlo：每个 n 取 500 例（N_disk=256，检测点强制在 Ω 内）
  n= 2: N有效=500, D均值=  121.12 m, D中位=   61.72 m, R*均值=  60.56 m, q中位=1.0000, q最大=1.0152, 覆盖率= 97.2%, 顶点均值=4.03
  n= 3: N有效=500, D均值=   42.76 m, D中位=   34.68 m, R*均值=  21.39 m, q中位=1.0000, q最大=1.1127, 覆盖率= 88.4%, 顶点均值=4.38
  n= 4: N有效=500, D均值=   24.65 m, D中位=   21.48 m, R*均值=  12.35 m, q中位=1.0000, q最大=1.1121, 覆盖率= 80.6%, 顶点均值=4.39
  n= 5: N有效=500, D均值=   18.12 m, D中位=   15.28 m, R*均值=   9.08 m, q中位=1.0000, q最大=1.1388, 覆盖率= 76.4%, 顶点均值=4.53
  n= 6: N有效=500, D均值=   13.02 m, D中位=   10.72 m, R*均值=   6.53 m, q中位=1.0000, q最大=1.1027, 覆盖率= 77.2%, 顶点均值=4.58
  n= 8: N有效=500, D均值=    9.38 m, D中位=    8.03 m, R*均值=   4.70 m, q中位=1.0000, q最大=1.1020, 覆盖率= 72.4%, 顶点均值=4.65
  n=10: N有效=500, D均值=    7.04 m, D中位=    6.04 m, R*均值=   3.53 m, q中位=1.0000, q最大=1.1175, 覆盖率= 66.8%, 顶点均值=4.58
  n=15: N有效=500, D均值=    4.27 m, D中位=    3.52 m, R*均值=   2.14 m, q中位=1.0000, q最大=1.0979, 覆盖率= 66.2%, 顶点均值=4.68
  -> 写出 C:\Users\LENOVO\Desktop\CUMCM2026Problems\解题库\第一问\v5\results\mc_samples.csv
  -> 写出 C:\Users\LENOVO\Desktop\CUMCM2026Problems\解题库\第一问\v5\results\mc_summary.json
  Jung 界一致性: q ∈ [1.000000, 1.138846], 越下界 0 例, 越上界 0 例
========================================================================
[实验 C] D 对 ε 的敏感度（每个 ε 取 300 例，n=4，N_disk=256）
  ε= 0.1°: N有效=300, D中位=    2.09 m, D均值=    2.57 m, P25–P75=[1.29, 3.51], P95=5.57
  ε= 0.2°: N有效=300, D中位=    4.08 m, D均值=    5.33 m, P25–P75=[2.32, 6.43], P95=11.73
  ε= 0.5°: N有效=300, D中位=   10.32 m, D均值=   12.61 m, P25–P75=[6.04, 16.61], P95=28.48
  ε= 0.8°: N有效=300, D中位=   16.66 m, D均值=   20.04 m, P25–P75=[10.88, 26.53], P95=45.68
  ε= 1.0°: N有效=300, D中位=   22.41 m, D均值=   25.67 m, P25–P75=[13.29, 35.77], P95=54.28
  ε= 1.5°: N有效=300, D中位=   27.90 m, D均值=   34.85 m, P25–P75=[17.19, 48.57], P95=76.27
  ε= 2.0°: N有效=300, D中位=   43.15 m, D均值=   53.32 m, P25–P75=[24.04, 69.40], P95=129.58
  ε= 3.0°: N有效=300, D中位=   62.27 m, D均值=   74.06 m, P25–P75=[38.31, 92.75], P95=165.97
  ε= 5.0°: N有效=300, D中位=  109.13 m, D均值=  126.60 m, P25–P75=[67.94, 168.96], P95=278.87
  -> 写出 C:\Users\LENOVO\Desktop\CUMCM2026Problems\解题库\第一问\v5\results\eps_sensitivity.csv
  -> 写出 C:\Users\LENOVO\Desktop\CUMCM2026Problems\解题库\第一问\v5\results\eps_sensitivity.json
========================================================================
[构造] Jung 紧算例 rho=1484.5 m: D=52.3517 m, R*=30.2253 m, q=1.154701 (上限 1.154701), off=19.1620 m, covered=False
  -> 写出 C:\Users\LENOVO\Desktop\CUMCM2026Problems\解题库\第一问\v5\results\key_numbers.json
========================================================================
全部实验完成，用时 1.9 s