问题4演练：等待接口开放（最长30秒）；请勿切换会话。
已确认演练，机器狗开始自动执行。
[strategy] Q1 v4 算法源 = inline: problem1_v4_inline.py
PRACTICE_ONLY 4 None FastP4_grid49
{"action": 1, "path": "/enter", "virtual_time_s": 0, "result": null}
{"action": 100, "path": "/measure", "virtual_time_s": 1293, "result": null}
{"action": 200, "path": "/measure", "virtual_time_s": 2733, "result": null}
{"action": 300, "path": "/measure", "virtual_time_s": 4173, "result": null}
{"action": 400, "path": "/measure", "virtual_time_s": 6033, "result": null}
{"action": 500, "path": "/measure", "virtual_time_s": 8453, "result": null}
{"action": 540, "path": "/clear", "virtual_time_s": 10821.708243, "result": "success"}
{"action": 543, "path": "/clear", "virtual_time_s": 11177.55834, "result": "success"}
{"action": 544, "path": "/clear", "virtual_time_s": 11248.955625, "result": "success"}
{"action": 545, "path": "/clear", "virtual_time_s": 11416.706556, "result": "success"}
{"action": 546, "path": "/clear", "virtual_time_s": 11502.948158, "result": "success"}
{"action": 547, "path": "/clear", "virtual_time_s": 11608.416026, "result": "success"}
{"action": 548, "path": "/clear", "virtual_time_s": 11757.682047, "result": "success"}
{"action": 549, "path": "/clear", "virtual_time_s": 11903.763525, "result": "success"}
{"action": 550, "path": "/clear", "virtual_time_s": 12103.542171, "result": "success"}
{"action": 551, "path": "/clear", "virtual_time_s": 12133.804372, "result": "success"}
{"action": 552, "path": "/clear", "virtual_time_s": 12180.183884, "result": "success"}
{"action": 553, "path": "/clear", "virtual_time_s": 12218.572177, "result": "success"}
{"action": 554, "path": "/clear", "virtual_time_s": 12277.067174, "result": "success"}
{"action": 555, "path": "/clear", "virtual_time_s": 12527.916369, "result": "success"}
{"action": 556, "path": "/clear", "virtual_time_s": 12578.747836, "result": "success"}
{"action": 557, "path": "/clear", "virtual_time_s": 12711.902645, "result": "success"}
{
  "cleared": 16,
  "virtual_time_s": 12711.902645,
  "avg_time_per_cleared": 794.4939153125,
  "measure_count": 540,
  "clear_count": 16,
  "clear_fail_count": 0,
  "stop_reason": "all_channels_cleared_or_covered",
  "coverage_complete": true,
  "cleared_channels": [
    2,
    3,
    4,
    5,
    6,
    7,
    8,
    9,
    10,
    11,
    13,
    14,
    16,
    17,
    19,
    20
  ],
  "absent_channels": [
    1,
    12,
    15,
    18
  ],
  "runtime_s": 6.393256499999552,
  "time_breakdown": {
    "move_time_s": 9393.90264645994,
    "switch_time_s": 538.0,
    "measure_time_s": 2700.0,
    "clear_time_s": 80.0
  },
  "mode": "practice",
  "problem": 4,
  "case": "ZD9V-ZK6R-Q5MN-3SBE",
  "strategy": "FastP4_grid49",
  "distance_m": 46969.513232299694,
  "simulator_summary": {
    "problem_no": 4,
    "case_code": "ZD9V-ZK6R-Q5MN-3SBE",
    "end_reason": "user_exit",
    "cleared_jammer_count": 16,
    "jammer_count": 16,
    "measure_accepted_count": 540,
    "virtual_time_us": 12711902645,
    "clear_failure_count": 0
  },
  "actual_problem": 4
}
RUN_FOLDER C:\Users\LENOVO\Desktop\CUMCM2026Problems\解题库\演练调试\results\20260913_050137_123469_p4_FastP4_grid49

本局结束：清除16个；虚拟耗时12711.90秒。
模拟器确认：16/16。
完整结果：C:\Users\LENOVO\Desktop\CUMCM2026Problems\解题库\演练调试\results\20260913_050137_123469_p4_FastP4_grid49
