问题4演练：等待接口开放（最长30秒）；请勿切换会话。
已确认演练，机器狗开始自动执行。
[strategy] Q1 v4 算法源 = inline: problem1_v4_inline.py
PRACTICE_ONLY 4 None FastP4_grid49
{"action": 1, "path": "/enter", "virtual_time_s": 0, "result": null}
{"action": 100, "path": "/measure", "virtual_time_s": 1293, "result": null}
{"action": 200, "path": "/measure", "virtual_time_s": 2593, "result": null}
{"action": 300, "path": "/measure", "virtual_time_s": 4313, "result": null}
{"action": 400, "path": "/measure", "virtual_time_s": 6313, "result": null}
{"action": 500, "path": "/measure", "virtual_time_s": 9013, "result": null}
{"action": 526, "path": "/clear", "virtual_time_s": 10714.469832, "result": "success"}
{"action": 527, "path": "/clear", "virtual_time_s": 10832.610166, "result": "success"}
{"action": 528, "path": "/clear", "virtual_time_s": 11030.086068, "result": "success"}
{"action": 529, "path": "/clear", "virtual_time_s": 11145.295082, "result": "success"}
{"action": 530, "path": "/clear", "virtual_time_s": 11291.620816, "result": "success"}
{"action": 531, "path": "/clear", "virtual_time_s": 11418.400561, "result": "success"}
{"action": 532, "path": "/clear", "virtual_time_s": 11545.893623, "result": "success"}
{"action": 533, "path": "/clear", "virtual_time_s": 11641.511453, "result": "success"}
{"action": 534, "path": "/clear", "virtual_time_s": 11878.110405, "result": "success"}
{"action": 535, "path": "/clear", "virtual_time_s": 11952.589458, "result": "success"}
{"action": 536, "path": "/clear", "virtual_time_s": 12002.944128, "result": "success"}
{"action": 537, "path": "/clear", "virtual_time_s": 12357.065862, "result": "success"}
{"action": 538, "path": "/clear", "virtual_time_s": 12931.110837, "result": "success"}
{"action": 539, "path": "/clear", "virtual_time_s": 12952.288508, "result": "success"}
{"action": 540, "path": "/clear", "virtual_time_s": 13136.183736, "result": "success"}
{
  "cleared": 15,
  "virtual_time_s": 13136.183736,
  "avg_time_per_cleared": 875.7455824000001,
  "measure_count": 524,
  "clear_count": 15,
  "clear_fail_count": 0,
  "stop_reason": "all_channels_cleared_or_covered",
  "coverage_complete": true,
  "cleared_channels": [
    1,
    2,
    3,
    4,
    6,
    7,
    8,
    9,
    10,
    11,
    15,
    16,
    17,
    18,
    19
  ],
  "absent_channels": [
    5,
    12,
    13,
    14,
    20
  ],
  "runtime_s": 6.252380300000368,
  "time_breakdown": {
    "move_time_s": 9918.183734538967,
    "switch_time_s": 523.0,
    "measure_time_s": 2620.0,
    "clear_time_s": 75.0
  },
  "mode": "practice",
  "problem": 4,
  "case": "8BSQ-TZ7N-BC2S-F5N7",
  "strategy": "FastP4_grid49",
  "distance_m": 49590.91867269483,
  "simulator_summary": {
    "problem_no": 4,
    "case_code": "8BSQ-TZ7N-BC2S-F5N7",
    "end_reason": "user_exit",
    "cleared_jammer_count": 15,
    "jammer_count": 15,
    "measure_accepted_count": 524,
    "virtual_time_us": 13136183736,
    "clear_failure_count": 0
  },
  "actual_problem": 4
}
RUN_FOLDER C:\Users\LENOVO\Desktop\CUMCM2026Problems\解题库\演练调试\results\20260913_050234_215752_p4_FastP4_grid49

本局结束：清除15个；虚拟耗时13136.18秒。
模拟器确认：15/15。
完整结果：C:\Users\LENOVO\Desktop\CUMCM2026Problems\解题库\演练调试\results\20260913_050234_215752_p4_FastP4_grid49
