问题3演练：等待接口开放（最长30秒）；请勿切换会话。
已确认演练，机器狗开始自动执行。
[strategy] Q1 v4 算法源 = inline: problem1_v4_inline.py
PRACTICE_ONLY 3 None ResidualP3
{"action": 1, "path": "/enter", "virtual_time_s": 0, "result": null}
{"action": 38, "path": "/clear", "virtual_time_s": 521.02373, "result": "success"}
{"action": 56, "path": "/clear", "virtual_time_s": 1086.885147, "result": "success"}
{"action": 67, "path": "/clear", "virtual_time_s": 1384.396506, "result": "success"}
{"action": 80, "path": "/clear", "virtual_time_s": 1602.329944, "result": "success"}
{"action": 81, "path": "/clear", "virtual_time_s": 1649.038624, "result": "no_target_in_range"}
{"action": 83, "path": "/clear", "virtual_time_s": 1660.997514, "result": "success"}
{"action": 93, "path": "/clear", "virtual_time_s": 1814.649876, "result": "success"}
{"action": 100, "path": "/measure", "virtual_time_s": 1856.649876, "result": null}
{"action": 103, "path": "/clear", "virtual_time_s": 1982.937335, "result": "success"}
{"action": 115, "path": "/clear", "virtual_time_s": 2364.288812, "result": "success"}
{"action": 117, "path": "/clear", "virtual_time_s": 2441.658999, "result": "success"}
{"action": 128, "path": "/clear", "virtual_time_s": 2721.329787, "result": "success"}
{"action": 138, "path": "/clear", "virtual_time_s": 2873.882776, "result": "success"}
{
  "cleared": 11,
  "virtual_time_s": 2873.882776,
  "avg_time_per_cleared": 261.26207054545455,
  "measure_count": 125,
  "clear_count": 12,
  "clear_fail_count": 1,
  "stop_reason": "all_channels_cleared_or_covered",
  "coverage_complete": true,
  "cleared_channels": [
    1,
    2,
    3,
    5,
    6,
    10,
    11,
    12,
    14,
    15,
    19
  ],
  "absent_channels": [
    4,
    7,
    8,
    9,
    13,
    16,
    17,
    18,
    20
  ],
  "runtime_s": 2.436084299999493,
  "time_breakdown": {
    "move_time_s": 2069.8827761106363,
    "switch_time_s": 121.0,
    "measure_time_s": 625.0,
    "clear_time_s": 58.0
  },
  "mode": "practice",
  "problem": 3,
  "case": "ETQP-XZGY-KHJN-FBF6",
  "strategy": "ResidualP3",
  "distance_m": 10349.413880553182,
  "policy_diagnostics": {
    "mask_cache_hits": 4534,
    "mask_cache_misses": 210,
    "coverage_certificate_method": "outer-target128 covered by union of inner-exclusion128, 0.01m margins",
    "coverage_certificates": {},
    "residual_updates": 45,
    "residual_method": "whole 60m cells disjoint from outward-guarded polygon difference",
    "residual_cache_hits": 48,
    "residual_certificates": {
      "20": [
        [
          0.0,
          0.0
        ],
        [
          635.5109254957243,
          640.4581734127969
        ],
        [
          -573.3085814195687,
          948.9062680502534
        ],
        [
          -1396.0756657192196,
          -67.73158087202728
        ],
        [
          -582.5127445391716,
          -750.3980859539232
        ],
        [
          177.2513753719392,
          -1065.2690676405762
        ],
        [
          634.6316125521201,
          -943.6957948779558
        ],
        [
          995.3628723560155,
          -111.14565444505604
        ],
        [
          1491.2160528590857,
          783.6599728311171
        ],
        [
          737.0449151016359,
          1554.4213559414136
        ]
      ],
      "4": [
        [
          0.0,
          0.0
        ],
        [
          635.5109254957243,
          640.4581734127969
        ],
        [
          -573.3085814195687,
          948.9062680502534
        ],
        [
          -1396.0756657192196,
          -67.73158087202728
        ],
        [
          -582.5127445391716,
          -750.3980859539232
        ],
        [
          177.2513753719392,
          -1065.2690676405762
        ],
        [
          634.6316125521201,
          -943.6957948779558
        ],
        [
          995.3628723560155,
          -111.14565444505604
        ],
        [
          1491.2160528590857,
          783.6599728311171
        ],
        [
          737.0449151016359,
          1554.4213559414136
        ]
      ],
      "7": [
        [
          0.0,
          0.0
        ],
        [
          635.5109254957243,
          640.4581734127969
        ],
        [
          -573.3085814195687,
          948.9062680502534
        ],
        [
          -1396.0756657192196,
          -67.73158087202728
        ],
        [
          -582.5127445391716,
          -750.3980859539232
        ],
        [
          177.2513753719392,
          -1065.2690676405762
        ],
        [
          634.6316125521201,
          -943.6957948779558
        ],
        [
          995.3628723560155,
          -111.14565444505604
        ],
        [
          1491.2160528590857,
          783.6599728311171
        ],
        [
          737.0449151016359,
          1554.4213559414136
        ]
      ],
      "8": [
        [
          0.0,
          0.0
        ],
        [
          635.5109254957243,
          640.4581734127969
        ],
        [
          -573.3085814195687,
          948.9062680502534
        ],
        [
          -1396.0756657192196,
          -67.73158087202728
        ],
        [
          -582.5127445391716,
          -750.3980859539232
        ],
        [
          177.2513753719392,
          -1065.2690676405762
        ],
        [
          634.6316125521201,
          -943.6957948779558
        ],
        [
          995.3628723560155,
          -111.14565444505604
        ],
        [
          1491.2160528590857,
          783.6599728311171
        ],
        [
          737.0449151016359,
          1554.4213559414136
        ]
      ],
      "9": [
        [
          0.0,
          0.0
        ],
        [
          635.5109254957243,
          640.4581734127969
        ],
        [
          -573.3085814195687,
          948.9062680502534
        ],
        [
          -1396.0756657192196,
          -67.73158087202728
        ],
        [
          -582.5127445391716,
          -750.3980859539232
        ],
        [
          177.2513753719392,
          -1065.2690676405762
        ],
        [
          634.6316125521201,
          -943.6957948779558
        ],
        [
          995.3628723560155,
          -111.14565444505604
        ],
        [
          1491.2160528590857,
          783.6599728311171
        ],
        [
          737.0449151016359,
          1554.4213559414136
        ]
      ],
      "13": [
        [
          0.0,
          0.0
        ],
        [
          635.5109254957243,
          640.4581734127969
        ],
        [
          -573.3085814195687,
          948.9062680502534
        ],
        [
          -1396.0756657192196,
          -67.73158087202728
        ],
        [
          -582.5127445391716,
          -750.3980859539232
        ],
        [
          177.2513753719392,
          -1065.2690676405762
        ],
        [
          634.6316125521201,
          -943.6957948779558
        ],
        [
          995.3628723560155,
          -111.14565444505604
        ],
        [
          1491.2160528590857,
          783.6599728311171
        ],
        [
          737.0449151016359,
          1554.4213559414136
        ]
      ],
      "16": [
        [
          0.0,
          0.0
        ],
        [
          635.5109254957243,
          640.4581734127969
        ],
        [
          -573.3085814195687,
          948.9062680502534
        ],
        [
          -1396.0756657192196,
          -67.73158087202728
        ],
        [
          -582.5127445391716,
          -750.3980859539232
        ],
        [
          177.2513753719392,
          -1065.2690676405762
        ],
        [
          634.6316125521201,
          -943.6957948779558
        ],
        [
          995.3628723560155,
          -111.14565444505604
        ],
        [
          1491.2160528590857,
          783.6599728311171
        ],
        [
          737.0449151016359,
          1554.4213559414136
        ]
      ],
      "17": [
        [
          0.0,
          0.0
        ],
        [
          635.5109254957243,
          640.4581734127969
        ],
        [
          -573.3085814195687,
          948.9062680502534
        ],
        [
          -1396.0756657192196,
          -67.73158087202728
        ],
        [
          -582.5127445391716,
          -750.3980859539232
        ],
        [
          177.2513753719392,
          -1065.2690676405762
        ],
        [
          634.6316125521201,
          -943.6957948779558
        ],
        [
          995.3628723560155,
          -111.14565444505604
        ],
        [
          1491.2160528590857,
          783.6599728311171
        ],
        [
          737.0449151016359,
          1554.4213559414136
        ]
      ],
      "18": [
        [
          0.0,
          0.0
        ],
        [
          635.5109254957243,
          640.4581734127969
        ],
        [
          -573.3085814195687,
          948.9062680502534
        ],
        [
          -1396.0756657192196,
          -67.73158087202728
        ],
        [
          -582.5127445391716,
          -750.3980859539232
        ],
        [
          177.2513753719392,
          -1065.2690676405762
        ],
        [
          634.6316125521201,
          -943.6957948779558
        ],
        [
          995.3628723560155,
          -111.14565444505604
        ],
        [
          1491.2160528590857,
          783.6599728311171
        ],
        [
          737.0449151016359,
          1554.4213559414136
        ]
      ]
    }
  },
  "simulator_summary": {
    "problem_no": 3,
    "case_code": "ETQP-XZGY-KHJN-FBF6",
    "end_reason": "user_exit",
    "cleared_jammer_count": 11,
    "jammer_count": 11,
    "measure_accepted_count": 125,
    "virtual_time_us": 2873882776,
    "clear_failure_count": 1
  },
  "actual_problem": 3
}
RUN_FOLDER C:\Users\LENOVO\Desktop\CUMCM2026Problems\解题库\演练调试\results\20260913_043932_535255_p3_ResidualP3

本局结束：清除11个；虚拟耗时2873.88秒。
模拟器确认：11/11。
完整结果：C:\Users\LENOVO\Desktop\CUMCM2026Problems\解题库\演练调试\results\20260913_043932_535255_p3_ResidualP3
