问题3演练：等待接口开放（最长30秒）；请勿切换会话。
已确认演练，机器狗开始自动执行。
[strategy] Q1 v4 算法源 = inline: problem1_v4_inline.py
PRACTICE_ONLY 3 None HopP3
{"action": 1, "path": "/enter", "virtual_time_s": 0, "result": null}
{"action": 39, "path": "/clear", "virtual_time_s": 515.812231, "result": "success"}
{"action": 96, "path": "/clear", "virtual_time_s": 1339.322446, "result": "success"}
{"action": 99, "path": "/clear", "virtual_time_s": 1426.949367, "result": "success"}
{"action": 100, "path": "/measure", "virtual_time_s": 1473.02494, "result": null}
{"action": 113, "path": "/clear", "virtual_time_s": 1721.496516, "result": "no_target_in_range"}
{"action": 116, "path": "/clear", "virtual_time_s": 1744.18761, "result": "success"}
{"action": 130, "path": "/clear", "virtual_time_s": 2048.453841, "result": "success"}
{"action": 142, "path": "/clear", "virtual_time_s": 2287.251277, "result": "success"}
{"action": 143, "path": "/clear", "virtual_time_s": 2462.490701, "result": "success"}
{"action": 145, "path": "/clear", "virtual_time_s": 2632.495092, "result": "success"}
{"action": 167, "path": "/clear", "virtual_time_s": 2944.635038, "result": "success"}
{"action": 168, "path": "/clear", "virtual_time_s": 3115.325244, "result": "success"}
{
  "cleared": 10,
  "virtual_time_s": 3174.325244,
  "avg_time_per_cleared": 317.43252440000003,
  "measure_count": 166,
  "clear_count": 11,
  "clear_fail_count": 1,
  "stop_reason": "all_channels_cleared_or_covered",
  "coverage_complete": true,
  "cleared_channels": [
    1,
    3,
    5,
    6,
    7,
    12,
    13,
    15,
    18,
    19
  ],
  "absent_channels": [
    2,
    4,
    8,
    9,
    10,
    11,
    14,
    16,
    17,
    20
  ],
  "runtime_s": 3.2025061000022106,
  "time_breakdown": {
    "move_time_s": 2130.3252439842254,
    "switch_time_s": 161.0,
    "measure_time_s": 830.0,
    "clear_time_s": 53.0
  },
  "mode": "practice",
  "problem": 3,
  "case": "5FYE-T7J5-TDVZ-GD6P",
  "strategy": "HopP3",
  "distance_m": 10651.626219921127,
  "policy_diagnostics": {
    "mask_cache_hits": 7995,
    "mask_cache_misses": 263,
    "coverage_certificate_method": "outer-target128 covered by union of inner-exclusion128, 0.01m margins",
    "coverage_certificates": {}
  },
  "simulator_summary": {
    "problem_no": 3,
    "case_code": "5FYE-T7J5-TDVZ-GD6P",
    "end_reason": "user_exit",
    "cleared_jammer_count": 10,
    "jammer_count": 10,
    "measure_accepted_count": 166,
    "virtual_time_us": 3174325244,
    "clear_failure_count": 1
  },
  "actual_problem": 3
}
RUN_FOLDER C:\Users\LENOVO\Desktop\CUMCM2026Problems\解题库\演练调试\results\20260913_042514_651413_p3_HopP3

本局结束：清除10个；虚拟耗时3174.33秒。
模拟器确认：10/10。
完整结果：C:\Users\LENOVO\Desktop\CUMCM2026Problems\解题库\演练调试\results\20260913_042514_651413_p3_HopP3
