问题3演练：等待接口开放（最长30秒）；请勿切换会话。
已确认演练，机器狗开始自动执行。
[strategy] Q1 v4 算法源 = inline: problem1_v4_inline.py
PRACTICE_ONLY 3 None ResidualP3
{"action": 1, "path": "/enter", "virtual_time_s": 0, "result": null}
{"action": 42, "path": "/clear", "virtual_time_s": 597.402422, "result": "no_target_in_range"}
{"action": 44, "path": "/clear", "virtual_time_s": 610.550725, "result": "success"}
{"action": 46, "path": "/clear", "virtual_time_s": 822.737723, "result": "success"}
{"action": 62, "path": "/clear", "virtual_time_s": 1049.859473, "result": "success"}
{"action": 79, "path": "/clear", "virtual_time_s": 1442.367298, "result": "success"}
{"action": 93, "path": "/clear", "virtual_time_s": 1802.290468, "result": "success"}
{"action": 100, "path": "/measure", "virtual_time_s": 2039.284415, "result": null}
{"action": 108, "path": "/clear", "virtual_time_s": 2239.174353, "result": "success"}
{"action": 111, "path": "/clear", "virtual_time_s": 2328.435494, "result": "success"}
{"action": 114, "path": "/clear", "virtual_time_s": 2603.667456, "result": "success"}
{"action": 126, "path": "/clear", "virtual_time_s": 2795.713119, "result": "success"}
{"action": 129, "path": "/clear", "virtual_time_s": 2943.649247, "result": "success"}
{"action": 138, "path": "/clear", "virtual_time_s": 3147.672996, "result": "success"}
{"action": 147, "path": "/clear", "virtual_time_s": 3262.953632, "result": "success"}
{
  "cleared": 12,
  "virtual_time_s": 3331.597436,
  "avg_time_per_cleared": 277.6331196666667,
  "measure_count": 141,
  "clear_count": 13,
  "clear_fail_count": 1,
  "stop_reason": "all_channels_cleared_or_covered",
  "coverage_complete": true,
  "cleared_channels": [
    1,
    2,
    3,
    5,
    6,
    8,
    9,
    10,
    12,
    17,
    18,
    20
  ],
  "absent_channels": [
    4,
    7,
    11,
    13,
    14,
    15,
    16,
    19
  ],
  "runtime_s": 2.801990600000863,
  "time_breakdown": {
    "move_time_s": 2430.5974358208173,
    "switch_time_s": 133.0,
    "measure_time_s": 705.0,
    "clear_time_s": 63.0
  },
  "mode": "practice",
  "problem": 3,
  "case": "FUJJ-HNBX-JD9R-FTP7",
  "strategy": "ResidualP3",
  "distance_m": 12152.987179104086,
  "policy_diagnostics": {
    "mask_cache_hits": 7925,
    "mask_cache_misses": 358,
    "coverage_certificate_method": "outer-target128 covered by union of inner-exclusion128, 0.01m margins",
    "coverage_certificates": {},
    "residual_updates": 39,
    "residual_method": "whole 60m cells disjoint from outward-guarded polygon difference",
    "residual_cache_hits": 42,
    "residual_certificates": {
      "4": [
        [
          0.0,
          0.0
        ],
        [
          -885.3763263202532,
          -456.58985413726657
        ],
        [
          -1300.2975537665964,
          454.53450139632906
        ],
        [
          -483.00775829208953,
          749.9870895071389
        ],
        [
          17.316119154553725,
          1685.711769137367
        ],
        [
          853.4932685638063,
          547.4212977100717
        ],
        [
          1308.8143593832624,
          -628.7489717359582
        ],
        [
          596.5140372619912,
          -1404.7620668810257
        ],
        [
          -42.220466576125574,
          -1001.993458405935
        ],
        [
          -366.78559416399787,
          -866.195799825114
        ]
      ],
      "7": [
        [
          0.0,
          0.0
        ],
        [
          -885.3763263202532,
          -456.58985413726657
        ],
        [
          -1300.2975537665964,
          454.53450139632906
        ],
        [
          -483.00775829208953,
          749.9870895071389
        ],
        [
          17.316119154553725,
          1685.711769137367
        ],
        [
          853.4932685638063,
          547.4212977100717
        ],
        [
          1308.8143593832624,
          -628.7489717359582
        ],
        [
          596.5140372619912,
          -1404.7620668810257
        ],
        [
          -42.220466576125574,
          -1001.993458405935
        ],
        [
          -366.78559416399787,
          -866.195799825114
        ]
      ],
      "11": [
        [
          0.0,
          0.0
        ],
        [
          -885.3763263202532,
          -456.58985413726657
        ],
        [
          -1300.2975537665964,
          454.53450139632906
        ],
        [
          -483.00775829208953,
          749.9870895071389
        ],
        [
          17.316119154553725,
          1685.711769137367
        ],
        [
          853.4932685638063,
          547.4212977100717
        ],
        [
          1308.8143593832624,
          -628.7489717359582
        ],
        [
          596.5140372619912,
          -1404.7620668810257
        ],
        [
          -42.220466576125574,
          -1001.993458405935
        ],
        [
          -366.78559416399787,
          -866.195799825114
        ]
      ],
      "13": [
        [
          0.0,
          0.0
        ],
        [
          -885.3763263202532,
          -456.58985413726657
        ],
        [
          -1300.2975537665964,
          454.53450139632906
        ],
        [
          -483.00775829208953,
          749.9870895071389
        ],
        [
          17.316119154553725,
          1685.711769137367
        ],
        [
          853.4932685638063,
          547.4212977100717
        ],
        [
          1308.8143593832624,
          -628.7489717359582
        ],
        [
          596.5140372619912,
          -1404.7620668810257
        ],
        [
          -42.220466576125574,
          -1001.993458405935
        ],
        [
          -366.78559416399787,
          -866.195799825114
        ]
      ],
      "14": [
        [
          0.0,
          0.0
        ],
        [
          -885.3763263202532,
          -456.58985413726657
        ],
        [
          -1300.2975537665964,
          454.53450139632906
        ],
        [
          -483.00775829208953,
          749.9870895071389
        ],
        [
          17.316119154553725,
          1685.711769137367
        ],
        [
          853.4932685638063,
          547.4212977100717
        ],
        [
          1308.8143593832624,
          -628.7489717359582
        ],
        [
          596.5140372619912,
          -1404.7620668810257
        ],
        [
          -42.220466576125574,
          -1001.993458405935
        ],
        [
          -366.78559416399787,
          -866.195799825114
        ]
      ],
      "15": [
        [
          0.0,
          0.0
        ],
        [
          -885.3763263202532,
          -456.58985413726657
        ],
        [
          -1300.2975537665964,
          454.53450139632906
        ],
        [
          -483.00775829208953,
          749.9870895071389
        ],
        [
          17.316119154553725,
          1685.711769137367
        ],
        [
          853.4932685638063,
          547.4212977100717
        ],
        [
          1308.8143593832624,
          -628.7489717359582
        ],
        [
          596.5140372619912,
          -1404.7620668810257
        ],
        [
          -42.220466576125574,
          -1001.993458405935
        ],
        [
          -366.78559416399787,
          -866.195799825114
        ]
      ],
      "16": [
        [
          0.0,
          0.0
        ],
        [
          -885.3763263202532,
          -456.58985413726657
        ],
        [
          -1300.2975537665964,
          454.53450139632906
        ],
        [
          -483.00775829208953,
          749.9870895071389
        ],
        [
          17.316119154553725,
          1685.711769137367
        ],
        [
          853.4932685638063,
          547.4212977100717
        ],
        [
          1308.8143593832624,
          -628.7489717359582
        ],
        [
          596.5140372619912,
          -1404.7620668810257
        ],
        [
          -42.220466576125574,
          -1001.993458405935
        ],
        [
          -366.78559416399787,
          -866.195799825114
        ]
      ],
      "19": [
        [
          0.0,
          0.0
        ],
        [
          -885.3763263202532,
          -456.58985413726657
        ],
        [
          -1300.2975537665964,
          454.53450139632906
        ],
        [
          -483.00775829208953,
          749.9870895071389
        ],
        [
          17.316119154553725,
          1685.711769137367
        ],
        [
          853.4932685638063,
          547.4212977100717
        ],
        [
          1308.8143593832624,
          -628.7489717359582
        ],
        [
          596.5140372619912,
          -1404.7620668810257
        ],
        [
          -42.220466576125574,
          -1001.993458405935
        ],
        [
          -366.78559416399787,
          -866.195799825114
        ]
      ]
    }
  },
  "simulator_summary": {
    "problem_no": 3,
    "case_code": "FUJJ-HNBX-JD9R-FTP7",
    "end_reason": "user_exit",
    "cleared_jammer_count": 12,
    "jammer_count": 12,
    "measure_accepted_count": 141,
    "virtual_time_us": 3331597436,
    "clear_failure_count": 1
  },
  "actual_problem": 3
}
RUN_FOLDER C:\Users\LENOVO\Desktop\CUMCM2026Problems\解题库\演练调试\results\20260913_043913_738192_p3_ResidualP3

本局结束：清除12个；虚拟耗时3331.60秒。
模拟器确认：12/12。
完整结果：C:\Users\LENOVO\Desktop\CUMCM2026Problems\解题库\演练调试\results\20260913_043913_738192_p3_ResidualP3
