问题3演练：等待接口开放（最长30秒）；请勿切换会话。
已确认演练，机器狗开始自动执行。
[strategy] Q1 v4 算法源 = inline: problem1_v4_inline.py
PRACTICE_ONLY 3 None FastScanP3
{"action": 1, "path": "/enter", "virtual_time_s": 0, "result": null}
{"action": 38, "path": "/clear", "virtual_time_s": 524.859736, "result": "success"}
{"action": 54, "path": "/clear", "virtual_time_s": 753.48203, "result": "success"}
{"action": 55, "path": "/clear", "virtual_time_s": 778.519266, "result": "no_target_in_range"}
{"action": 57, "path": "/clear", "virtual_time_s": 792.738489, "result": "success"}
{"action": 58, "path": "/clear", "virtual_time_s": 946.49396, "result": "success"}
{"action": 59, "path": "/clear", "virtual_time_s": 1221.816546, "result": "success"}
{"action": 71, "path": "/clear", "virtual_time_s": 1397.835484, "result": "success"}
{"action": 73, "path": "/clear", "virtual_time_s": 1484.03052, "result": "success"}
{"action": 94, "path": "/clear", "virtual_time_s": 1853.785663, "result": "success"}
{"action": 97, "path": "/clear", "virtual_time_s": 1966.218953, "result": "no_target_in_range"}
{"action": 100, "path": "/clear", "virtual_time_s": 1989.173294, "result": "success"}
{"action": 109, "path": "/clear", "virtual_time_s": 2245.82723, "result": "success"}
{"action": 117, "path": "/clear", "virtual_time_s": 2345.090309, "result": "success"}
{"action": 118, "path": "/clear", "virtual_time_s": 2409.771107, "result": "success"}
{"action": 129, "path": "/clear", "virtual_time_s": 2722.810954, "result": "no_target_in_range"}
{"action": 132, "path": "/clear", "virtual_time_s": 2742.275196, "result": "success"}
{"action": 142, "path": "/clear", "virtual_time_s": 2980.143446, "result": "success"}
{
  "cleared": 14,
  "virtual_time_s": 2980.143446,
  "avg_time_per_cleared": 212.867389,
  "measure_count": 124,
  "clear_count": 17,
  "clear_fail_count": 3,
  "stop_reason": "all_channels_cleared_or_covered",
  "coverage_complete": true,
  "cleared_channels": [
    1,
    3,
    4,
    6,
    7,
    8,
    9,
    10,
    11,
    12,
    14,
    15,
    18,
    20
  ],
  "absent_channels": [
    2,
    5,
    13,
    16,
    17,
    19
  ],
  "runtime_s": 2.4301506000010704,
  "time_breakdown": {
    "move_time_s": 2165.1434450095885,
    "switch_time_s": 116.0,
    "measure_time_s": 620.0,
    "clear_time_s": 79.0
  },
  "mode": "practice",
  "problem": 3,
  "case": "D6QS-UXG5-YJG4-MFQX",
  "strategy": "FastScanP3",
  "distance_m": 10825.717225047942,
  "simulator_summary": {
    "problem_no": 3,
    "case_code": "D6QS-UXG5-YJG4-MFQX",
    "end_reason": "user_exit",
    "cleared_jammer_count": 14,
    "jammer_count": 14,
    "measure_accepted_count": 124,
    "virtual_time_us": 2980143446,
    "clear_failure_count": 3
  },
  "actual_problem": 3
}
RUN_FOLDER C:\Users\LENOVO\Desktop\CUMCM2026Problems\解题库\演练调试\results\20260913_040121_904038_p3_FastScanP3

本局结束：清除14个；虚拟耗时2980.14秒。
模拟器确认：14/14。
完整结果：C:\Users\LENOVO\Desktop\CUMCM2026Problems\解题库\演练调试\results\20260913_040121_904038_p3_FastScanP3
