问题3演练：等待接口开放（最长30秒）；请勿切换会话。
已确认演练，机器狗开始自动执行。
[strategy] Q1 v4 算法源 = inline: problem1_v4_inline.py
PRACTICE_ONLY 3 None FastScanP3
{"action": 1, "path": "/enter", "virtual_time_s": 0, "result": null}
{"action": 40, "path": "/clear", "virtual_time_s": 522.394901, "result": "success"}
{"action": 55, "path": "/clear", "virtual_time_s": 814.756874, "result": "no_target_in_range"}
{"action": 58, "path": "/clear", "virtual_time_s": 836.361764, "result": "success"}
{"action": 75, "path": "/clear", "virtual_time_s": 1150.964749, "result": "success"}
{"action": 91, "path": "/clear", "virtual_time_s": 1437.635825, "result": "no_target_in_range"}
{"action": 93, "path": "/clear", "virtual_time_s": 1449.588867, "result": "success"}
{"action": 100, "path": "/measure", "virtual_time_s": 1529.015594, "result": null}
{"action": 108, "path": "/clear", "virtual_time_s": 1720.918179, "result": "success"}
{"action": 121, "path": "/clear", "virtual_time_s": 2019.176889, "result": "success"}
{"action": 137, "path": "/clear", "virtual_time_s": 2439.907266, "result": "success"}
{"action": 151, "path": "/clear", "virtual_time_s": 2824.779556, "result": "success"}
{"action": 154, "path": "/clear", "virtual_time_s": 2934.670153, "result": "success"}
{"action": 166, "path": "/clear", "virtual_time_s": 3124.550774, "result": "success"}
{"action": 176, "path": "/clear", "virtual_time_s": 3379.603592, "result": "success"}
{
  "cleared": 11,
  "virtual_time_s": 3379.603592,
  "avg_time_per_cleared": 307.2366901818182,
  "measure_count": 162,
  "clear_count": 13,
  "clear_fail_count": 2,
  "stop_reason": "all_channels_cleared_or_covered",
  "coverage_complete": true,
  "cleared_channels": [
    2,
    4,
    5,
    6,
    9,
    11,
    13,
    14,
    15,
    17,
    19
  ],
  "absent_channels": [
    1,
    3,
    7,
    8,
    10,
    12,
    16,
    18,
    20
  ],
  "runtime_s": 3.3161882999993395,
  "time_breakdown": {
    "move_time_s": 2350.603593542402,
    "switch_time_s": 158.0,
    "measure_time_s": 810.0,
    "clear_time_s": 61.0
  },
  "mode": "practice",
  "problem": 3,
  "case": "E5NU-3NPD-RPBC-N89U",
  "strategy": "FastScanP3",
  "distance_m": 11753.01796771201,
  "simulator_summary": {
    "problem_no": 3,
    "case_code": "E5NU-3NPD-RPBC-N89U",
    "end_reason": "user_exit",
    "cleared_jammer_count": 11,
    "jammer_count": 11,
    "measure_accepted_count": 162,
    "virtual_time_us": 3379603592,
    "clear_failure_count": 2
  },
  "actual_problem": 3
}
RUN_FOLDER C:\Users\LENOVO\Desktop\CUMCM2026Problems\解题库\演练调试\results\20260913_040405_529822_p3_FastScanP3

本局结束：清除11个；虚拟耗时3379.60秒。
模拟器确认：11/11。
完整结果：C:\Users\LENOVO\Desktop\CUMCM2026Problems\解题库\演练调试\results\20260913_040405_529822_p3_FastScanP3
