问题3演练：等待接口开放（最长30秒）；请勿切换会话。
已确认演练，机器狗开始自动执行。
[strategy] Q1 v4 算法源 = inline: problem1_v4_inline.py
PRACTICE_ONLY 3 None HopP3
{"action": 1, "path": "/enter", "virtual_time_s": 0, "result": null}
{"action": 23, "path": "/clear", "virtual_time_s": 298.860008, "result": "no_target_in_range"}
{"action": 26, "path": "/clear", "virtual_time_s": 322.144893, "result": "success"}
{"action": 43, "path": "/clear", "virtual_time_s": 592.347012, "result": "success"}
{"action": 48, "path": "/clear", "virtual_time_s": 716.62512, "result": "success"}
{"action": 70, "path": "/clear", "virtual_time_s": 1047.480775, "result": "success"}
{"action": 91, "path": "/clear", "virtual_time_s": 1413.975472, "result": "no_target_in_range"}
{"action": 94, "path": "/clear", "virtual_time_s": 1438.342436, "result": "success"}
{"action": 99, "path": "/clear", "virtual_time_s": 1561.710927, "result": "success"}
{"action": 100, "path": "/measure", "virtual_time_s": 1584.442815, "result": null}
{"action": 110, "path": "/clear", "virtual_time_s": 1824.574119, "result": "no_target_in_range"}
{"action": 113, "path": "/clear", "virtual_time_s": 1844.679785, "result": "success"}
{"action": 115, "path": "/clear", "virtual_time_s": 1947.470659, "result": "success"}
{"action": 124, "path": "/clear", "virtual_time_s": 2225.643781, "result": "success"}
{"action": 125, "path": "/clear", "virtual_time_s": 2286.426517, "result": "success"}
{"action": 134, "path": "/clear", "virtual_time_s": 2384.744736, "result": "success"}
{"action": 138, "path": "/clear", "virtual_time_s": 2569.174753, "result": "no_target_in_range"}
{"action": 141, "path": "/clear", "virtual_time_s": 2591.095903, "result": "success"}
{"action": 143, "path": "/clear", "virtual_time_s": 2767.614402, "result": "success"}
{"action": 151, "path": "/clear", "virtual_time_s": 2918.405358, "result": "success"}
{"action": 157, "path": "/clear", "virtual_time_s": 3060.118353, "result": "no_target_in_range"}
{"action": 160, "path": "/clear", "virtual_time_s": 3082.739723, "result": "success"}
{
  "cleared": 15,
  "virtual_time_s": 3082.739723,
  "avg_time_per_cleared": 205.51598153333333,
  "measure_count": 139,
  "clear_count": 20,
  "clear_fail_count": 5,
  "stop_reason": "all_channels_cleared_or_covered",
  "coverage_complete": true,
  "cleared_channels": [
    1,
    3,
    4,
    5,
    6,
    7,
    8,
    9,
    10,
    12,
    13,
    14,
    15,
    17,
    20
  ],
  "absent_channels": [
    2,
    11,
    16,
    18,
    19
  ],
  "runtime_s": 2.957737000000634,
  "time_breakdown": {
    "move_time_s": 2168.7397221219694,
    "switch_time_s": 129.0,
    "measure_time_s": 695.0,
    "clear_time_s": 90.0
  },
  "mode": "practice",
  "problem": 3,
  "case": "SX9G-665H-Q63U-AQ49",
  "strategy": "HopP3",
  "distance_m": 10843.698610609847,
  "policy_diagnostics": {
    "mask_cache_hits": 8138,
    "mask_cache_misses": 211,
    "coverage_certificate_method": "outer-target128 covered by union of inner-exclusion128, 0.01m margins",
    "coverage_certificates": {
      "2": [
        [
          0.0,
          0.0
        ],
        [
          -887.35248988445,
          280.10469579431685
        ],
        [
          -865.3083974779687,
          -463.8156616823232
        ],
        [
          -495.5092260867414,
          -745.5428598797868
        ],
        [
          -46.427069564561464,
          -951.154880459963
        ],
        [
          350.28509715042236,
          -809.9944206798394
        ],
        [
          747.9404547608815,
          -603.525854786208
        ],
        [
          1059.5628546186524,
          72.76502836948214
        ],
        [
          613.5648481900603,
          712.7911671754255
        ],
        [
          -162.58856592105198,
          1425.3781283530618
        ],
        [
          -575.2383281697801,
          1645.6225557429261
        ]
      ],
      "11": [
        [
          0.0,
          0.0
        ],
        [
          -887.35248988445,
          280.10469579431685
        ],
        [
          -865.3083974779687,
          -463.8156616823232
        ],
        [
          -495.5092260867414,
          -745.5428598797868
        ],
        [
          -46.427069564561464,
          -951.154880459963
        ],
        [
          350.28509715042236,
          -809.9944206798394
        ],
        [
          747.9404547608815,
          -603.525854786208
        ],
        [
          1059.5628546186524,
          72.76502836948214
        ],
        [
          613.5648481900603,
          712.7911671754255
        ],
        [
          -162.58856592105198,
          1425.3781283530618
        ],
        [
          -575.2383281697801,
          1645.6225557429261
        ]
      ],
      "16": [
        [
          0.0,
          0.0
        ],
        [
          -887.35248988445,
          280.10469579431685
        ],
        [
          -865.3083974779687,
          -463.8156616823232
        ],
        [
          -495.5092260867414,
          -745.5428598797868
        ],
        [
          -46.427069564561464,
          -951.154880459963
        ],
        [
          350.28509715042236,
          -809.9944206798394
        ],
        [
          747.9404547608815,
          -603.525854786208
        ],
        [
          1059.5628546186524,
          72.76502836948214
        ],
        [
          613.5648481900603,
          712.7911671754255
        ],
        [
          -162.58856592105198,
          1425.3781283530618
        ],
        [
          -575.2383281697801,
          1645.6225557429261
        ]
      ],
      "18": [
        [
          0.0,
          0.0
        ],
        [
          -887.35248988445,
          280.10469579431685
        ],
        [
          -865.3083974779687,
          -463.8156616823232
        ],
        [
          -495.5092260867414,
          -745.5428598797868
        ],
        [
          -46.427069564561464,
          -951.154880459963
        ],
        [
          350.28509715042236,
          -809.9944206798394
        ],
        [
          747.9404547608815,
          -603.525854786208
        ],
        [
          1059.5628546186524,
          72.76502836948214
        ],
        [
          613.5648481900603,
          712.7911671754255
        ],
        [
          -162.58856592105198,
          1425.3781283530618
        ],
        [
          -575.2383281697801,
          1645.6225557429261
        ]
      ],
      "19": [
        [
          0.0,
          0.0
        ],
        [
          -887.35248988445,
          280.10469579431685
        ],
        [
          -865.3083974779687,
          -463.8156616823232
        ],
        [
          -495.5092260867414,
          -745.5428598797868
        ],
        [
          -46.427069564561464,
          -951.154880459963
        ],
        [
          350.28509715042236,
          -809.9944206798394
        ],
        [
          747.9404547608815,
          -603.525854786208
        ],
        [
          1059.5628546186524,
          72.76502836948214
        ],
        [
          613.5648481900603,
          712.7911671754255
        ],
        [
          -162.58856592105198,
          1425.3781283530618
        ],
        [
          -575.2383281697801,
          1645.6225557429261
        ]
      ]
    }
  },
  "simulator_summary": {
    "problem_no": 3,
    "case_code": "SX9G-665H-Q63U-AQ49",
    "end_reason": "user_exit",
    "cleared_jammer_count": 15,
    "jammer_count": 15,
    "measure_accepted_count": 139,
    "virtual_time_us": 3082739723,
    "clear_failure_count": 5
  },
  "actual_problem": 3
}
RUN_FOLDER C:\Users\LENOVO\Desktop\CUMCM2026Problems\解题库\演练调试\results\20260913_042822_642520_p3_HopP3

本局结束：清除15个；虚拟耗时3082.74秒。
模拟器确认：15/15。
完整结果：C:\Users\LENOVO\Desktop\CUMCM2026Problems\解题库\演练调试\results\20260913_042822_642520_p3_HopP3
