问题3演练：等待接口开放（最长30秒）；请勿切换会话。
已确认演练，机器狗开始自动执行。
[strategy] Q1 v4 算法源 = inline: problem1_v4_inline.py
PRACTICE_ONLY 3 None FastScanP3
{"action": 1, "path": "/enter", "virtual_time_s": 0, "result": null}
{"action": 60, "path": "/clear", "virtual_time_s": 768.256583, "result": "success"}
{"action": 100, "path": "/measure", "virtual_time_s": 1247.091186, "result": null}
{"action": 113, "path": "/clear", "virtual_time_s": 1523.699344, "result": "no_target_in_range"}
{"action": 116, "path": "/clear", "virtual_time_s": 1547.341124, "result": "success"}
{"action": 118, "path": "/clear", "virtual_time_s": 1617.267585, "result": "success"}
{"action": 134, "path": "/clear", "virtual_time_s": 1811.487407, "result": "success"}
{"action": 135, "path": "/clear", "virtual_time_s": 1975.610286, "result": "success"}
{"action": 153, "path": "/clear", "virtual_time_s": 2321.54603, "result": "success"}
{"action": 167, "path": "/clear", "virtual_time_s": 2563.196027, "result": "success"}
{"action": 170, "path": "/clear", "virtual_time_s": 2612.016197, "result": "success"}
{"action": 184, "path": "/clear", "virtual_time_s": 2920.756619, "result": "no_target_in_range"}
{"action": 187, "path": "/clear", "virtual_time_s": 2941.721995, "result": "success"}
{"action": 198, "path": "/clear", "virtual_time_s": 3090.863496, "result": "success"}
{"action": 200, "path": "/measure", "virtual_time_s": 3101.863496, "result": null}
{
  "cleared": 10,
  "virtual_time_s": 3149.863496,
  "avg_time_per_cleared": 314.9863496,
  "measure_count": 195,
  "clear_count": 12,
  "clear_fail_count": 2,
  "stop_reason": "all_channels_cleared_or_covered",
  "coverage_complete": true,
  "cleared_channels": [
    3,
    4,
    7,
    11,
    13,
    16,
    17,
    18,
    19,
    20
  ],
  "absent_channels": [
    1,
    2,
    5,
    6,
    8,
    9,
    10,
    12,
    14,
    15
  ],
  "runtime_s": 2.9207491999986814,
  "time_breakdown": {
    "move_time_s": 1936.8634970695464,
    "switch_time_s": 182.0,
    "measure_time_s": 975.0,
    "clear_time_s": 56.0
  },
  "mode": "practice",
  "problem": 3,
  "case": "ZFEQ-T2S3-BFT6-HYTW",
  "strategy": "FastScanP3",
  "distance_m": 9684.317485347732,
  "simulator_summary": {
    "problem_no": 3,
    "case_code": "ZFEQ-T2S3-BFT6-HYTW",
    "end_reason": "user_exit",
    "cleared_jammer_count": 10,
    "jammer_count": 10,
    "measure_accepted_count": 195,
    "virtual_time_us": 3149863496,
    "clear_failure_count": 2
  },
  "actual_problem": 3
}
RUN_FOLDER C:\Users\LENOVO\Desktop\CUMCM2026Problems\解题库\演练调试\results\20260913_040102_677321_p3_FastScanP3

本局结束：清除10个；虚拟耗时3149.86秒。
模拟器确认：10/10。
完整结果：C:\Users\LENOVO\Desktop\CUMCM2026Problems\解题库\演练调试\results\20260913_040102_677321_p3_FastScanP3
